interactions:
- request:
    body: null
    headers:
      Accept:
      - '*/*'
      Accept-Encoding:
      - gzip, deflate
      Connection:
      - keep-alive
    method: GET
    uri: https://www.googleapis.com/storage/v1/b/?project=test_project
  response:
    body:
      string: "{\n  \"kind\": \"storage#buckets\",\n  \"items\": [\n    {\n      \"kind\":
        \"storage#bucket\",\n      \"id\": \"anaconda-enterprise\",\n      \"selfLink\":
        \"https://www.googleapis.com/storage/v1/b/anaconda-enterprise\",\n      \"projectNumber\":
        \"586241054156\",\n      \"name\": \"anaconda-enterprise\",\n      \"metageneration\":
        \"3\",\n      \"location\": \"US\",\n      \"storageClass\": \"MULTI_REGIONAL\",\n
        \     \"etag\": \"CAM=\",\n      \"locationType\": \"multi-region\",\n      \"timeCreated\":
        \"2017-07-05T23:53:06.552Z\",\n      \"updated\": \"2017-07-14T17:39:54.178Z\"\n
        \   },\n    {\n      \"kind\": \"storage#bucket\",\n      \"id\": \"anaconda-public-data\",\n
        \     \"selfLink\": \"https://www.googleapis.com/storage/v1/b/anaconda-public-data\",\n
        \     \"projectNumber\": \"586241054156\",\n      \"name\": \"anaconda-public-data\",\n
        \     \"metageneration\": \"2\",\n      \"location\": \"US\",\n      \"storageClass\":
        \"MULTI_REGIONAL\",\n      \"etag\": \"CAI=\",\n      \"locationType\": \"multi-region\",\n
        \     \"timeCreated\": \"2017-04-05T20:22:12.865Z\",\n      \"updated\": \"2017-07-10T16:32:07.980Z\"\n
        \   },\n    {\n      \"kind\": \"storage#bucket\",\n      \"id\": \"artifacts.test_project.appspot.com\",\n
        \     \"selfLink\": \"https://www.googleapis.com/storage/v1/b/artifacts.test_project.appspot.com\",\n
        \     \"projectNumber\": \"586241054156\",\n      \"name\": \"artifacts.test_project.appspot.com\",\n
        \     \"metageneration\": \"3\",\n      \"location\": \"US\",\n      \"storageClass\":
        \"STANDARD\",\n      \"etag\": \"CAM=\",\n      \"locationType\": \"multi-region\",\n
        \     \"timeCreated\": \"2016-05-17T18:29:22.774Z\",\n      \"updated\": \"2018-10-29T22:44:41.802Z\"\n
        \   },\n    {\n      \"kind\": \"storage#bucket\",\n      \"id\": \"test_project_cloudbuild\",\n
        \     \"selfLink\": \"https://www.googleapis.com/storage/v1/b/test_project_cloudbuild\",\n
        \     \"projectNumber\": \"586241054156\",\n      \"name\": \"test_project_cloudbuild\",\n
        \     \"metageneration\": \"1\",\n      \"location\": \"US\",\n      \"storageClass\":
        \"STANDARD\",\n      \"etag\": \"CAE=\",\n      \"locationType\": \"multi-region\",\n
        \     \"timeCreated\": \"2017-11-03T20:06:49.744Z\",\n      \"updated\": \"2017-11-03T20:06:49.744Z\"\n
        \   },\n    {\n      \"kind\": \"storage#bucket\",\n      \"id\": \"dataflow-anaconda-compute\",\n
        \     \"selfLink\": \"https://www.googleapis.com/storage/v1/b/dataflow-anaconda-compute\",\n
        \     \"projectNumber\": \"586241054156\",\n      \"name\": \"dataflow-anaconda-compute\",\n
        \     \"metageneration\": \"1\",\n      \"location\": \"US\",\n      \"storageClass\":
        \"MULTI_REGIONAL\",\n      \"etag\": \"CAE=\",\n      \"locationType\": \"multi-region\",\n
        \     \"timeCreated\": \"2017-09-14T18:55:42.848Z\",\n      \"updated\": \"2017-09-14T18:55:42.848Z\"\n
        \   },\n    {\n      \"kind\": \"storage#bucket\",\n      \"id\": \"gcsfs-testing\",\n
        \     \"selfLink\": \"https://www.googleapis.com/storage/v1/b/gcsfs-testing\",\n
        \     \"projectNumber\": \"586241054156\",\n      \"name\": \"gcsfs-testing\",\n
        \     \"metageneration\": \"1\",\n      \"location\": \"US\",\n      \"storageClass\":
        \"MULTI_REGIONAL\",\n      \"etag\": \"CAE=\",\n      \"iamConfiguration\":
        {\n        \"bucketPolicyOnly\": {\n          \"enabled\": true,\n          \"lockedTime\":
        \"2019-09-26T20:15:57.944Z\"\n        },\n        \"uniformBucketLevelAccess\":
        {\n          \"enabled\": true,\n          \"lockedTime\": \"2019-09-26T20:15:57.944Z\"\n
        \       }\n      },\n      \"locationType\": \"multi-region\",\n      \"timeCreated\":
        \"2019-06-28T20:15:57.944Z\",\n      \"updated\": \"2019-06-28T20:15:57.944Z\"\n
        \   },\n    {\n      \"kind\": \"storage#bucket\",\n      \"id\": \"gcsfs-testing2\",\n
        \     \"selfLink\": \"https://www.googleapis.com/storage/v1/b/gcsfs-testing2\",\n
        \     \"projectNumber\": \"586241054156\",\n      \"name\": \"gcsfs-testing2\",\n
        \     \"metageneration\": \"1\",\n      \"location\": \"US\",\n      \"storageClass\":
        \"STANDARD\",\n      \"etag\": \"CAE=\",\n      \"iamConfiguration\": {\n
        \       \"bucketPolicyOnly\": {\n          \"enabled\": false\n        },\n
        \       \"uniformBucketLevelAccess\": {\n          \"enabled\": false\n        }\n
        \     },\n      \"locationType\": \"multi-region\",\n      \"timeCreated\":
        \"2019-06-29T02:18:56.542Z\",\n      \"updated\": \"2019-06-29T02:18:56.542Z\"\n
        \   },\n    {\n      \"kind\": \"storage#bucket\",\n      \"id\": \"gcsfs-testing3\",\n
        \     \"selfLink\": \"https://www.googleapis.com/storage/v1/b/gcsfs-testing3\",\n
        \     \"projectNumber\": \"586241054156\",\n      \"name\": \"gcsfs-testing3\",\n
        \     \"metageneration\": \"1\",\n      \"location\": \"US\",\n      \"storageClass\":
        \"STANDARD\",\n      \"etag\": \"CAE=\",\n      \"iamConfiguration\": {\n
        \       \"bucketPolicyOnly\": {\n          \"enabled\": false\n        },\n
        \       \"uniformBucketLevelAccess\": {\n          \"enabled\": false\n        }\n
        \     },\n      \"locationType\": \"multi-region\",\n      \"timeCreated\":
        \"2019-06-28T20:14:01.241Z\",\n      \"updated\": \"2019-06-28T20:14:01.241Z\"\n
        \   },\n    {\n      \"kind\": \"storage#bucket\",\n      \"id\": \"kubeflow-anaconda-test\",\n
        \     \"selfLink\": \"https://www.googleapis.com/storage/v1/b/kubeflow-anaconda-test\",\n
        \     \"projectNumber\": \"586241054156\",\n      \"name\": \"kubeflow-anaconda-test\",\n
        \     \"metageneration\": \"1\",\n      \"location\": \"US\",\n      \"storageClass\":
        \"MULTI_REGIONAL\",\n      \"etag\": \"CAE=\",\n      \"iamConfiguration\":
        {\n        \"bucketPolicyOnly\": {\n          \"enabled\": false\n        },\n
        \       \"uniformBucketLevelAccess\": {\n          \"enabled\": false\n        }\n
        \     },\n      \"locationType\": \"multi-region\",\n      \"timeCreated\":
        \"2018-11-12T18:18:30.094Z\",\n      \"updated\": \"2018-11-12T18:18:30.094Z\"\n
        \   },\n    {\n      \"kind\": \"storage#bucket\",\n      \"id\": \"mdtemp\",\n
        \     \"selfLink\": \"https://www.googleapis.com/storage/v1/b/mdtemp\",\n
        \     \"projectNumber\": \"586241054156\",\n      \"name\": \"mdtemp\",\n
        \     \"metageneration\": \"2\",\n      \"location\": \"US\",\n      \"storageClass\":
        \"STANDARD\",\n      \"etag\": \"CAI=\",\n      \"iamConfiguration\": {\n
        \       \"bucketPolicyOnly\": {\n          \"enabled\": false\n        },\n
        \       \"uniformBucketLevelAccess\": {\n          \"enabled\": false\n        }\n
        \     },\n      \"locationType\": \"multi-region\",\n      \"timeCreated\":
        \"2018-04-10T01:17:29.182Z\",\n      \"updated\": \"2018-05-10T16:59:01.351Z\"\n
        \   }\n  ]\n}\n"
    headers:
      Cache-Control:
      - private, max-age=0, must-revalidate, no-transform
      Content-Length:
      - '5872'
      Content-Type:
      - application/json; charset=UTF-8
      Server:
      - UploadServer
      Vary:
      - Origin
      - X-Origin
    status:
      code: 200
      message: OK
- request:
    body: '{"name": "gcsfs-testing"}'
    headers:
      Accept:
      - '*/*'
      Accept-Encoding:
      - gzip, deflate
      Connection:
      - keep-alive
      Content-Length:
      - '24'
      Content-Type:
      - application/json
    method: POST
    uri: https://www.googleapis.com/storage/v1/b/?predefinedAcl=publicReadWrite&predefinedDefaultObjectAcl=authenticatedread&project=test_project
  response:
    body:
      string: "{\n \"error\": {\n  \"errors\": [\n   {\n    \"domain\": \"global\",\n
        \   \"reason\": \"conflict\",\n    \"message\": \"You already own this bucket.
        Please select another name.\"\n   }\n  ],\n  \"code\": 409,\n  \"message\":
        \"You already own this bucket. Please select another name.\"\n }\n}\n"
    headers:
      Content-Length:
      - '259'
      Content-Type:
      - application/json; charset=UTF-8
      Server:
      - UploadServer
      Vary:
      - Origin
      - X-Origin
    status:
      code: 409
      message: Conflict
- request:
    body: null
    headers:
      Accept:
      - '*/*'
      Accept-Encoding:
      - gzip, deflate
      Connection:
      - keep-alive
      Content-Length:
      - '0'
    method: DELETE
    uri: https://www.googleapis.com/storage/v1/b/gcsfs-testing/o/tmp%2Ftest%2Fa
  response:
    body:
      string: "{\n  \"error\": {\n    \"code\": 404,\n    \"message\": \"No such object:
        gcsfs-testing/tmp/test/a\",\n    \"errors\": [\n      {\n        \"message\":
        \"No such object: gcsfs-testing/tmp/test/a\",\n        \"domain\": \"global\",\n
        \       \"reason\": \"notFound\"\n      }\n    ]\n  }\n}\n"
    headers:
      Cache-Control:
      - no-cache, no-store, max-age=0, must-revalidate
      Content-Length:
      - '253'
      Content-Type:
      - application/json; charset=UTF-8
      Pragma:
      - no-cache
      Server:
      - UploadServer
      Vary:
      - Origin
      - X-Origin
    status:
      code: 404
      message: Not Found
- request:
    body: null
    headers:
      Accept:
      - '*/*'
      Accept-Encoding:
      - gzip, deflate
      Connection:
      - keep-alive
      Content-Length:
      - '0'
    method: DELETE
    uri: https://www.googleapis.com/storage/v1/b/gcsfs-testing/o/tmp%2Ftest%2Fb
  response:
    body:
      string: "{\n  \"error\": {\n    \"code\": 404,\n    \"message\": \"No such object:
        gcsfs-testing/tmp/test/b\",\n    \"errors\": [\n      {\n        \"message\":
        \"No such object: gcsfs-testing/tmp/test/b\",\n        \"domain\": \"global\",\n
        \       \"reason\": \"notFound\"\n      }\n    ]\n  }\n}\n"
    headers:
      Cache-Control:
      - no-cache, no-store, max-age=0, must-revalidate
      Content-Length:
      - '253'
      Content-Type:
      - application/json; charset=UTF-8
      Pragma:
      - no-cache
      Server:
      - UploadServer
      Vary:
      - Origin
      - X-Origin
    status:
      code: 404
      message: Not Found
- request:
    body: null
    headers:
      Accept:
      - '*/*'
      Accept-Encoding:
      - gzip, deflate
      Connection:
      - keep-alive
      Content-Length:
      - '0'
    method: DELETE
    uri: https://www.googleapis.com/storage/v1/b/gcsfs-testing/o/tmp%2Ftest%2Fc
  response:
    body:
      string: "{\n  \"error\": {\n    \"code\": 404,\n    \"message\": \"No such object:
        gcsfs-testing/tmp/test/c\",\n    \"errors\": [\n      {\n        \"message\":
        \"No such object: gcsfs-testing/tmp/test/c\",\n        \"domain\": \"global\",\n
        \       \"reason\": \"notFound\"\n      }\n    ]\n  }\n}\n"
    headers:
      Cache-Control:
      - no-cache, no-store, max-age=0, must-revalidate
      Content-Length:
      - '253'
      Content-Type:
      - application/json; charset=UTF-8
      Pragma:
      - no-cache
      Server:
      - UploadServer
      Vary:
      - Origin
      - X-Origin
    status:
      code: 404
      message: Not Found
- request:
    body: null
    headers:
      Accept:
      - '*/*'
      Accept-Encoding:
      - gzip, deflate
      Connection:
      - keep-alive
      Content-Length:
      - '0'
    method: DELETE
    uri: https://www.googleapis.com/storage/v1/b/gcsfs-testing/o/tmp%2Ftest%2Fd
  response:
    body:
      string: "{\n  \"error\": {\n    \"code\": 404,\n    \"message\": \"No such object:
        gcsfs-testing/tmp/test/d\",\n    \"errors\": [\n      {\n        \"message\":
        \"No such object: gcsfs-testing/tmp/test/d\",\n        \"domain\": \"global\",\n
        \       \"reason\": \"notFound\"\n      }\n    ]\n  }\n}\n"
    headers:
      Cache-Control:
      - no-cache, no-store, max-age=0, must-revalidate
      Content-Length:
      - '253'
      Content-Type:
      - application/json; charset=UTF-8
      Pragma:
      - no-cache
      Server:
      - UploadServer
      Vary:
      - Origin
      - X-Origin
    status:
      code: 404
      message: Not Found
- request:
    body: '{"name": "mapping/x", "metadata": null}'
    headers:
      Accept:
      - '*/*'
      Accept-Encoding:
      - gzip, deflate
      Connection:
      - keep-alive
      Content-Length:
      - '39'
      Content-Type:
      - application/json
    method: POST
    uri: https://www.googleapis.com/upload/storage/v1/b/gcsfs-testing/o?uploadType=resumable
  response:
    body:
      string: ''
    headers:
      Cache-Control:
      - no-cache, no-store, max-age=0, must-revalidate
      Content-Length:
      - '0'
      Content-Type:
      - text/plain; charset=utf-8
      Location:
      - https://www.googleapis.com/upload/storage/v1/b/gcsfs-testing/o?uploadType=resumable&upload_id=AEnB2UpsTxCD0OmvvfVZtdupT8564uYnkL3xhfH-zq1XUyDBCj61DGmYQvVoZITMA9CZ6xJItICdRp48_nsNK6lww8d_BKgDJA
      Pragma:
      - no-cache
      Server:
      - UploadServer
      Vary:
      - Origin
      - X-Origin
    status:
      code: 200
      message: OK
- request:
    body: '1234567890'
    headers:
      Accept:
      - '*/*'
      Accept-Encoding:
      - gzip, deflate
      Connection:
      - keep-alive
      Content-Length:
      - '10'
      Content-Range:
      - bytes 0-9/10
      Content-Type:
      - application/octet-stream
    method: POST
    uri: https://www.googleapis.com/upload/storage/v1/b/gcsfs-testing/o?uploadType=resumable&uploadType=resumable&upload_id=AEnB2UpsTxCD0OmvvfVZtdupT8564uYnkL3xhfH-zq1XUyDBCj61DGmYQvVoZITMA9CZ6xJItICdRp48_nsNK6lww8d_BKgDJA
  response:
    body:
      string: "{\n \"kind\": \"storage#object\",\n \"id\": \"gcsfs-testing/mapping/x/1573073381998993\",\n
        \"selfLink\": \"https://www.googleapis.com/storage/v1/b/gcsfs-testing/o/mapping%2Fx\",\n
        \"name\": \"mapping/x\",\n \"bucket\": \"gcsfs-testing\",\n \"generation\":
        \"1573073381998993\",\n \"metageneration\": \"1\",\n \"timeCreated\": \"2019-11-06T20:49:41.998Z\",\n
        \"updated\": \"2019-11-06T20:49:41.998Z\",\n \"storageClass\": \"MULTI_REGIONAL\",\n
        \"timeStorageClassUpdated\": \"2019-11-06T20:49:41.998Z\",\n \"size\": \"10\",\n
        \"md5Hash\": \"6Afx/PgtEy+bsBjKZzihnw==\",\n \"mediaLink\": \"https://www.googleapis.com/download/storage/v1/b/gcsfs-testing/o/mapping%2Fx?generation=1573073381998993&alt=media\",\n
        \"crc32c\": \"89vU/g==\",\n \"etag\": \"CJGDj4G71uUCEAE=\"\n}\n"
    headers:
      Cache-Control:
      - no-cache, no-store, max-age=0, must-revalidate
      Content-Length:
      - '684'
      Content-Type:
      - application/json; charset=UTF-8
      ETag:
      - CJGDj4G71uUCEAE=
      Pragma:
      - no-cache
      Server:
      - UploadServer
      Vary:
      - Origin
      - X-Origin
    status:
      code: 200
      message: OK
- request:
    body: null
    headers:
      Accept:
      - '*/*'
      Accept-Encoding:
      - gzip, deflate
      Connection:
      - keep-alive
    method: GET
    uri: https://www.googleapis.com/storage/v1/b/gcsfs-testing/o/?delimiter=%2F&prefix=mapping
  response:
    body:
      string: "{\n  \"kind\": \"storage#objects\",\n  \"prefixes\": [\n    \"mapping/\"\n
        \ ]\n}\n"
    headers:
      Cache-Control:
      - private, max-age=0, must-revalidate, no-transform
      Content-Length:
      - '68'
      Content-Type:
      - application/json; charset=UTF-8
      Server:
      - UploadServer
      Vary:
      - Origin
      - X-Origin
    status:
      code: 200
      message: OK
- request:
    body: null
    headers:
      Accept:
      - '*/*'
      Accept-Encoding:
      - gzip, deflate
      Connection:
      - keep-alive
    method: GET
    uri: https://www.googleapis.com/storage/v1/b/gcsfs-testing/o/?delimiter=%2F&prefix=mapping%2F
  response:
    body:
      string: "{\n  \"kind\": \"storage#objects\",\n  \"items\": [\n    {\n      \"kind\":
        \"storage#object\",\n      \"id\": \"gcsfs-testing/mapping/x/1573073381998993\",\n
        \     \"selfLink\": \"https://www.googleapis.com/storage/v1/b/gcsfs-testing/o/mapping%2Fx\",\n
        \     \"name\": \"mapping/x\",\n      \"bucket\": \"gcsfs-testing\",\n      \"generation\":
        \"1573073381998993\",\n      \"metageneration\": \"1\",\n      \"storageClass\":
        \"MULTI_REGIONAL\",\n      \"size\": \"10\",\n      \"md5Hash\": \"6Afx/PgtEy+bsBjKZzihnw==\",\n
        \     \"mediaLink\": \"https://www.googleapis.com/download/storage/v1/b/gcsfs-testing/o/mapping%2Fx?generation=1573073381998993&alt=media\",\n
        \     \"crc32c\": \"89vU/g==\",\n      \"etag\": \"CJGDj4G71uUCEAE=\",\n      \"timeCreated\":
        \"2019-11-06T20:49:41.998Z\",\n      \"updated\": \"2019-11-06T20:49:41.998Z\",\n
        \     \"timeStorageClassUpdated\": \"2019-11-06T20:49:41.998Z\"\n    }\n  ]\n}\n"
    headers:
      Cache-Control:
      - private, max-age=0, must-revalidate, no-transform
      Content-Length:
      - '822'
      Content-Type:
      - application/json; charset=UTF-8
      Server:
      - UploadServer
      Vary:
      - Origin
      - X-Origin
    status:
      code: 200
      message: OK
- request:
    body: null
    headers:
      Accept:
      - '*/*'
      Accept-Encoding:
      - gzip, deflate
      Connection:
      - keep-alive
    method: GET
    uri: https://www.googleapis.com/storage/v1/b/gcsfs-testing/o/?delimiter=%2F
  response:
    body:
      string: "{\n  \"kind\": \"storage#objects\",\n  \"prefixes\": [\n    \"mapping/\"\n
        \ ]\n}\n"
    headers:
      Cache-Control:
      - private, max-age=0, must-revalidate, no-transform
      Content-Length:
      - '68'
      Content-Type:
      - application/json; charset=UTF-8
      Server:
      - UploadServer
      Vary:
      - Origin
      - X-Origin
    status:
      code: 200
      message: OK
- request:
    body: null
    headers:
      Accept:
      - '*/*'
      Accept-Encoding:
      - gzip, deflate
      Connection:
      - keep-alive
    method: GET
    uri: https://www.googleapis.com/download/storage/v1/b/gcsfs-testing/o/mapping%2Fx?alt=media
  response:
    body:
      string: '1234567890'
    headers:
      Cache-Control:
      - no-cache, no-store, max-age=0, must-revalidate
      Content-Disposition:
      - attachment
      Content-Length:
      - '10'
      Content-Type:
      - application/octet-stream
      ETag:
      - CJGDj4G71uUCEAE=
      Pragma:
      - no-cache
      Server:
      - UploadServer
      Vary:
      - Origin
      - X-Origin
      X-Goog-Generation:
      - '1573073381998993'
      X-Goog-Hash:
      - crc32c=89vU/g==,md5=6Afx/PgtEy+bsBjKZzihnw==
      X-Goog-Metageneration:
      - '1'
      X-Goog-Storage-Class:
      - MULTI_REGIONAL
    status:
      code: 200
      message: OK
- request:
    body: null
    headers:
      Accept:
      - '*/*'
      Accept-Encoding:
      - gzip, deflate
      Connection:
      - keep-alive
      Content-Length:
      - '0'
    method: DELETE
    uri: https://www.googleapis.com/storage/v1/b/gcsfs-testing/o/mapping%2Fx
  response:
    body:
      string: ''
    headers:
      Cache-Control:
      - no-cache, no-store, max-age=0, must-revalidate
      Content-Length:
      - '0'
      Content-Type:
      - application/json
      Pragma:
      - no-cache
      Server:
      - UploadServer
      Vary:
      - Origin
      - X-Origin
    status:
      code: 204
      message: No Content
version: 1
