interactions:
- request:
    body: '{"name": "gcsfs-testing"}'
    headers:
      Accept:
      - '*/*'
      Accept-Encoding:
      - gzip, deflate
      Connection:
      - keep-alive
      Content-Length:
      - '24'
      Content-Type:
      - application/json
    method: POST
    uri: https://www.googleapis.com/storage/v1/b/?predefinedAcl=publicReadWrite&predefinedDefaultObjectAcl=authenticatedread&project=test_project
  response:
    body:
      string: "{\n \"error\": {\n  \"errors\": [\n   {\n    \"domain\": \"global\",\n
        \   \"reason\": \"conflict\",\n    \"message\": \"You already own this bucket.
        Please select another name.\"\n   }\n  ],\n  \"code\": 409,\n  \"message\":
        \"You already own this bucket. Please select another name.\"\n }\n}\n"
    headers:
      Content-Length:
      - '259'
      Content-Type:
      - application/json; charset=UTF-8
      Server:
      - UploadServer
      Vary:
      - Origin
      - X-Origin
    status:
      code: 409
      message: Conflict
- request:
    body: null
    headers:
      Accept:
      - '*/*'
      Accept-Encoding:
      - gzip, deflate
      Connection:
      - keep-alive
      Content-Length:
      - '0'
    method: DELETE
    uri: https://www.googleapis.com/storage/v1/b/gcsfs-testing/o/tmp%2Ftest%2Fa
  response:
    body:
      string: "{\n  \"error\": {\n    \"code\": 404,\n    \"message\": \"No such object:
        gcsfs-testing/tmp/test/a\",\n    \"errors\": [\n      {\n        \"message\":
        \"No such object: gcsfs-testing/tmp/test/a\",\n        \"domain\": \"global\",\n
        \       \"reason\": \"notFound\"\n      }\n    ]\n  }\n}\n"
    headers:
      Cache-Control:
      - no-cache, no-store, max-age=0, must-revalidate
      Content-Length:
      - '253'
      Content-Type:
      - application/json; charset=UTF-8
      Pragma:
      - no-cache
      Server:
      - UploadServer
      Vary:
      - Origin
      - X-Origin
    status:
      code: 404
      message: Not Found
- request:
    body: null
    headers:
      Accept:
      - '*/*'
      Accept-Encoding:
      - gzip, deflate
      Connection:
      - keep-alive
      Content-Length:
      - '0'
    method: DELETE
    uri: https://www.googleapis.com/storage/v1/b/gcsfs-testing/o/tmp%2Ftest%2Fb
  response:
    body:
      string: "{\n  \"error\": {\n    \"code\": 404,\n    \"message\": \"No such object:
        gcsfs-testing/tmp/test/b\",\n    \"errors\": [\n      {\n        \"message\":
        \"No such object: gcsfs-testing/tmp/test/b\",\n        \"domain\": \"global\",\n
        \       \"reason\": \"notFound\"\n      }\n    ]\n  }\n}\n"
    headers:
      Cache-Control:
      - no-cache, no-store, max-age=0, must-revalidate
      Content-Length:
      - '253'
      Content-Type:
      - application/json; charset=UTF-8
      Pragma:
      - no-cache
      Server:
      - UploadServer
      Vary:
      - Origin
      - X-Origin
    status:
      code: 404
      message: Not Found
- request:
    body: null
    headers:
      Accept:
      - '*/*'
      Accept-Encoding:
      - gzip, deflate
      Connection:
      - keep-alive
      Content-Length:
      - '0'
    method: DELETE
    uri: https://www.googleapis.com/storage/v1/b/gcsfs-testing/o/tmp%2Ftest%2Fc
  response:
    body:
      string: "{\n  \"error\": {\n    \"code\": 404,\n    \"message\": \"No such object:
        gcsfs-testing/tmp/test/c\",\n    \"errors\": [\n      {\n        \"message\":
        \"No such object: gcsfs-testing/tmp/test/c\",\n        \"domain\": \"global\",\n
        \       \"reason\": \"notFound\"\n      }\n    ]\n  }\n}\n"
    headers:
      Cache-Control:
      - no-cache, no-store, max-age=0, must-revalidate
      Content-Length:
      - '253'
      Content-Type:
      - application/json; charset=UTF-8
      Pragma:
      - no-cache
      Server:
      - UploadServer
      Vary:
      - Origin
      - X-Origin
    status:
      code: 404
      message: Not Found
- request:
    body: null
    headers:
      Accept:
      - '*/*'
      Accept-Encoding:
      - gzip, deflate
      Connection:
      - keep-alive
      Content-Length:
      - '0'
    method: DELETE
    uri: https://www.googleapis.com/storage/v1/b/gcsfs-testing/o/tmp%2Ftest%2Fd
  response:
    body:
      string: "{\n  \"error\": {\n    \"code\": 404,\n    \"message\": \"No such object:
        gcsfs-testing/tmp/test/d\",\n    \"errors\": [\n      {\n        \"message\":
        \"No such object: gcsfs-testing/tmp/test/d\",\n        \"domain\": \"global\",\n
        \       \"reason\": \"notFound\"\n      }\n    ]\n  }\n}\n"
    headers:
      Cache-Control:
      - no-cache, no-store, max-age=0, must-revalidate
      Content-Length:
      - '253'
      Content-Type:
      - application/json; charset=UTF-8
      Pragma:
      - no-cache
      Server:
      - UploadServer
      Vary:
      - Origin
      - X-Origin
    status:
      code: 404
      message: Not Found
- request:
    body: '{"name": "test/accounts.1.json", "metadata": null}'
    headers:
      Accept:
      - '*/*'
      Accept-Encoding:
      - gzip, deflate
      Connection:
      - keep-alive
      Content-Length:
      - '50'
      Content-Type:
      - application/json
    method: POST
    uri: https://www.googleapis.com/upload/storage/v1/b/gcsfs-testing/o?uploadType=resumable
  response:
    body:
      string: ''
    headers:
      Cache-Control:
      - no-cache, no-store, max-age=0, must-revalidate
      Content-Length:
      - '0'
      Content-Type:
      - text/plain; charset=utf-8
      Location:
      - https://www.googleapis.com/upload/storage/v1/b/gcsfs-testing/o?uploadType=resumable&upload_id=AEnB2UppqFN471GNb6i6tS_dWU1qyBrTNm9jPJfBv_BO-T9W9XoIvtyjeCrmtCTwJOzw3Ot9A0-ZHkUoqtid0PdJ9h4B4qW9ng
      Pragma:
      - no-cache
      Server:
      - UploadServer
      Vary:
      - Origin
      - X-Origin
    status:
      code: 200
      message: OK
- request:
    body: '{"amount": 100, "name": "Alice"}

      {"amount": 200, "name": "Bob"}

      {"amount": 300, "name": "Charlie"}

      {"amount": 400, "name": "Dennis"}

'
    headers:
      Accept:
      - '*/*'
      Accept-Encoding:
      - gzip, deflate
      Connection:
      - keep-alive
      Content-Length:
      - '133'
      Content-Range:
      - bytes 0-132/133
      Content-Type:
      - application/octet-stream
    method: POST
    uri: https://www.googleapis.com/upload/storage/v1/b/gcsfs-testing/o?uploadType=resumable&uploadType=resumable&upload_id=AEnB2UppqFN471GNb6i6tS_dWU1qyBrTNm9jPJfBv_BO-T9W9XoIvtyjeCrmtCTwJOzw3Ot9A0-ZHkUoqtid0PdJ9h4B4qW9ng
  response:
    body:
      string: "{\n \"kind\": \"storage#object\",\n \"id\": \"gcsfs-testing/test/accounts.1.json/1573073290202105\",\n
        \"selfLink\": \"https://www.googleapis.com/storage/v1/b/gcsfs-testing/o/test%2Faccounts.1.json\",\n
        \"name\": \"test/accounts.1.json\",\n \"bucket\": \"gcsfs-testing\",\n \"generation\":
        \"1573073290202105\",\n \"metageneration\": \"1\",\n \"timeCreated\": \"2019-11-06T20:48:10.201Z\",\n
        \"updated\": \"2019-11-06T20:48:10.201Z\",\n \"storageClass\": \"MULTI_REGIONAL\",\n
        \"timeStorageClassUpdated\": \"2019-11-06T20:48:10.201Z\",\n \"size\": \"133\",\n
        \"md5Hash\": \"xK7pmJz/Oj5HGIyfQpYTig==\",\n \"mediaLink\": \"https://www.googleapis.com/download/storage/v1/b/gcsfs-testing/o/test%2Faccounts.1.json?generation=1573073290202105&alt=media\",\n
        \"crc32c\": \"6wJAgQ==\",\n \"etag\": \"CPmXrNW61uUCEAE=\"\n}\n"
    headers:
      Cache-Control:
      - no-cache, no-store, max-age=0, must-revalidate
      Content-Length:
      - '729'
      Content-Type:
      - application/json; charset=UTF-8
      ETag:
      - CPmXrNW61uUCEAE=
      Pragma:
      - no-cache
      Server:
      - UploadServer
      Vary:
      - Origin
      - X-Origin
    status:
      code: 200
      message: OK
- request:
    body: '{"name": "test/accounts.2.json", "metadata": null}'
    headers:
      Accept:
      - '*/*'
      Accept-Encoding:
      - gzip, deflate
      Connection:
      - keep-alive
      Content-Length:
      - '50'
      Content-Type:
      - application/json
    method: POST
    uri: https://www.googleapis.com/upload/storage/v1/b/gcsfs-testing/o?uploadType=resumable
  response:
    body:
      string: ''
    headers:
      Cache-Control:
      - no-cache, no-store, max-age=0, must-revalidate
      Content-Length:
      - '0'
      Content-Type:
      - text/plain; charset=utf-8
      Location:
      - https://www.googleapis.com/upload/storage/v1/b/gcsfs-testing/o?uploadType=resumable&upload_id=AEnB2UqRxMZupYNHw8D2UhU_6fspX0ReYvUpuJbuh078Ws1k7xkSPjnf7X-raVII1R9Wlus6-lIU24crpNhIwv9pyQVEGuikwQ
      Pragma:
      - no-cache
      Server:
      - UploadServer
      Vary:
      - Origin
      - X-Origin
    status:
      code: 200
      message: OK
- request:
    body: '{"amount": 500, "name": "Alice"}

      {"amount": 600, "name": "Bob"}

      {"amount": 700, "name": "Charlie"}

      {"amount": 800, "name": "Dennis"}

'
    headers:
      Accept:
      - '*/*'
      Accept-Encoding:
      - gzip, deflate
      Connection:
      - keep-alive
      Content-Length:
      - '133'
      Content-Range:
      - bytes 0-132/133
      Content-Type:
      - application/octet-stream
    method: POST
    uri: https://www.googleapis.com/upload/storage/v1/b/gcsfs-testing/o?uploadType=resumable&uploadType=resumable&upload_id=AEnB2UqRxMZupYNHw8D2UhU_6fspX0ReYvUpuJbuh078Ws1k7xkSPjnf7X-raVII1R9Wlus6-lIU24crpNhIwv9pyQVEGuikwQ
  response:
    body:
      string: "{\n \"kind\": \"storage#object\",\n \"id\": \"gcsfs-testing/test/accounts.2.json/1573073290905536\",\n
        \"selfLink\": \"https://www.googleapis.com/storage/v1/b/gcsfs-testing/o/test%2Faccounts.2.json\",\n
        \"name\": \"test/accounts.2.json\",\n \"bucket\": \"gcsfs-testing\",\n \"generation\":
        \"1573073290905536\",\n \"metageneration\": \"1\",\n \"timeCreated\": \"2019-11-06T20:48:10.905Z\",\n
        \"updated\": \"2019-11-06T20:48:10.905Z\",\n \"storageClass\": \"MULTI_REGIONAL\",\n
        \"timeStorageClassUpdated\": \"2019-11-06T20:48:10.905Z\",\n \"size\": \"133\",\n
        \"md5Hash\": \"bjhC5OCrzKV+8MGMCF2BQA==\",\n \"mediaLink\": \"https://www.googleapis.com/download/storage/v1/b/gcsfs-testing/o/test%2Faccounts.2.json?generation=1573073290905536&alt=media\",\n
        \"crc32c\": \"Su+F+g==\",\n \"etag\": \"CMCP19W61uUCEAE=\"\n}\n"
    headers:
      Cache-Control:
      - no-cache, no-store, max-age=0, must-revalidate
      Content-Length:
      - '729'
      Content-Type:
      - application/json; charset=UTF-8
      ETag:
      - CMCP19W61uUCEAE=
      Pragma:
      - no-cache
      Server:
      - UploadServer
      Vary:
      - Origin
      - X-Origin
    status:
      code: 200
      message: OK
- request:
    body: '{"name": "2014-01-01.csv", "metadata": null}'
    headers:
      Accept:
      - '*/*'
      Accept-Encoding:
      - gzip, deflate
      Connection:
      - keep-alive
      Content-Length:
      - '44'
      Content-Type:
      - application/json
    method: POST
    uri: https://www.googleapis.com/upload/storage/v1/b/gcsfs-testing/o?uploadType=resumable
  response:
    body:
      string: ''
    headers:
      Cache-Control:
      - no-cache, no-store, max-age=0, must-revalidate
      Content-Length:
      - '0'
      Content-Type:
      - text/plain; charset=utf-8
      Location:
      - https://www.googleapis.com/upload/storage/v1/b/gcsfs-testing/o?uploadType=resumable&upload_id=AEnB2Uq20wUKl1c2PBe8uY1V8UcDoPjs4IyMWhlR1aNpPBzXVX4Qt9gK5DqYoTkbSePenEk7DzXqWNWZFnzoSUj3kOgdkiCoAw
      Pragma:
      - no-cache
      Server:
      - UploadServer
      Vary:
      - Origin
      - X-Origin
    status:
      code: 200
      message: OK
- request:
    body: 'name,amount,id

      Alice,100,1

      Bob,200,2

      Charlie,300,3

'
    headers:
      Accept:
      - '*/*'
      Accept-Encoding:
      - gzip, deflate
      Connection:
      - keep-alive
      Content-Length:
      - '51'
      Content-Range:
      - bytes 0-50/51
      Content-Type:
      - application/octet-stream
    method: POST
    uri: https://www.googleapis.com/upload/storage/v1/b/gcsfs-testing/o?uploadType=resumable&uploadType=resumable&upload_id=AEnB2Uq20wUKl1c2PBe8uY1V8UcDoPjs4IyMWhlR1aNpPBzXVX4Qt9gK5DqYoTkbSePenEk7DzXqWNWZFnzoSUj3kOgdkiCoAw
  response:
    body:
      string: "{\n \"kind\": \"storage#object\",\n \"id\": \"gcsfs-testing/2014-01-01.csv/1573073291673936\",\n
        \"selfLink\": \"https://www.googleapis.com/storage/v1/b/gcsfs-testing/o/2014-01-01.csv\",\n
        \"name\": \"2014-01-01.csv\",\n \"bucket\": \"gcsfs-testing\",\n \"generation\":
        \"1573073291673936\",\n \"metageneration\": \"1\",\n \"timeCreated\": \"2019-11-06T20:48:11.673Z\",\n
        \"updated\": \"2019-11-06T20:48:11.673Z\",\n \"storageClass\": \"MULTI_REGIONAL\",\n
        \"timeStorageClassUpdated\": \"2019-11-06T20:48:11.673Z\",\n \"size\": \"51\",\n
        \"md5Hash\": \"Auycd2AT7x5m8G1W0NXcuA==\",\n \"mediaLink\": \"https://www.googleapis.com/download/storage/v1/b/gcsfs-testing/o/2014-01-01.csv?generation=1573073291673936&alt=media\",\n
        \"crc32c\": \"yR1u0w==\",\n \"etag\": \"CNCChta61uUCEAE=\"\n}\n"
    headers:
      Cache-Control:
      - no-cache, no-store, max-age=0, must-revalidate
      Content-Length:
      - '700'
      Content-Type:
      - application/json; charset=UTF-8
      ETag:
      - CNCChta61uUCEAE=
      Pragma:
      - no-cache
      Server:
      - UploadServer
      Vary:
      - Origin
      - X-Origin
    status:
      code: 200
      message: OK
- request:
    body: '{"name": "2014-01-02.csv", "metadata": null}'
    headers:
      Accept:
      - '*/*'
      Accept-Encoding:
      - gzip, deflate
      Connection:
      - keep-alive
      Content-Length:
      - '44'
      Content-Type:
      - application/json
    method: POST
    uri: https://www.googleapis.com/upload/storage/v1/b/gcsfs-testing/o?uploadType=resumable
  response:
    body:
      string: ''
    headers:
      Cache-Control:
      - no-cache, no-store, max-age=0, must-revalidate
      Content-Length:
      - '0'
      Content-Type:
      - text/plain; charset=utf-8
      Location:
      - https://www.googleapis.com/upload/storage/v1/b/gcsfs-testing/o?uploadType=resumable&upload_id=AEnB2UrCjLBTJx7pKy5tBK8cI0yaULfLrwiVsIGiH6C3k1ZIt9uRgcaEUa_MqeSw-wH-GrP8vtvfmb6pg6QEy3LMa_mIjHO-cg
      Pragma:
      - no-cache
      Server:
      - UploadServer
      Vary:
      - Origin
      - X-Origin
    status:
      code: 200
      message: OK
- request:
    body: 'name,amount,id

'
    headers:
      Accept:
      - '*/*'
      Accept-Encoding:
      - gzip, deflate
      Connection:
      - keep-alive
      Content-Length:
      - '15'
      Content-Range:
      - bytes 0-14/15
      Content-Type:
      - application/octet-stream
    method: POST
    uri: https://www.googleapis.com/upload/storage/v1/b/gcsfs-testing/o?uploadType=resumable&uploadType=resumable&upload_id=AEnB2UrCjLBTJx7pKy5tBK8cI0yaULfLrwiVsIGiH6C3k1ZIt9uRgcaEUa_MqeSw-wH-GrP8vtvfmb6pg6QEy3LMa_mIjHO-cg
  response:
    body:
      string: "{\n \"kind\": \"storage#object\",\n \"id\": \"gcsfs-testing/2014-01-02.csv/1573073292664282\",\n
        \"selfLink\": \"https://www.googleapis.com/storage/v1/b/gcsfs-testing/o/2014-01-02.csv\",\n
        \"name\": \"2014-01-02.csv\",\n \"bucket\": \"gcsfs-testing\",\n \"generation\":
        \"1573073292664282\",\n \"metageneration\": \"1\",\n \"timeCreated\": \"2019-11-06T20:48:12.663Z\",\n
        \"updated\": \"2019-11-06T20:48:12.663Z\",\n \"storageClass\": \"MULTI_REGIONAL\",\n
        \"timeStorageClassUpdated\": \"2019-11-06T20:48:12.663Z\",\n \"size\": \"15\",\n
        \"md5Hash\": \"cGwL6TebGKiJzgyNBJNb6Q==\",\n \"mediaLink\": \"https://www.googleapis.com/download/storage/v1/b/gcsfs-testing/o/2014-01-02.csv?generation=1573073292664282&alt=media\",\n
        \"crc32c\": \"Mpt4QQ==\",\n \"etag\": \"CNq7wta61uUCEAE=\"\n}\n"
    headers:
      Cache-Control:
      - no-cache, no-store, max-age=0, must-revalidate
      Content-Length:
      - '700'
      Content-Type:
      - application/json; charset=UTF-8
      ETag:
      - CNq7wta61uUCEAE=
      Pragma:
      - no-cache
      Server:
      - UploadServer
      Vary:
      - Origin
      - X-Origin
    status:
      code: 200
      message: OK
- request:
    body: '{"name": "2014-01-03.csv", "metadata": null}'
    headers:
      Accept:
      - '*/*'
      Accept-Encoding:
      - gzip, deflate
      Connection:
      - keep-alive
      Content-Length:
      - '44'
      Content-Type:
      - application/json
    method: POST
    uri: https://www.googleapis.com/upload/storage/v1/b/gcsfs-testing/o?uploadType=resumable
  response:
    body:
      string: ''
    headers:
      Cache-Control:
      - no-cache, no-store, max-age=0, must-revalidate
      Content-Length:
      - '0'
      Content-Type:
      - text/plain; charset=utf-8
      Location:
      - https://www.googleapis.com/upload/storage/v1/b/gcsfs-testing/o?uploadType=resumable&upload_id=AEnB2UrsA27Fy5s-8RmpnDaVq44eZtv72RvIpAuGYAxdqTnWuEYc6lJz0wr_mx_3Ia0488ehZRq46VT5s5WOwz6-2Oj3va4rwg
      Pragma:
      - no-cache
      Server:
      - UploadServer
      Vary:
      - Origin
      - X-Origin
    status:
      code: 200
      message: OK
- request:
    body: 'name,amount,id

      Dennis,400,4

      Edith,500,5

      Frank,600,6

'
    headers:
      Accept:
      - '*/*'
      Accept-Encoding:
      - gzip, deflate
      Connection:
      - keep-alive
      Content-Length:
      - '52'
      Content-Range:
      - bytes 0-51/52
      Content-Type:
      - application/octet-stream
    method: POST
    uri: https://www.googleapis.com/upload/storage/v1/b/gcsfs-testing/o?uploadType=resumable&uploadType=resumable&upload_id=AEnB2UrsA27Fy5s-8RmpnDaVq44eZtv72RvIpAuGYAxdqTnWuEYc6lJz0wr_mx_3Ia0488ehZRq46VT5s5WOwz6-2Oj3va4rwg
  response:
    body:
      string: "{\n \"kind\": \"storage#object\",\n \"id\": \"gcsfs-testing/2014-01-03.csv/1573073293397127\",\n
        \"selfLink\": \"https://www.googleapis.com/storage/v1/b/gcsfs-testing/o/2014-01-03.csv\",\n
        \"name\": \"2014-01-03.csv\",\n \"bucket\": \"gcsfs-testing\",\n \"generation\":
        \"1573073293397127\",\n \"metageneration\": \"1\",\n \"timeCreated\": \"2019-11-06T20:48:13.396Z\",\n
        \"updated\": \"2019-11-06T20:48:13.396Z\",\n \"storageClass\": \"MULTI_REGIONAL\",\n
        \"timeStorageClassUpdated\": \"2019-11-06T20:48:13.396Z\",\n \"size\": \"52\",\n
        \"md5Hash\": \"9keZXdUu0YtMynECFSOiMg==\",\n \"mediaLink\": \"https://www.googleapis.com/download/storage/v1/b/gcsfs-testing/o/2014-01-03.csv?generation=1573073293397127&alt=media\",\n
        \"crc32c\": \"x/fq7w==\",\n \"etag\": \"CIeZ79a61uUCEAE=\"\n}\n"
    headers:
      Cache-Control:
      - no-cache, no-store, max-age=0, must-revalidate
      Content-Length:
      - '700'
      Content-Type:
      - application/json; charset=UTF-8
      ETag:
      - CIeZ79a61uUCEAE=
      Pragma:
      - no-cache
      Server:
      - UploadServer
      Vary:
      - Origin
      - X-Origin
    status:
      code: 200
      message: OK
- request:
    body: '{"name": "nested/file1", "metadata": null}'
    headers:
      Accept:
      - '*/*'
      Accept-Encoding:
      - gzip, deflate
      Connection:
      - keep-alive
      Content-Length:
      - '42'
      Content-Type:
      - application/json
    method: POST
    uri: https://www.googleapis.com/upload/storage/v1/b/gcsfs-testing/o?uploadType=resumable
  response:
    body:
      string: ''
    headers:
      Cache-Control:
      - no-cache, no-store, max-age=0, must-revalidate
      Content-Length:
      - '0'
      Content-Type:
      - text/plain; charset=utf-8
      Location:
      - https://www.googleapis.com/upload/storage/v1/b/gcsfs-testing/o?uploadType=resumable&upload_id=AEnB2UrGvHVfyPC1sUNYyXmkY_u4ou77Lqkz9vSs-UW38Skd7U0HYITQ0B99p5W0heXQ2D1JlnfuGWvl4Iu0BJfRswuBxyT43Q
      Pragma:
      - no-cache
      Server:
      - UploadServer
      Vary:
      - Origin
      - X-Origin
    status:
      code: 200
      message: OK
- request:
    body: 'hello

'
    headers:
      Accept:
      - '*/*'
      Accept-Encoding:
      - gzip, deflate
      Connection:
      - keep-alive
      Content-Length:
      - '6'
      Content-Range:
      - bytes 0-5/6
      Content-Type:
      - application/octet-stream
    method: POST
    uri: https://www.googleapis.com/upload/storage/v1/b/gcsfs-testing/o?uploadType=resumable&uploadType=resumable&upload_id=AEnB2UrGvHVfyPC1sUNYyXmkY_u4ou77Lqkz9vSs-UW38Skd7U0HYITQ0B99p5W0heXQ2D1JlnfuGWvl4Iu0BJfRswuBxyT43Q
  response:
    body:
      string: "{\n \"kind\": \"storage#object\",\n \"id\": \"gcsfs-testing/nested/file1/1573073294023535\",\n
        \"selfLink\": \"https://www.googleapis.com/storage/v1/b/gcsfs-testing/o/nested%2Ffile1\",\n
        \"name\": \"nested/file1\",\n \"bucket\": \"gcsfs-testing\",\n \"generation\":
        \"1573073294023535\",\n \"metageneration\": \"1\",\n \"timeCreated\": \"2019-11-06T20:48:14.023Z\",\n
        \"updated\": \"2019-11-06T20:48:14.023Z\",\n \"storageClass\": \"MULTI_REGIONAL\",\n
        \"timeStorageClassUpdated\": \"2019-11-06T20:48:14.023Z\",\n \"size\": \"6\",\n
        \"md5Hash\": \"sZRqySSS0jR8YjW00mERhA==\",\n \"mediaLink\": \"https://www.googleapis.com/download/storage/v1/b/gcsfs-testing/o/nested%2Ffile1?generation=1573073294023535&alt=media\",\n
        \"crc32c\": \"NT3Yvg==\",\n \"etag\": \"CO+2lde61uUCEAE=\"\n}\n"
    headers:
      Cache-Control:
      - no-cache, no-store, max-age=0, must-revalidate
      Content-Length:
      - '695'
      Content-Type:
      - application/json; charset=UTF-8
      ETag:
      - CO+2lde61uUCEAE=
      Pragma:
      - no-cache
      Server:
      - UploadServer
      Vary:
      - Origin
      - X-Origin
    status:
      code: 200
      message: OK
- request:
    body: '{"name": "nested/file2", "metadata": null}'
    headers:
      Accept:
      - '*/*'
      Accept-Encoding:
      - gzip, deflate
      Connection:
      - keep-alive
      Content-Length:
      - '42'
      Content-Type:
      - application/json
    method: POST
    uri: https://www.googleapis.com/upload/storage/v1/b/gcsfs-testing/o?uploadType=resumable
  response:
    body:
      string: ''
    headers:
      Cache-Control:
      - no-cache, no-store, max-age=0, must-revalidate
      Content-Length:
      - '0'
      Content-Type:
      - text/plain; charset=utf-8
      Location:
      - https://www.googleapis.com/upload/storage/v1/b/gcsfs-testing/o?uploadType=resumable&upload_id=AEnB2UotkLO1ozntFfNlo_BCksmZXy7C_dlY5dIuFu89FUgGLYD9Uw-vVoGnE7iy9FOUf_s_ScIkqQGOLZTXTLn6QpiSO8BhQg
      Pragma:
      - no-cache
      Server:
      - UploadServer
      Vary:
      - Origin
      - X-Origin
    status:
      code: 200
      message: OK
- request:
    body: world
    headers:
      Accept:
      - '*/*'
      Accept-Encoding:
      - gzip, deflate
      Connection:
      - keep-alive
      Content-Length:
      - '5'
      Content-Range:
      - bytes 0-4/5
      Content-Type:
      - application/octet-stream
    method: POST
    uri: https://www.googleapis.com/upload/storage/v1/b/gcsfs-testing/o?uploadType=resumable&uploadType=resumable&upload_id=AEnB2UotkLO1ozntFfNlo_BCksmZXy7C_dlY5dIuFu89FUgGLYD9Uw-vVoGnE7iy9FOUf_s_ScIkqQGOLZTXTLn6QpiSO8BhQg
  response:
    body:
      string: "{\n \"kind\": \"storage#object\",\n \"id\": \"gcsfs-testing/nested/file2/1573073294889506\",\n
        \"selfLink\": \"https://www.googleapis.com/storage/v1/b/gcsfs-testing/o/nested%2Ffile2\",\n
        \"name\": \"nested/file2\",\n \"bucket\": \"gcsfs-testing\",\n \"generation\":
        \"1573073294889506\",\n \"metageneration\": \"1\",\n \"timeCreated\": \"2019-11-06T20:48:14.889Z\",\n
        \"updated\": \"2019-11-06T20:48:14.889Z\",\n \"storageClass\": \"MULTI_REGIONAL\",\n
        \"timeStorageClassUpdated\": \"2019-11-06T20:48:14.889Z\",\n \"size\": \"5\",\n
        \"md5Hash\": \"fXkwN6B2AYZXSwKC8vQ15w==\",\n \"mediaLink\": \"https://www.googleapis.com/download/storage/v1/b/gcsfs-testing/o/nested%2Ffile2?generation=1573073294889506&alt=media\",\n
        \"crc32c\": \"MaqBTg==\",\n \"etag\": \"CKKkyte61uUCEAE=\"\n}\n"
    headers:
      Cache-Control:
      - no-cache, no-store, max-age=0, must-revalidate
      Content-Length:
      - '695'
      Content-Type:
      - application/json; charset=UTF-8
      ETag:
      - CKKkyte61uUCEAE=
      Pragma:
      - no-cache
      Server:
      - UploadServer
      Vary:
      - Origin
      - X-Origin
    status:
      code: 200
      message: OK
- request:
    body: '{"name": "nested/nested2/file1", "metadata": null}'
    headers:
      Accept:
      - '*/*'
      Accept-Encoding:
      - gzip, deflate
      Connection:
      - keep-alive
      Content-Length:
      - '50'
      Content-Type:
      - application/json
    method: POST
    uri: https://www.googleapis.com/upload/storage/v1/b/gcsfs-testing/o?uploadType=resumable
  response:
    body:
      string: ''
    headers:
      Cache-Control:
      - no-cache, no-store, max-age=0, must-revalidate
      Content-Length:
      - '0'
      Content-Type:
      - text/plain; charset=utf-8
      Location:
      - https://www.googleapis.com/upload/storage/v1/b/gcsfs-testing/o?uploadType=resumable&upload_id=AEnB2Uqrqy7EwMREs5xlbVgaiHWWQdI5SGEB7uu-NJ6xBtJYyR7yQ05Sfik2ljqpHKAnMJ74yyuY1Ql0PoMMawTK4Lkj9Ksygw
      Pragma:
      - no-cache
      Server:
      - UploadServer
      Vary:
      - Origin
      - X-Origin
    status:
      code: 200
      message: OK
- request:
    body: 'hello

'
    headers:
      Accept:
      - '*/*'
      Accept-Encoding:
      - gzip, deflate
      Connection:
      - keep-alive
      Content-Length:
      - '6'
      Content-Range:
      - bytes 0-5/6
      Content-Type:
      - application/octet-stream
    method: POST
    uri: https://www.googleapis.com/upload/storage/v1/b/gcsfs-testing/o?uploadType=resumable&uploadType=resumable&upload_id=AEnB2Uqrqy7EwMREs5xlbVgaiHWWQdI5SGEB7uu-NJ6xBtJYyR7yQ05Sfik2ljqpHKAnMJ74yyuY1Ql0PoMMawTK4Lkj9Ksygw
  response:
    body:
      string: "{\n \"kind\": \"storage#object\",\n \"id\": \"gcsfs-testing/nested/nested2/file1/1573073295505366\",\n
        \"selfLink\": \"https://www.googleapis.com/storage/v1/b/gcsfs-testing/o/nested%2Fnested2%2Ffile1\",\n
        \"name\": \"nested/nested2/file1\",\n \"bucket\": \"gcsfs-testing\",\n \"generation\":
        \"1573073295505366\",\n \"metageneration\": \"1\",\n \"timeCreated\": \"2019-11-06T20:48:15.505Z\",\n
        \"updated\": \"2019-11-06T20:48:15.505Z\",\n \"storageClass\": \"MULTI_REGIONAL\",\n
        \"timeStorageClassUpdated\": \"2019-11-06T20:48:15.505Z\",\n \"size\": \"6\",\n
        \"md5Hash\": \"sZRqySSS0jR8YjW00mERhA==\",\n \"mediaLink\": \"https://www.googleapis.com/download/storage/v1/b/gcsfs-testing/o/nested%2Fnested2%2Ffile1?generation=1573073295505366&alt=media\",\n
        \"crc32c\": \"NT3Yvg==\",\n \"etag\": \"CNbv79e61uUCEAE=\"\n}\n"
    headers:
      Cache-Control:
      - no-cache, no-store, max-age=0, must-revalidate
      Content-Length:
      - '731'
      Content-Type:
      - application/json; charset=UTF-8
      ETag:
      - CNbv79e61uUCEAE=
      Pragma:
      - no-cache
      Server:
      - UploadServer
      Vary:
      - Origin
      - X-Origin
    status:
      code: 200
      message: OK
- request:
    body: '{"name": "nested/nested2/file2", "metadata": null}'
    headers:
      Accept:
      - '*/*'
      Accept-Encoding:
      - gzip, deflate
      Connection:
      - keep-alive
      Content-Length:
      - '50'
      Content-Type:
      - application/json
    method: POST
    uri: https://www.googleapis.com/upload/storage/v1/b/gcsfs-testing/o?uploadType=resumable
  response:
    body:
      string: ''
    headers:
      Cache-Control:
      - no-cache, no-store, max-age=0, must-revalidate
      Content-Length:
      - '0'
      Content-Type:
      - text/plain; charset=utf-8
      Location:
      - https://www.googleapis.com/upload/storage/v1/b/gcsfs-testing/o?uploadType=resumable&upload_id=AEnB2UpTsTP1EV54Sb8FCZZ9SrXciuxIpZ6zSqqmrmZ-DAVCLJ7OD2iAbIWotZxglOFpNT0YPMkLri0oqRzz9xZbsMlRNazlQw
      Pragma:
      - no-cache
      Server:
      - UploadServer
      Vary:
      - Origin
      - X-Origin
    status:
      code: 200
      message: OK
- request:
    body: world
    headers:
      Accept:
      - '*/*'
      Accept-Encoding:
      - gzip, deflate
      Connection:
      - keep-alive
      Content-Length:
      - '5'
      Content-Range:
      - bytes 0-4/5
      Content-Type:
      - application/octet-stream
    method: POST
    uri: https://www.googleapis.com/upload/storage/v1/b/gcsfs-testing/o?uploadType=resumable&uploadType=resumable&upload_id=AEnB2UpTsTP1EV54Sb8FCZZ9SrXciuxIpZ6zSqqmrmZ-DAVCLJ7OD2iAbIWotZxglOFpNT0YPMkLri0oqRzz9xZbsMlRNazlQw
  response:
    body:
      string: "{\n \"kind\": \"storage#object\",\n \"id\": \"gcsfs-testing/nested/nested2/file2/1573073296227057\",\n
        \"selfLink\": \"https://www.googleapis.com/storage/v1/b/gcsfs-testing/o/nested%2Fnested2%2Ffile2\",\n
        \"name\": \"nested/nested2/file2\",\n \"bucket\": \"gcsfs-testing\",\n \"generation\":
        \"1573073296227057\",\n \"metageneration\": \"1\",\n \"timeCreated\": \"2019-11-06T20:48:16.226Z\",\n
        \"updated\": \"2019-11-06T20:48:16.226Z\",\n \"storageClass\": \"MULTI_REGIONAL\",\n
        \"timeStorageClassUpdated\": \"2019-11-06T20:48:16.226Z\",\n \"size\": \"5\",\n
        \"md5Hash\": \"fXkwN6B2AYZXSwKC8vQ15w==\",\n \"mediaLink\": \"https://www.googleapis.com/download/storage/v1/b/gcsfs-testing/o/nested%2Fnested2%2Ffile2?generation=1573073296227057&alt=media\",\n
        \"crc32c\": \"MaqBTg==\",\n \"etag\": \"CPH1m9i61uUCEAE=\"\n}\n"
    headers:
      Cache-Control:
      - no-cache, no-store, max-age=0, must-revalidate
      Content-Length:
      - '731'
      Content-Type:
      - application/json; charset=UTF-8
      ETag:
      - CPH1m9i61uUCEAE=
      Pragma:
      - no-cache
      Server:
      - UploadServer
      Vary:
      - Origin
      - X-Origin
    status:
      code: 200
      message: OK
- request:
    body: null
    headers:
      Accept:
      - '*/*'
      Accept-Encoding:
      - gzip, deflate
      Connection:
      - keep-alive
    method: GET
    uri: https://www.googleapis.com/storage/v1/b/gcsfs-testing/o/?delimiter=%2F
  response:
    body:
      string: "{\n  \"kind\": \"storage#objects\",\n  \"prefixes\": [\n    \"nested/\",\n
        \   \"test/\"\n  ],\n  \"items\": [\n    {\n      \"kind\": \"storage#object\",\n
        \     \"id\": \"gcsfs-testing/2014-01-01.csv/1573073291673936\",\n      \"selfLink\":
        \"https://www.googleapis.com/storage/v1/b/gcsfs-testing/o/2014-01-01.csv\",\n
        \     \"name\": \"2014-01-01.csv\",\n      \"bucket\": \"gcsfs-testing\",\n
        \     \"generation\": \"1573073291673936\",\n      \"metageneration\": \"1\",\n
        \     \"storageClass\": \"MULTI_REGIONAL\",\n      \"size\": \"51\",\n      \"md5Hash\":
        \"Auycd2AT7x5m8G1W0NXcuA==\",\n      \"mediaLink\": \"https://www.googleapis.com/download/storage/v1/b/gcsfs-testing/o/2014-01-01.csv?generation=1573073291673936&alt=media\",\n
        \     \"crc32c\": \"yR1u0w==\",\n      \"etag\": \"CNCChta61uUCEAE=\",\n      \"timeCreated\":
        \"2019-11-06T20:48:11.673Z\",\n      \"updated\": \"2019-11-06T20:48:11.673Z\",\n
        \     \"timeStorageClassUpdated\": \"2019-11-06T20:48:11.673Z\"\n    },\n
        \   {\n      \"kind\": \"storage#object\",\n      \"id\": \"gcsfs-testing/2014-01-02.csv/1573073292664282\",\n
        \     \"selfLink\": \"https://www.googleapis.com/storage/v1/b/gcsfs-testing/o/2014-01-02.csv\",\n
        \     \"name\": \"2014-01-02.csv\",\n      \"bucket\": \"gcsfs-testing\",\n
        \     \"generation\": \"1573073292664282\",\n      \"metageneration\": \"1\",\n
        \     \"storageClass\": \"MULTI_REGIONAL\",\n      \"size\": \"15\",\n      \"md5Hash\":
        \"cGwL6TebGKiJzgyNBJNb6Q==\",\n      \"mediaLink\": \"https://www.googleapis.com/download/storage/v1/b/gcsfs-testing/o/2014-01-02.csv?generation=1573073292664282&alt=media\",\n
        \     \"crc32c\": \"Mpt4QQ==\",\n      \"etag\": \"CNq7wta61uUCEAE=\",\n      \"timeCreated\":
        \"2019-11-06T20:48:12.663Z\",\n      \"updated\": \"2019-11-06T20:48:12.663Z\",\n
        \     \"timeStorageClassUpdated\": \"2019-11-06T20:48:12.663Z\"\n    },\n
        \   {\n      \"kind\": \"storage#object\",\n      \"id\": \"gcsfs-testing/2014-01-03.csv/1573073293397127\",\n
        \     \"selfLink\": \"https://www.googleapis.com/storage/v1/b/gcsfs-testing/o/2014-01-03.csv\",\n
        \     \"name\": \"2014-01-03.csv\",\n      \"bucket\": \"gcsfs-testing\",\n
        \     \"generation\": \"1573073293397127\",\n      \"metageneration\": \"1\",\n
        \     \"storageClass\": \"MULTI_REGIONAL\",\n      \"size\": \"52\",\n      \"md5Hash\":
        \"9keZXdUu0YtMynECFSOiMg==\",\n      \"mediaLink\": \"https://www.googleapis.com/download/storage/v1/b/gcsfs-testing/o/2014-01-03.csv?generation=1573073293397127&alt=media\",\n
        \     \"crc32c\": \"x/fq7w==\",\n      \"etag\": \"CIeZ79a61uUCEAE=\",\n      \"timeCreated\":
        \"2019-11-06T20:48:13.396Z\",\n      \"updated\": \"2019-11-06T20:48:13.396Z\",\n
        \     \"timeStorageClassUpdated\": \"2019-11-06T20:48:13.396Z\"\n    }\n  ]\n}\n"
    headers:
      Cache-Control:
      - private, max-age=0, must-revalidate, no-transform
      Content-Length:
      - '2464'
      Content-Type:
      - application/json; charset=UTF-8
      Server:
      - UploadServer
      Vary:
      - Origin
      - X-Origin
    status:
      code: 200
      message: OK
- request:
    body: null
    headers:
      Accept:
      - '*/*'
      Accept-Encoding:
      - gzip, deflate
      Connection:
      - keep-alive
      Range:
      - bytes=0-50
    method: GET
    uri: https://www.googleapis.com/download/storage/v1/b/gcsfs-testing/o/2014-01-01.csv?alt=media&generation=1573073291673936
  response:
    body:
      string: 'name,amount,id

        Alice,100,1

        Bob,200,2

        Charlie,300,3

'
    headers:
      Cache-Control:
      - no-cache, no-store, max-age=0, must-revalidate
      Content-Disposition:
      - attachment
      Content-Length:
      - '51'
      Content-Range:
      - bytes 0-50/51
      Content-Type:
      - application/octet-stream
      ETag:
      - CNCChta61uUCEAE=
      Pragma:
      - no-cache
      Server:
      - UploadServer
      Vary:
      - Origin
      - X-Origin
      X-Goog-Generation:
      - '1573073291673936'
      X-Goog-Metageneration:
      - '1'
      X-Goog-Storage-Class:
      - MULTI_REGIONAL
    status:
      code: 206
      message: Partial Content
- request:
    body: null
    headers:
      Accept:
      - '*/*'
      Accept-Encoding:
      - gzip, deflate
      Connection:
      - keep-alive
    method: GET
    uri: https://www.googleapis.com/storage/v1/b/gcsfs-testing/o/?delimiter=%2F&prefix=nested
  response:
    body:
      string: "{\n  \"kind\": \"storage#objects\",\n  \"prefixes\": [\n    \"nested/\"\n
        \ ]\n}\n"
    headers:
      Cache-Control:
      - private, max-age=0, must-revalidate, no-transform
      Content-Length:
      - '67'
      Content-Type:
      - application/json; charset=UTF-8
      Server:
      - UploadServer
      Vary:
      - Origin
      - X-Origin
    status:
      code: 200
      message: OK
- request:
    body: null
    headers:
      Accept:
      - '*/*'
      Accept-Encoding:
      - gzip, deflate
      Connection:
      - keep-alive
    method: GET
    uri: https://www.googleapis.com/storage/v1/b/gcsfs-testing/o/?delimiter=%2F&prefix=nested%2F
  response:
    body:
      string: "{\n  \"kind\": \"storage#objects\",\n  \"prefixes\": [\n    \"nested/nested2/\"\n
        \ ],\n  \"items\": [\n    {\n      \"kind\": \"storage#object\",\n      \"id\":
        \"gcsfs-testing/nested/file1/1573073294023535\",\n      \"selfLink\": \"https://www.googleapis.com/storage/v1/b/gcsfs-testing/o/nested%2Ffile1\",\n
        \     \"name\": \"nested/file1\",\n      \"bucket\": \"gcsfs-testing\",\n
        \     \"generation\": \"1573073294023535\",\n      \"metageneration\": \"1\",\n
        \     \"storageClass\": \"MULTI_REGIONAL\",\n      \"size\": \"6\",\n      \"md5Hash\":
        \"sZRqySSS0jR8YjW00mERhA==\",\n      \"mediaLink\": \"https://www.googleapis.com/download/storage/v1/b/gcsfs-testing/o/nested%2Ffile1?generation=1573073294023535&alt=media\",\n
        \     \"crc32c\": \"NT3Yvg==\",\n      \"etag\": \"CO+2lde61uUCEAE=\",\n      \"timeCreated\":
        \"2019-11-06T20:48:14.023Z\",\n      \"updated\": \"2019-11-06T20:48:14.023Z\",\n
        \     \"timeStorageClassUpdated\": \"2019-11-06T20:48:14.023Z\"\n    },\n
        \   {\n      \"kind\": \"storage#object\",\n      \"id\": \"gcsfs-testing/nested/file2/1573073294889506\",\n
        \     \"selfLink\": \"https://www.googleapis.com/storage/v1/b/gcsfs-testing/o/nested%2Ffile2\",\n
        \     \"name\": \"nested/file2\",\n      \"bucket\": \"gcsfs-testing\",\n
        \     \"generation\": \"1573073294889506\",\n      \"metageneration\": \"1\",\n
        \     \"storageClass\": \"MULTI_REGIONAL\",\n      \"size\": \"5\",\n      \"md5Hash\":
        \"fXkwN6B2AYZXSwKC8vQ15w==\",\n      \"mediaLink\": \"https://www.googleapis.com/download/storage/v1/b/gcsfs-testing/o/nested%2Ffile2?generation=1573073294889506&alt=media\",\n
        \     \"crc32c\": \"MaqBTg==\",\n      \"etag\": \"CKKkyte61uUCEAE=\",\n      \"timeCreated\":
        \"2019-11-06T20:48:14.889Z\",\n      \"updated\": \"2019-11-06T20:48:14.889Z\",\n
        \     \"timeStorageClassUpdated\": \"2019-11-06T20:48:14.889Z\"\n    }\n  ]\n}\n"
    headers:
      Cache-Control:
      - private, max-age=0, must-revalidate, no-transform
      Content-Length:
      - '1660'
      Content-Type:
      - application/json; charset=UTF-8
      Server:
      - UploadServer
      Vary:
      - Origin
      - X-Origin
    status:
      code: 200
      message: OK
- request:
    body: null
    headers:
      Accept:
      - '*/*'
      Accept-Encoding:
      - gzip, deflate
      Connection:
      - keep-alive
    method: GET
    uri: https://www.googleapis.com/storage/v1/b/gcsfs-testing/o/?delimiter=%2F&prefix=nested%2Fnested2
  response:
    body:
      string: "{\n  \"kind\": \"storage#objects\",\n  \"prefixes\": [\n    \"nested/nested2/\"\n
        \ ]\n}\n"
    headers:
      Cache-Control:
      - private, max-age=0, must-revalidate, no-transform
      Content-Length:
      - '75'
      Content-Type:
      - application/json; charset=UTF-8
      Server:
      - UploadServer
      Vary:
      - Origin
      - X-Origin
    status:
      code: 200
      message: OK
- request:
    body: null
    headers:
      Accept:
      - '*/*'
      Accept-Encoding:
      - gzip, deflate
      Connection:
      - keep-alive
    method: GET
    uri: https://www.googleapis.com/storage/v1/b/gcsfs-testing/o/?delimiter=%2F&prefix=nested%2Fnested2%2F
  response:
    body:
      string: "{\n  \"kind\": \"storage#objects\",\n  \"items\": [\n    {\n      \"kind\":
        \"storage#object\",\n      \"id\": \"gcsfs-testing/nested/nested2/file1/1573073295505366\",\n
        \     \"selfLink\": \"https://www.googleapis.com/storage/v1/b/gcsfs-testing/o/nested%2Fnested2%2Ffile1\",\n
        \     \"name\": \"nested/nested2/file1\",\n      \"bucket\": \"gcsfs-testing\",\n
        \     \"generation\": \"1573073295505366\",\n      \"metageneration\": \"1\",\n
        \     \"storageClass\": \"MULTI_REGIONAL\",\n      \"size\": \"6\",\n      \"md5Hash\":
        \"sZRqySSS0jR8YjW00mERhA==\",\n      \"mediaLink\": \"https://www.googleapis.com/download/storage/v1/b/gcsfs-testing/o/nested%2Fnested2%2Ffile1?generation=1573073295505366&alt=media\",\n
        \     \"crc32c\": \"NT3Yvg==\",\n      \"etag\": \"CNbv79e61uUCEAE=\",\n      \"timeCreated\":
        \"2019-11-06T20:48:15.505Z\",\n      \"updated\": \"2019-11-06T20:48:15.505Z\",\n
        \     \"timeStorageClassUpdated\": \"2019-11-06T20:48:15.505Z\"\n    },\n
        \   {\n      \"kind\": \"storage#object\",\n      \"id\": \"gcsfs-testing/nested/nested2/file2/1573073296227057\",\n
        \     \"selfLink\": \"https://www.googleapis.com/storage/v1/b/gcsfs-testing/o/nested%2Fnested2%2Ffile2\",\n
        \     \"name\": \"nested/nested2/file2\",\n      \"bucket\": \"gcsfs-testing\",\n
        \     \"generation\": \"1573073296227057\",\n      \"metageneration\": \"1\",\n
        \     \"storageClass\": \"MULTI_REGIONAL\",\n      \"size\": \"5\",\n      \"md5Hash\":
        \"fXkwN6B2AYZXSwKC8vQ15w==\",\n      \"mediaLink\": \"https://www.googleapis.com/download/storage/v1/b/gcsfs-testing/o/nested%2Fnested2%2Ffile2?generation=1573073296227057&alt=media\",\n
        \     \"crc32c\": \"MaqBTg==\",\n      \"etag\": \"CPH1m9i61uUCEAE=\",\n      \"timeCreated\":
        \"2019-11-06T20:48:16.226Z\",\n      \"updated\": \"2019-11-06T20:48:16.226Z\",\n
        \     \"timeStorageClassUpdated\": \"2019-11-06T20:48:16.226Z\"\n    }\n  ]\n}\n"
    headers:
      Cache-Control:
      - private, max-age=0, must-revalidate, no-transform
      Content-Length:
      - '1689'
      Content-Type:
      - application/json; charset=UTF-8
      Server:
      - UploadServer
      Vary:
      - Origin
      - X-Origin
    status:
      code: 200
      message: OK
- request:
    body: null
    headers:
      Accept:
      - '*/*'
      Accept-Encoding:
      - gzip, deflate
      Connection:
      - keep-alive
    method: GET
    uri: https://www.googleapis.com/storage/v1/b/gcsfs-testing/o/?delimiter=%2F&prefix=test
  response:
    body:
      string: "{\n  \"kind\": \"storage#objects\",\n  \"prefixes\": [\n    \"test/\"\n
        \ ]\n}\n"
    headers:
      Cache-Control:
      - private, max-age=0, must-revalidate, no-transform
      Content-Length:
      - '65'
      Content-Type:
      - application/json; charset=UTF-8
      Server:
      - UploadServer
      Vary:
      - Origin
      - X-Origin
    status:
      code: 200
      message: OK
- request:
    body: null
    headers:
      Accept:
      - '*/*'
      Accept-Encoding:
      - gzip, deflate
      Connection:
      - keep-alive
    method: GET
    uri: https://www.googleapis.com/storage/v1/b/gcsfs-testing/o/?delimiter=%2F&prefix=test%2F
  response:
    body:
      string: "{\n  \"kind\": \"storage#objects\",\n  \"items\": [\n    {\n      \"kind\":
        \"storage#object\",\n      \"id\": \"gcsfs-testing/test/accounts.1.json/1573073290202105\",\n
        \     \"selfLink\": \"https://www.googleapis.com/storage/v1/b/gcsfs-testing/o/test%2Faccounts.1.json\",\n
        \     \"name\": \"test/accounts.1.json\",\n      \"bucket\": \"gcsfs-testing\",\n
        \     \"generation\": \"1573073290202105\",\n      \"metageneration\": \"1\",\n
        \     \"storageClass\": \"MULTI_REGIONAL\",\n      \"size\": \"133\",\n      \"md5Hash\":
        \"xK7pmJz/Oj5HGIyfQpYTig==\",\n      \"mediaLink\": \"https://www.googleapis.com/download/storage/v1/b/gcsfs-testing/o/test%2Faccounts.1.json?generation=1573073290202105&alt=media\",\n
        \     \"crc32c\": \"6wJAgQ==\",\n      \"etag\": \"CPmXrNW61uUCEAE=\",\n      \"timeCreated\":
        \"2019-11-06T20:48:10.201Z\",\n      \"updated\": \"2019-11-06T20:48:10.201Z\",\n
        \     \"timeStorageClassUpdated\": \"2019-11-06T20:48:10.201Z\"\n    },\n
        \   {\n      \"kind\": \"storage#object\",\n      \"id\": \"gcsfs-testing/test/accounts.2.json/1573073290905536\",\n
        \     \"selfLink\": \"https://www.googleapis.com/storage/v1/b/gcsfs-testing/o/test%2Faccounts.2.json\",\n
        \     \"name\": \"test/accounts.2.json\",\n      \"bucket\": \"gcsfs-testing\",\n
        \     \"generation\": \"1573073290905536\",\n      \"metageneration\": \"1\",\n
        \     \"storageClass\": \"MULTI_REGIONAL\",\n      \"size\": \"133\",\n      \"md5Hash\":
        \"bjhC5OCrzKV+8MGMCF2BQA==\",\n      \"mediaLink\": \"https://www.googleapis.com/download/storage/v1/b/gcsfs-testing/o/test%2Faccounts.2.json?generation=1573073290905536&alt=media\",\n
        \     \"crc32c\": \"Su+F+g==\",\n      \"etag\": \"CMCP19W61uUCEAE=\",\n      \"timeCreated\":
        \"2019-11-06T20:48:10.905Z\",\n      \"updated\": \"2019-11-06T20:48:10.905Z\",\n
        \     \"timeStorageClassUpdated\": \"2019-11-06T20:48:10.905Z\"\n    }\n  ]\n}\n"
    headers:
      Cache-Control:
      - private, max-age=0, must-revalidate, no-transform
      Content-Length:
      - '1685'
      Content-Type:
      - application/json; charset=UTF-8
      Server:
      - UploadServer
      Vary:
      - Origin
      - X-Origin
    status:
      code: 200
      message: OK
- request:
    body: null
    headers:
      Accept:
      - '*/*'
      Accept-Encoding:
      - gzip, deflate
      Connection:
      - keep-alive
      Content-Length:
      - '0'
    method: DELETE
    uri: https://www.googleapis.com/storage/v1/b/gcsfs-testing/o/2014-01-01.csv
  response:
    body:
      string: ''
    headers:
      Cache-Control:
      - no-cache, no-store, max-age=0, must-revalidate
      Content-Length:
      - '0'
      Content-Type:
      - application/json
      Pragma:
      - no-cache
      Server:
      - UploadServer
      Vary:
      - Origin
      - X-Origin
    status:
      code: 204
      message: No Content
- request:
    body: null
    headers:
      Accept:
      - '*/*'
      Accept-Encoding:
      - gzip, deflate
      Connection:
      - keep-alive
      Content-Length:
      - '0'
    method: DELETE
    uri: https://www.googleapis.com/storage/v1/b/gcsfs-testing/o/2014-01-02.csv
  response:
    body:
      string: ''
    headers:
      Cache-Control:
      - no-cache, no-store, max-age=0, must-revalidate
      Content-Length:
      - '0'
      Content-Type:
      - application/json
      Pragma:
      - no-cache
      Server:
      - UploadServer
      Vary:
      - Origin
      - X-Origin
    status:
      code: 204
      message: No Content
- request:
    body: null
    headers:
      Accept:
      - '*/*'
      Accept-Encoding:
      - gzip, deflate
      Connection:
      - keep-alive
      Content-Length:
      - '0'
    method: DELETE
    uri: https://www.googleapis.com/storage/v1/b/gcsfs-testing/o/2014-01-03.csv
  response:
    body:
      string: ''
    headers:
      Cache-Control:
      - no-cache, no-store, max-age=0, must-revalidate
      Content-Length:
      - '0'
      Content-Type:
      - application/json
      Pragma:
      - no-cache
      Server:
      - UploadServer
      Vary:
      - Origin
      - X-Origin
    status:
      code: 204
      message: No Content
- request:
    body: null
    headers:
      Accept:
      - '*/*'
      Accept-Encoding:
      - gzip, deflate
      Connection:
      - keep-alive
      Content-Length:
      - '0'
    method: DELETE
    uri: https://www.googleapis.com/storage/v1/b/gcsfs-testing/o/nested%2Ffile1
  response:
    body:
      string: ''
    headers:
      Cache-Control:
      - no-cache, no-store, max-age=0, must-revalidate
      Content-Length:
      - '0'
      Content-Type:
      - application/json
      Pragma:
      - no-cache
      Server:
      - UploadServer
      Vary:
      - Origin
      - X-Origin
    status:
      code: 204
      message: No Content
- request:
    body: null
    headers:
      Accept:
      - '*/*'
      Accept-Encoding:
      - gzip, deflate
      Connection:
      - keep-alive
      Content-Length:
      - '0'
    method: DELETE
    uri: https://www.googleapis.com/storage/v1/b/gcsfs-testing/o/nested%2Ffile2
  response:
    body:
      string: ''
    headers:
      Cache-Control:
      - no-cache, no-store, max-age=0, must-revalidate
      Content-Length:
      - '0'
      Content-Type:
      - application/json
      Pragma:
      - no-cache
      Server:
      - UploadServer
      Vary:
      - Origin
      - X-Origin
    status:
      code: 204
      message: No Content
- request:
    body: null
    headers:
      Accept:
      - '*/*'
      Accept-Encoding:
      - gzip, deflate
      Connection:
      - keep-alive
      Content-Length:
      - '0'
    method: DELETE
    uri: https://www.googleapis.com/storage/v1/b/gcsfs-testing/o/nested%2Fnested2%2Ffile1
  response:
    body:
      string: ''
    headers:
      Cache-Control:
      - no-cache, no-store, max-age=0, must-revalidate
      Content-Length:
      - '0'
      Content-Type:
      - application/json
      Pragma:
      - no-cache
      Server:
      - UploadServer
      Vary:
      - Origin
      - X-Origin
    status:
      code: 204
      message: No Content
- request:
    body: null
    headers:
      Accept:
      - '*/*'
      Accept-Encoding:
      - gzip, deflate
      Connection:
      - keep-alive
      Content-Length:
      - '0'
    method: DELETE
    uri: https://www.googleapis.com/storage/v1/b/gcsfs-testing/o/nested%2Fnested2%2Ffile2
  response:
    body:
      string: ''
    headers:
      Cache-Control:
      - no-cache, no-store, max-age=0, must-revalidate
      Content-Length:
      - '0'
      Content-Type:
      - application/json
      Pragma:
      - no-cache
      Server:
      - UploadServer
      Vary:
      - Origin
      - X-Origin
    status:
      code: 204
      message: No Content
- request:
    body: null
    headers:
      Accept:
      - '*/*'
      Accept-Encoding:
      - gzip, deflate
      Connection:
      - keep-alive
      Content-Length:
      - '0'
    method: DELETE
    uri: https://www.googleapis.com/storage/v1/b/gcsfs-testing/o/test%2Faccounts.1.json
  response:
    body:
      string: ''
    headers:
      Cache-Control:
      - no-cache, no-store, max-age=0, must-revalidate
      Content-Length:
      - '0'
      Content-Type:
      - application/json
      Pragma:
      - no-cache
      Server:
      - UploadServer
      Vary:
      - Origin
      - X-Origin
    status:
      code: 204
      message: No Content
- request:
    body: null
    headers:
      Accept:
      - '*/*'
      Accept-Encoding:
      - gzip, deflate
      Connection:
      - keep-alive
      Content-Length:
      - '0'
    method: DELETE
    uri: https://www.googleapis.com/storage/v1/b/gcsfs-testing/o/test%2Faccounts.2.json
  response:
    body:
      string: ''
    headers:
      Cache-Control:
      - no-cache, no-store, max-age=0, must-revalidate
      Content-Length:
      - '0'
      Content-Type:
      - application/json
      Pragma:
      - no-cache
      Server:
      - UploadServer
      Vary:
      - Origin
      - X-Origin
    status:
      code: 204
      message: No Content
version: 1
