interactions:
- request:
    body: '{"name": "gcsfs-testing"}'
    headers:
      Accept:
      - '*/*'
      Accept-Encoding:
      - gzip, deflate
      Connection:
      - keep-alive
      Content-Length:
      - '24'
      Content-Type:
      - application/json
    method: POST
    uri: https://www.googleapis.com/storage/v1/b/?predefinedAcl=publicReadWrite&predefinedDefaultObjectAcl=authenticatedread&project=test_project
  response:
    body:
      string: "{\n \"error\": {\n  \"errors\": [\n   {\n    \"domain\": \"global\",\n
        \   \"reason\": \"conflict\",\n    \"message\": \"You already own this bucket.
        Please select another name.\"\n   }\n  ],\n  \"code\": 409,\n  \"message\":
        \"You already own this bucket. Please select another name.\"\n }\n}\n"
    headers:
      Content-Length:
      - '259'
      Content-Type:
      - application/json; charset=UTF-8
      Server:
      - UploadServer
      Vary:
      - Origin
      - X-Origin
    status:
      code: 409
      message: Conflict
- request:
    body: null
    headers:
      Accept:
      - '*/*'
      Accept-Encoding:
      - gzip, deflate
      Connection:
      - keep-alive
      Content-Length:
      - '0'
    method: DELETE
    uri: https://www.googleapis.com/storage/v1/b/gcsfs-testing/o/tmp%2Ftest%2Fa
  response:
    body:
      string: "{\n  \"error\": {\n    \"code\": 404,\n    \"message\": \"No such object:
        gcsfs-testing/tmp/test/a\",\n    \"errors\": [\n      {\n        \"message\":
        \"No such object: gcsfs-testing/tmp/test/a\",\n        \"domain\": \"global\",\n
        \       \"reason\": \"notFound\"\n      }\n    ]\n  }\n}\n"
    headers:
      Cache-Control:
      - no-cache, no-store, max-age=0, must-revalidate
      Content-Length:
      - '253'
      Content-Type:
      - application/json; charset=UTF-8
      Pragma:
      - no-cache
      Server:
      - UploadServer
      Vary:
      - Origin
      - X-Origin
    status:
      code: 404
      message: Not Found
- request:
    body: null
    headers:
      Accept:
      - '*/*'
      Accept-Encoding:
      - gzip, deflate
      Connection:
      - keep-alive
      Content-Length:
      - '0'
    method: DELETE
    uri: https://www.googleapis.com/storage/v1/b/gcsfs-testing/o/tmp%2Ftest%2Fb
  response:
    body:
      string: "{\n  \"error\": {\n    \"code\": 404,\n    \"message\": \"No such object:
        gcsfs-testing/tmp/test/b\",\n    \"errors\": [\n      {\n        \"message\":
        \"No such object: gcsfs-testing/tmp/test/b\",\n        \"domain\": \"global\",\n
        \       \"reason\": \"notFound\"\n      }\n    ]\n  }\n}\n"
    headers:
      Cache-Control:
      - no-cache, no-store, max-age=0, must-revalidate
      Content-Length:
      - '253'
      Content-Type:
      - application/json; charset=UTF-8
      Pragma:
      - no-cache
      Server:
      - UploadServer
      Vary:
      - Origin
      - X-Origin
    status:
      code: 404
      message: Not Found
- request:
    body: null
    headers:
      Accept:
      - '*/*'
      Accept-Encoding:
      - gzip, deflate
      Connection:
      - keep-alive
      Content-Length:
      - '0'
    method: DELETE
    uri: https://www.googleapis.com/storage/v1/b/gcsfs-testing/o/tmp%2Ftest%2Fc
  response:
    body:
      string: "{\n  \"error\": {\n    \"code\": 404,\n    \"message\": \"No such object:
        gcsfs-testing/tmp/test/c\",\n    \"errors\": [\n      {\n        \"message\":
        \"No such object: gcsfs-testing/tmp/test/c\",\n        \"domain\": \"global\",\n
        \       \"reason\": \"notFound\"\n      }\n    ]\n  }\n}\n"
    headers:
      Cache-Control:
      - no-cache, no-store, max-age=0, must-revalidate
      Content-Length:
      - '253'
      Content-Type:
      - application/json; charset=UTF-8
      Pragma:
      - no-cache
      Server:
      - UploadServer
      Vary:
      - Origin
      - X-Origin
    status:
      code: 404
      message: Not Found
- request:
    body: null
    headers:
      Accept:
      - '*/*'
      Accept-Encoding:
      - gzip, deflate
      Connection:
      - keep-alive
      Content-Length:
      - '0'
    method: DELETE
    uri: https://www.googleapis.com/storage/v1/b/gcsfs-testing/o/tmp%2Ftest%2Fd
  response:
    body:
      string: "{\n  \"error\": {\n    \"code\": 404,\n    \"message\": \"No such object:
        gcsfs-testing/tmp/test/d\",\n    \"errors\": [\n      {\n        \"message\":
        \"No such object: gcsfs-testing/tmp/test/d\",\n        \"domain\": \"global\",\n
        \       \"reason\": \"notFound\"\n      }\n    ]\n  }\n}\n"
    headers:
      Cache-Control:
      - no-cache, no-store, max-age=0, must-revalidate
      Content-Length:
      - '253'
      Content-Type:
      - application/json; charset=UTF-8
      Pragma:
      - no-cache
      Server:
      - UploadServer
      Vary:
      - Origin
      - X-Origin
    status:
      code: 404
      message: Not Found
- request:
    body: '{"name": "test/accounts.1.json", "metadata": null}'
    headers:
      Accept:
      - '*/*'
      Accept-Encoding:
      - gzip, deflate
      Connection:
      - keep-alive
      Content-Length:
      - '50'
      Content-Type:
      - application/json
    method: POST
    uri: https://www.googleapis.com/upload/storage/v1/b/gcsfs-testing/o?uploadType=resumable
  response:
    body:
      string: ''
    headers:
      Cache-Control:
      - no-cache, no-store, max-age=0, must-revalidate
      Content-Length:
      - '0'
      Content-Type:
      - text/plain; charset=utf-8
      Location:
      - https://www.googleapis.com/upload/storage/v1/b/gcsfs-testing/o?uploadType=resumable&upload_id=AEnB2UrPvUkYEdCB2Adh4noZ-TmdEbDzW46KTNVUThUk9tN8UAnRlaUciRi9rlpc8wHnUmE5ddxakr80zoUYR2aPRU3dKsIuHw
      Pragma:
      - no-cache
      Server:
      - UploadServer
      Vary:
      - Origin
      - X-Origin
    status:
      code: 200
      message: OK
- request:
    body: '{"amount": 100, "name": "Alice"}

      {"amount": 200, "name": "Bob"}

      {"amount": 300, "name": "Charlie"}

      {"amount": 400, "name": "Dennis"}

'
    headers:
      Accept:
      - '*/*'
      Accept-Encoding:
      - gzip, deflate
      Connection:
      - keep-alive
      Content-Length:
      - '133'
      Content-Range:
      - bytes 0-132/133
      Content-Type:
      - application/octet-stream
    method: POST
    uri: https://www.googleapis.com/upload/storage/v1/b/gcsfs-testing/o?uploadType=resumable&uploadType=resumable&upload_id=AEnB2UrPvUkYEdCB2Adh4noZ-TmdEbDzW46KTNVUThUk9tN8UAnRlaUciRi9rlpc8wHnUmE5ddxakr80zoUYR2aPRU3dKsIuHw
  response:
    body:
      string: "{\n \"kind\": \"storage#object\",\n \"id\": \"gcsfs-testing/test/accounts.1.json/1573072056659894\",\n
        \"selfLink\": \"https://www.googleapis.com/storage/v1/b/gcsfs-testing/o/test%2Faccounts.1.json\",\n
        \"name\": \"test/accounts.1.json\",\n \"bucket\": \"gcsfs-testing\",\n \"generation\":
        \"1573072056659894\",\n \"metageneration\": \"1\",\n \"timeCreated\": \"2019-11-06T20:27:36.659Z\",\n
        \"updated\": \"2019-11-06T20:27:36.659Z\",\n \"storageClass\": \"MULTI_REGIONAL\",\n
        \"timeStorageClassUpdated\": \"2019-11-06T20:27:36.659Z\",\n \"size\": \"133\",\n
        \"md5Hash\": \"xK7pmJz/Oj5HGIyfQpYTig==\",\n \"mediaLink\": \"https://www.googleapis.com/download/storage/v1/b/gcsfs-testing/o/test%2Faccounts.1.json?generation=1573072056659894&alt=media\",\n
        \"crc32c\": \"6wJAgQ==\",\n \"etag\": \"CLbfkom21uUCEAE=\"\n}\n"
    headers:
      Cache-Control:
      - no-cache, no-store, max-age=0, must-revalidate
      Content-Length:
      - '729'
      Content-Type:
      - application/json; charset=UTF-8
      ETag:
      - CLbfkom21uUCEAE=
      Pragma:
      - no-cache
      Server:
      - UploadServer
      Vary:
      - Origin
      - X-Origin
    status:
      code: 200
      message: OK
- request:
    body: '{"name": "test/accounts.2.json", "metadata": null}'
    headers:
      Accept:
      - '*/*'
      Accept-Encoding:
      - gzip, deflate
      Connection:
      - keep-alive
      Content-Length:
      - '50'
      Content-Type:
      - application/json
    method: POST
    uri: https://www.googleapis.com/upload/storage/v1/b/gcsfs-testing/o?uploadType=resumable
  response:
    body:
      string: ''
    headers:
      Cache-Control:
      - no-cache, no-store, max-age=0, must-revalidate
      Content-Length:
      - '0'
      Content-Type:
      - text/plain; charset=utf-8
      Location:
      - https://www.googleapis.com/upload/storage/v1/b/gcsfs-testing/o?uploadType=resumable&upload_id=AEnB2UrhbvJ7wcOXQhqRu_Tjr5S8hwMKsT7tEVtU0cRLG79hx-1n-_Kjk2wH839AuiPeWm1UdJl8Mxi_S1-GDtPxWcO2sYpCUA
      Pragma:
      - no-cache
      Server:
      - UploadServer
      Vary:
      - Origin
      - X-Origin
    status:
      code: 200
      message: OK
- request:
    body: '{"amount": 500, "name": "Alice"}

      {"amount": 600, "name": "Bob"}

      {"amount": 700, "name": "Charlie"}

      {"amount": 800, "name": "Dennis"}

'
    headers:
      Accept:
      - '*/*'
      Accept-Encoding:
      - gzip, deflate
      Connection:
      - keep-alive
      Content-Length:
      - '133'
      Content-Range:
      - bytes 0-132/133
      Content-Type:
      - application/octet-stream
    method: POST
    uri: https://www.googleapis.com/upload/storage/v1/b/gcsfs-testing/o?uploadType=resumable&uploadType=resumable&upload_id=AEnB2UrhbvJ7wcOXQhqRu_Tjr5S8hwMKsT7tEVtU0cRLG79hx-1n-_Kjk2wH839AuiPeWm1UdJl8Mxi_S1-GDtPxWcO2sYpCUA
  response:
    body:
      string: "{\n \"kind\": \"storage#object\",\n \"id\": \"gcsfs-testing/test/accounts.2.json/1573072057267718\",\n
        \"selfLink\": \"https://www.googleapis.com/storage/v1/b/gcsfs-testing/o/test%2Faccounts.2.json\",\n
        \"name\": \"test/accounts.2.json\",\n \"bucket\": \"gcsfs-testing\",\n \"generation\":
        \"1573072057267718\",\n \"metageneration\": \"1\",\n \"timeCreated\": \"2019-11-06T20:27:37.267Z\",\n
        \"updated\": \"2019-11-06T20:27:37.267Z\",\n \"storageClass\": \"MULTI_REGIONAL\",\n
        \"timeStorageClassUpdated\": \"2019-11-06T20:27:37.267Z\",\n \"size\": \"133\",\n
        \"md5Hash\": \"bjhC5OCrzKV+8MGMCF2BQA==\",\n \"mediaLink\": \"https://www.googleapis.com/download/storage/v1/b/gcsfs-testing/o/test%2Faccounts.2.json?generation=1573072057267718&alt=media\",\n
        \"crc32c\": \"Su+F+g==\",\n \"etag\": \"CIbst4m21uUCEAE=\"\n}\n"
    headers:
      Cache-Control:
      - no-cache, no-store, max-age=0, must-revalidate
      Content-Length:
      - '729'
      Content-Type:
      - application/json; charset=UTF-8
      ETag:
      - CIbst4m21uUCEAE=
      Pragma:
      - no-cache
      Server:
      - UploadServer
      Vary:
      - Origin
      - X-Origin
    status:
      code: 200
      message: OK
- request:
    body: '{"name": "2014-01-01.csv", "metadata": null}'
    headers:
      Accept:
      - '*/*'
      Accept-Encoding:
      - gzip, deflate
      Connection:
      - keep-alive
      Content-Length:
      - '44'
      Content-Type:
      - application/json
    method: POST
    uri: https://www.googleapis.com/upload/storage/v1/b/gcsfs-testing/o?uploadType=resumable
  response:
    body:
      string: ''
    headers:
      Cache-Control:
      - no-cache, no-store, max-age=0, must-revalidate
      Content-Length:
      - '0'
      Content-Type:
      - text/plain; charset=utf-8
      Location:
      - https://www.googleapis.com/upload/storage/v1/b/gcsfs-testing/o?uploadType=resumable&upload_id=AEnB2Uq_ua_i6Kp3qi0ywfa4qgcac0aNRf7C2JqErO5RULzQQTXgi5BRq9TnsxxAP72SYtLxiY_1ymUxMc4foJTkbHscpIMwdg
      Pragma:
      - no-cache
      Server:
      - UploadServer
      Vary:
      - Origin
      - X-Origin
    status:
      code: 200
      message: OK
- request:
    body: 'name,amount,id

      Alice,100,1

      Bob,200,2

      Charlie,300,3

'
    headers:
      Accept:
      - '*/*'
      Accept-Encoding:
      - gzip, deflate
      Connection:
      - keep-alive
      Content-Length:
      - '51'
      Content-Range:
      - bytes 0-50/51
      Content-Type:
      - application/octet-stream
    method: POST
    uri: https://www.googleapis.com/upload/storage/v1/b/gcsfs-testing/o?uploadType=resumable&uploadType=resumable&upload_id=AEnB2Uq_ua_i6Kp3qi0ywfa4qgcac0aNRf7C2JqErO5RULzQQTXgi5BRq9TnsxxAP72SYtLxiY_1ymUxMc4foJTkbHscpIMwdg
  response:
    body:
      string: "{\n \"kind\": \"storage#object\",\n \"id\": \"gcsfs-testing/2014-01-01.csv/1573072058185092\",\n
        \"selfLink\": \"https://www.googleapis.com/storage/v1/b/gcsfs-testing/o/2014-01-01.csv\",\n
        \"name\": \"2014-01-01.csv\",\n \"bucket\": \"gcsfs-testing\",\n \"generation\":
        \"1573072058185092\",\n \"metageneration\": \"1\",\n \"timeCreated\": \"2019-11-06T20:27:38.184Z\",\n
        \"updated\": \"2019-11-06T20:27:38.184Z\",\n \"storageClass\": \"MULTI_REGIONAL\",\n
        \"timeStorageClassUpdated\": \"2019-11-06T20:27:38.184Z\",\n \"size\": \"51\",\n
        \"md5Hash\": \"Auycd2AT7x5m8G1W0NXcuA==\",\n \"mediaLink\": \"https://www.googleapis.com/download/storage/v1/b/gcsfs-testing/o/2014-01-01.csv?generation=1573072058185092&alt=media\",\n
        \"crc32c\": \"yR1u0w==\",\n \"etag\": \"CITr74m21uUCEAE=\"\n}\n"
    headers:
      Cache-Control:
      - no-cache, no-store, max-age=0, must-revalidate
      Content-Length:
      - '700'
      Content-Type:
      - application/json; charset=UTF-8
      ETag:
      - CITr74m21uUCEAE=
      Pragma:
      - no-cache
      Server:
      - UploadServer
      Vary:
      - Origin
      - X-Origin
    status:
      code: 200
      message: OK
- request:
    body: '{"name": "2014-01-02.csv", "metadata": null}'
    headers:
      Accept:
      - '*/*'
      Accept-Encoding:
      - gzip, deflate
      Connection:
      - keep-alive
      Content-Length:
      - '44'
      Content-Type:
      - application/json
    method: POST
    uri: https://www.googleapis.com/upload/storage/v1/b/gcsfs-testing/o?uploadType=resumable
  response:
    body:
      string: ''
    headers:
      Cache-Control:
      - no-cache, no-store, max-age=0, must-revalidate
      Content-Length:
      - '0'
      Content-Type:
      - text/plain; charset=utf-8
      Location:
      - https://www.googleapis.com/upload/storage/v1/b/gcsfs-testing/o?uploadType=resumable&upload_id=AEnB2UpteXo2nnPJ5zQB4n-JxI9mw2I1Bt7KH3i4B5N73qO991AnLdJvRyYDeVjulBKumPU-NvxddwCKMVYML7NtUh6eaBAUiw
      Pragma:
      - no-cache
      Server:
      - UploadServer
      Vary:
      - Origin
      - X-Origin
    status:
      code: 200
      message: OK
- request:
    body: 'name,amount,id

'
    headers:
      Accept:
      - '*/*'
      Accept-Encoding:
      - gzip, deflate
      Connection:
      - keep-alive
      Content-Length:
      - '15'
      Content-Range:
      - bytes 0-14/15
      Content-Type:
      - application/octet-stream
    method: POST
    uri: https://www.googleapis.com/upload/storage/v1/b/gcsfs-testing/o?uploadType=resumable&uploadType=resumable&upload_id=AEnB2UpteXo2nnPJ5zQB4n-JxI9mw2I1Bt7KH3i4B5N73qO991AnLdJvRyYDeVjulBKumPU-NvxddwCKMVYML7NtUh6eaBAUiw
  response:
    body:
      string: "{\n \"kind\": \"storage#object\",\n \"id\": \"gcsfs-testing/2014-01-02.csv/1573072058809132\",\n
        \"selfLink\": \"https://www.googleapis.com/storage/v1/b/gcsfs-testing/o/2014-01-02.csv\",\n
        \"name\": \"2014-01-02.csv\",\n \"bucket\": \"gcsfs-testing\",\n \"generation\":
        \"1573072058809132\",\n \"metageneration\": \"1\",\n \"timeCreated\": \"2019-11-06T20:27:38.808Z\",\n
        \"updated\": \"2019-11-06T20:27:38.808Z\",\n \"storageClass\": \"MULTI_REGIONAL\",\n
        \"timeStorageClassUpdated\": \"2019-11-06T20:27:38.808Z\",\n \"size\": \"15\",\n
        \"md5Hash\": \"cGwL6TebGKiJzgyNBJNb6Q==\",\n \"mediaLink\": \"https://www.googleapis.com/download/storage/v1/b/gcsfs-testing/o/2014-01-02.csv?generation=1573072058809132&alt=media\",\n
        \"crc32c\": \"Mpt4QQ==\",\n \"etag\": \"CKz2lYq21uUCEAE=\"\n}\n"
    headers:
      Cache-Control:
      - no-cache, no-store, max-age=0, must-revalidate
      Content-Length:
      - '700'
      Content-Type:
      - application/json; charset=UTF-8
      ETag:
      - CKz2lYq21uUCEAE=
      Pragma:
      - no-cache
      Server:
      - UploadServer
      Vary:
      - Origin
      - X-Origin
    status:
      code: 200
      message: OK
- request:
    body: '{"name": "2014-01-03.csv", "metadata": null}'
    headers:
      Accept:
      - '*/*'
      Accept-Encoding:
      - gzip, deflate
      Connection:
      - keep-alive
      Content-Length:
      - '44'
      Content-Type:
      - application/json
    method: POST
    uri: https://www.googleapis.com/upload/storage/v1/b/gcsfs-testing/o?uploadType=resumable
  response:
    body:
      string: ''
    headers:
      Cache-Control:
      - no-cache, no-store, max-age=0, must-revalidate
      Content-Length:
      - '0'
      Content-Type:
      - text/plain; charset=utf-8
      Location:
      - https://www.googleapis.com/upload/storage/v1/b/gcsfs-testing/o?uploadType=resumable&upload_id=AEnB2UqQuA_oIaVU3H1PE7tglybLiQVJSxkSsl1LoETXENaMt1vJ3I8DttsepNSS5tOKFV88Hek6sazQtAcoAKxSezZND2z46w
      Pragma:
      - no-cache
      Server:
      - UploadServer
      Vary:
      - Origin
      - X-Origin
    status:
      code: 200
      message: OK
- request:
    body: 'name,amount,id

      Dennis,400,4

      Edith,500,5

      Frank,600,6

'
    headers:
      Accept:
      - '*/*'
      Accept-Encoding:
      - gzip, deflate
      Connection:
      - keep-alive
      Content-Length:
      - '52'
      Content-Range:
      - bytes 0-51/52
      Content-Type:
      - application/octet-stream
    method: POST
    uri: https://www.googleapis.com/upload/storage/v1/b/gcsfs-testing/o?uploadType=resumable&uploadType=resumable&upload_id=AEnB2UqQuA_oIaVU3H1PE7tglybLiQVJSxkSsl1LoETXENaMt1vJ3I8DttsepNSS5tOKFV88Hek6sazQtAcoAKxSezZND2z46w
  response:
    body:
      string: "{\n \"kind\": \"storage#object\",\n \"id\": \"gcsfs-testing/2014-01-03.csv/1573072059733087\",\n
        \"selfLink\": \"https://www.googleapis.com/storage/v1/b/gcsfs-testing/o/2014-01-03.csv\",\n
        \"name\": \"2014-01-03.csv\",\n \"bucket\": \"gcsfs-testing\",\n \"generation\":
        \"1573072059733087\",\n \"metageneration\": \"1\",\n \"timeCreated\": \"2019-11-06T20:27:39.732Z\",\n
        \"updated\": \"2019-11-06T20:27:39.732Z\",\n \"storageClass\": \"MULTI_REGIONAL\",\n
        \"timeStorageClassUpdated\": \"2019-11-06T20:27:39.732Z\",\n \"size\": \"52\",\n
        \"md5Hash\": \"9keZXdUu0YtMynECFSOiMg==\",\n \"mediaLink\": \"https://www.googleapis.com/download/storage/v1/b/gcsfs-testing/o/2014-01-03.csv?generation=1573072059733087&alt=media\",\n
        \"crc32c\": \"x/fq7w==\",\n \"etag\": \"CN+ozoq21uUCEAE=\"\n}\n"
    headers:
      Cache-Control:
      - no-cache, no-store, max-age=0, must-revalidate
      Content-Length:
      - '700'
      Content-Type:
      - application/json; charset=UTF-8
      ETag:
      - CN+ozoq21uUCEAE=
      Pragma:
      - no-cache
      Server:
      - UploadServer
      Vary:
      - Origin
      - X-Origin
    status:
      code: 200
      message: OK
- request:
    body: '{"name": "nested/file1", "metadata": null}'
    headers:
      Accept:
      - '*/*'
      Accept-Encoding:
      - gzip, deflate
      Connection:
      - keep-alive
      Content-Length:
      - '42'
      Content-Type:
      - application/json
    method: POST
    uri: https://www.googleapis.com/upload/storage/v1/b/gcsfs-testing/o?uploadType=resumable
  response:
    body:
      string: ''
    headers:
      Cache-Control:
      - no-cache, no-store, max-age=0, must-revalidate
      Content-Length:
      - '0'
      Content-Type:
      - text/plain; charset=utf-8
      Location:
      - https://www.googleapis.com/upload/storage/v1/b/gcsfs-testing/o?uploadType=resumable&upload_id=AEnB2UoDBI5R-h3wcAF--1KdLqA4s4DPhpphAnfnekIvubmKyjz_dfnsPraIasM3_Jg0tqUGYO9wTCyxR52ODWjFqihoqwIlPQ
      Pragma:
      - no-cache
      Server:
      - UploadServer
      Vary:
      - Origin
      - X-Origin
    status:
      code: 200
      message: OK
- request:
    body: 'hello

'
    headers:
      Accept:
      - '*/*'
      Accept-Encoding:
      - gzip, deflate
      Connection:
      - keep-alive
      Content-Length:
      - '6'
      Content-Range:
      - bytes 0-5/6
      Content-Type:
      - application/octet-stream
    method: POST
    uri: https://www.googleapis.com/upload/storage/v1/b/gcsfs-testing/o?uploadType=resumable&uploadType=resumable&upload_id=AEnB2UoDBI5R-h3wcAF--1KdLqA4s4DPhpphAnfnekIvubmKyjz_dfnsPraIasM3_Jg0tqUGYO9wTCyxR52ODWjFqihoqwIlPQ
  response:
    body:
      string: "{\n \"kind\": \"storage#object\",\n \"id\": \"gcsfs-testing/nested/file1/1573072060327315\",\n
        \"selfLink\": \"https://www.googleapis.com/storage/v1/b/gcsfs-testing/o/nested%2Ffile1\",\n
        \"name\": \"nested/file1\",\n \"bucket\": \"gcsfs-testing\",\n \"generation\":
        \"1573072060327315\",\n \"metageneration\": \"1\",\n \"timeCreated\": \"2019-11-06T20:27:40.326Z\",\n
        \"updated\": \"2019-11-06T20:27:40.326Z\",\n \"storageClass\": \"MULTI_REGIONAL\",\n
        \"timeStorageClassUpdated\": \"2019-11-06T20:27:40.326Z\",\n \"size\": \"6\",\n
        \"md5Hash\": \"sZRqySSS0jR8YjW00mERhA==\",\n \"mediaLink\": \"https://www.googleapis.com/download/storage/v1/b/gcsfs-testing/o/nested%2Ffile1?generation=1573072060327315&alt=media\",\n
        \"crc32c\": \"NT3Yvg==\",\n \"etag\": \"CJPL8oq21uUCEAE=\"\n}\n"
    headers:
      Cache-Control:
      - no-cache, no-store, max-age=0, must-revalidate
      Content-Length:
      - '695'
      Content-Type:
      - application/json; charset=UTF-8
      ETag:
      - CJPL8oq21uUCEAE=
      Pragma:
      - no-cache
      Server:
      - UploadServer
      Vary:
      - Origin
      - X-Origin
    status:
      code: 200
      message: OK
- request:
    body: '{"name": "nested/file2", "metadata": null}'
    headers:
      Accept:
      - '*/*'
      Accept-Encoding:
      - gzip, deflate
      Connection:
      - keep-alive
      Content-Length:
      - '42'
      Content-Type:
      - application/json
    method: POST
    uri: https://www.googleapis.com/upload/storage/v1/b/gcsfs-testing/o?uploadType=resumable
  response:
    body:
      string: ''
    headers:
      Cache-Control:
      - no-cache, no-store, max-age=0, must-revalidate
      Content-Length:
      - '0'
      Content-Type:
      - text/plain; charset=utf-8
      Location:
      - https://www.googleapis.com/upload/storage/v1/b/gcsfs-testing/o?uploadType=resumable&upload_id=AEnB2UquMcynzApLaiyxbubNv1hi18ZfaLBD-DP_BjqPw7G4oDUcqY0RoMzZMXQJIihtpQjIUQhl1XPThsRLgS4xxYU4GaC5Zg
      Pragma:
      - no-cache
      Server:
      - UploadServer
      Vary:
      - Origin
      - X-Origin
    status:
      code: 200
      message: OK
- request:
    body: world
    headers:
      Accept:
      - '*/*'
      Accept-Encoding:
      - gzip, deflate
      Connection:
      - keep-alive
      Content-Length:
      - '5'
      Content-Range:
      - bytes 0-4/5
      Content-Type:
      - application/octet-stream
    method: POST
    uri: https://www.googleapis.com/upload/storage/v1/b/gcsfs-testing/o?uploadType=resumable&uploadType=resumable&upload_id=AEnB2UquMcynzApLaiyxbubNv1hi18ZfaLBD-DP_BjqPw7G4oDUcqY0RoMzZMXQJIihtpQjIUQhl1XPThsRLgS4xxYU4GaC5Zg
  response:
    body:
      string: "{\n \"kind\": \"storage#object\",\n \"id\": \"gcsfs-testing/nested/file2/1573072061193355\",\n
        \"selfLink\": \"https://www.googleapis.com/storage/v1/b/gcsfs-testing/o/nested%2Ffile2\",\n
        \"name\": \"nested/file2\",\n \"bucket\": \"gcsfs-testing\",\n \"generation\":
        \"1573072061193355\",\n \"metageneration\": \"1\",\n \"timeCreated\": \"2019-11-06T20:27:41.193Z\",\n
        \"updated\": \"2019-11-06T20:27:41.193Z\",\n \"storageClass\": \"MULTI_REGIONAL\",\n
        \"timeStorageClassUpdated\": \"2019-11-06T20:27:41.193Z\",\n \"size\": \"5\",\n
        \"md5Hash\": \"fXkwN6B2AYZXSwKC8vQ15w==\",\n \"mediaLink\": \"https://www.googleapis.com/download/storage/v1/b/gcsfs-testing/o/nested%2Ffile2?generation=1573072061193355&alt=media\",\n
        \"crc32c\": \"MaqBTg==\",\n \"etag\": \"CIu5p4u21uUCEAE=\"\n}\n"
    headers:
      Cache-Control:
      - no-cache, no-store, max-age=0, must-revalidate
      Content-Length:
      - '695'
      Content-Type:
      - application/json; charset=UTF-8
      ETag:
      - CIu5p4u21uUCEAE=
      Pragma:
      - no-cache
      Server:
      - UploadServer
      Vary:
      - Origin
      - X-Origin
    status:
      code: 200
      message: OK
- request:
    body: '{"name": "nested/nested2/file1", "metadata": null}'
    headers:
      Accept:
      - '*/*'
      Accept-Encoding:
      - gzip, deflate
      Connection:
      - keep-alive
      Content-Length:
      - '50'
      Content-Type:
      - application/json
    method: POST
    uri: https://www.googleapis.com/upload/storage/v1/b/gcsfs-testing/o?uploadType=resumable
  response:
    body:
      string: ''
    headers:
      Cache-Control:
      - no-cache, no-store, max-age=0, must-revalidate
      Content-Length:
      - '0'
      Content-Type:
      - text/plain; charset=utf-8
      Location:
      - https://www.googleapis.com/upload/storage/v1/b/gcsfs-testing/o?uploadType=resumable&upload_id=AEnB2UpIOlG9lQDpJbnoWCjDXl4i_1kn9VXPD_5JQcP0IvJKe7MzrZbQJP4U87rCCkWC40ZmRBYqA06YTP6zy9kQfmrm8cjo7Q
      Pragma:
      - no-cache
      Server:
      - UploadServer
      Vary:
      - Origin
      - X-Origin
    status:
      code: 200
      message: OK
- request:
    body: 'hello

'
    headers:
      Accept:
      - '*/*'
      Accept-Encoding:
      - gzip, deflate
      Connection:
      - keep-alive
      Content-Length:
      - '6'
      Content-Range:
      - bytes 0-5/6
      Content-Type:
      - application/octet-stream
    method: POST
    uri: https://www.googleapis.com/upload/storage/v1/b/gcsfs-testing/o?uploadType=resumable&uploadType=resumable&upload_id=AEnB2UpIOlG9lQDpJbnoWCjDXl4i_1kn9VXPD_5JQcP0IvJKe7MzrZbQJP4U87rCCkWC40ZmRBYqA06YTP6zy9kQfmrm8cjo7Q
  response:
    body:
      string: "{\n \"kind\": \"storage#object\",\n \"id\": \"gcsfs-testing/nested/nested2/file1/1573072061897275\",\n
        \"selfLink\": \"https://www.googleapis.com/storage/v1/b/gcsfs-testing/o/nested%2Fnested2%2Ffile1\",\n
        \"name\": \"nested/nested2/file1\",\n \"bucket\": \"gcsfs-testing\",\n \"generation\":
        \"1573072061897275\",\n \"metageneration\": \"1\",\n \"timeCreated\": \"2019-11-06T20:27:41.896Z\",\n
        \"updated\": \"2019-11-06T20:27:41.896Z\",\n \"storageClass\": \"MULTI_REGIONAL\",\n
        \"timeStorageClassUpdated\": \"2019-11-06T20:27:41.896Z\",\n \"size\": \"6\",\n
        \"md5Hash\": \"sZRqySSS0jR8YjW00mERhA==\",\n \"mediaLink\": \"https://www.googleapis.com/download/storage/v1/b/gcsfs-testing/o/nested%2Fnested2%2Ffile1?generation=1573072061897275&alt=media\",\n
        \"crc32c\": \"NT3Yvg==\",\n \"etag\": \"CLu00ou21uUCEAE=\"\n}\n"
    headers:
      Cache-Control:
      - no-cache, no-store, max-age=0, must-revalidate
      Content-Length:
      - '731'
      Content-Type:
      - application/json; charset=UTF-8
      ETag:
      - CLu00ou21uUCEAE=
      Pragma:
      - no-cache
      Server:
      - UploadServer
      Vary:
      - Origin
      - X-Origin
    status:
      code: 200
      message: OK
- request:
    body: '{"name": "nested/nested2/file2", "metadata": null}'
    headers:
      Accept:
      - '*/*'
      Accept-Encoding:
      - gzip, deflate
      Connection:
      - keep-alive
      Content-Length:
      - '50'
      Content-Type:
      - application/json
    method: POST
    uri: https://www.googleapis.com/upload/storage/v1/b/gcsfs-testing/o?uploadType=resumable
  response:
    body:
      string: ''
    headers:
      Cache-Control:
      - no-cache, no-store, max-age=0, must-revalidate
      Content-Length:
      - '0'
      Content-Type:
      - text/plain; charset=utf-8
      Location:
      - https://www.googleapis.com/upload/storage/v1/b/gcsfs-testing/o?uploadType=resumable&upload_id=AEnB2Upa4TSAghjzToWtqmfAUFsJ8eDrP9m4kWoaQ5OnLtTnX6qetc1GZE3jl2Iv2j50e_JFmrmGRI8mFkX6McuoAtyX22pr_A
      Pragma:
      - no-cache
      Server:
      - UploadServer
      Vary:
      - Origin
      - X-Origin
    status:
      code: 200
      message: OK
- request:
    body: world
    headers:
      Accept:
      - '*/*'
      Accept-Encoding:
      - gzip, deflate
      Connection:
      - keep-alive
      Content-Length:
      - '5'
      Content-Range:
      - bytes 0-4/5
      Content-Type:
      - application/octet-stream
    method: POST
    uri: https://www.googleapis.com/upload/storage/v1/b/gcsfs-testing/o?uploadType=resumable&uploadType=resumable&upload_id=AEnB2Upa4TSAghjzToWtqmfAUFsJ8eDrP9m4kWoaQ5OnLtTnX6qetc1GZE3jl2Iv2j50e_JFmrmGRI8mFkX6McuoAtyX22pr_A
  response:
    body:
      string: "{\n \"kind\": \"storage#object\",\n \"id\": \"gcsfs-testing/nested/nested2/file2/1573072062605290\",\n
        \"selfLink\": \"https://www.googleapis.com/storage/v1/b/gcsfs-testing/o/nested%2Fnested2%2Ffile2\",\n
        \"name\": \"nested/nested2/file2\",\n \"bucket\": \"gcsfs-testing\",\n \"generation\":
        \"1573072062605290\",\n \"metageneration\": \"1\",\n \"timeCreated\": \"2019-11-06T20:27:42.605Z\",\n
        \"updated\": \"2019-11-06T20:27:42.605Z\",\n \"storageClass\": \"MULTI_REGIONAL\",\n
        \"timeStorageClassUpdated\": \"2019-11-06T20:27:42.605Z\",\n \"size\": \"5\",\n
        \"md5Hash\": \"fXkwN6B2AYZXSwKC8vQ15w==\",\n \"mediaLink\": \"https://www.googleapis.com/download/storage/v1/b/gcsfs-testing/o/nested%2Fnested2%2Ffile2?generation=1573072062605290&alt=media\",\n
        \"crc32c\": \"MaqBTg==\",\n \"etag\": \"COrP/Yu21uUCEAE=\"\n}\n"
    headers:
      Cache-Control:
      - no-cache, no-store, max-age=0, must-revalidate
      Content-Length:
      - '731'
      Content-Type:
      - application/json; charset=UTF-8
      ETag:
      - COrP/Yu21uUCEAE=
      Pragma:
      - no-cache
      Server:
      - UploadServer
      Vary:
      - Origin
      - X-Origin
    status:
      code: 200
      message: OK
- request:
    body: null
    headers:
      Accept:
      - '*/*'
      Accept-Encoding:
      - gzip, deflate
      Connection:
      - keep-alive
      Content-Length:
      - '0'
    method: POST
    uri: https://www.googleapis.com/storage/v1/b/gcsfs-testing/o/test%2Faccounts.1.json/rewriteTo/b/gcsfs-testing/o/test%2Faccounts.1.json2
  response:
    body:
      string: "{\n \"kind\": \"storage#rewriteResponse\",\n \"totalBytesRewritten\":
        \"133\",\n \"objectSize\": \"133\",\n \"done\": true,\n \"resource\": {\n
        \ \"kind\": \"storage#object\",\n  \"id\": \"gcsfs-testing/test/accounts.1.json2/1573072063036129\",\n
        \ \"selfLink\": \"https://www.googleapis.com/storage/v1/b/gcsfs-testing/o/test%2Faccounts.1.json2\",\n
        \ \"name\": \"test/accounts.1.json2\",\n  \"bucket\": \"gcsfs-testing\",\n
        \ \"generation\": \"1573072063036129\",\n  \"metageneration\": \"1\",\n  \"timeCreated\":
        \"2019-11-06T20:27:43.035Z\",\n  \"updated\": \"2019-11-06T20:27:43.035Z\",\n
        \ \"storageClass\": \"MULTI_REGIONAL\",\n  \"timeStorageClassUpdated\": \"2019-11-06T20:27:43.035Z\",\n
        \ \"size\": \"133\",\n  \"md5Hash\": \"xK7pmJz/Oj5HGIyfQpYTig==\",\n  \"mediaLink\":
        \"https://www.googleapis.com/download/storage/v1/b/gcsfs-testing/o/test%2Faccounts.1.json2?generation=1573072063036129&alt=media\",\n
        \ \"crc32c\": \"6wJAgQ==\",\n  \"etag\": \"COH1l4y21uUCEAE=\"\n }\n}\n"
    headers:
      Cache-Control:
      - no-cache, no-store, max-age=0, must-revalidate
      Content-Length:
      - '871'
      Content-Type:
      - application/json; charset=UTF-8
      Pragma:
      - no-cache
      Server:
      - UploadServer
      Vary:
      - Origin
      - X-Origin
    status:
      code: 200
      message: OK
- request:
    body: null
    headers:
      Accept:
      - '*/*'
      Accept-Encoding:
      - gzip, deflate
      Connection:
      - keep-alive
    method: GET
    uri: https://www.googleapis.com/download/storage/v1/b/gcsfs-testing/o/test%2Faccounts.1.json?alt=media
  response:
    body:
      string: '{"amount": 100, "name": "Alice"}

        {"amount": 200, "name": "Bob"}

        {"amount": 300, "name": "Charlie"}

        {"amount": 400, "name": "Dennis"}

'
    headers:
      Cache-Control:
      - no-cache, no-store, max-age=0, must-revalidate
      Content-Disposition:
      - attachment
      Content-Length:
      - '133'
      Content-Type:
      - application/octet-stream
      ETag:
      - CLbfkom21uUCEAE=
      Pragma:
      - no-cache
      Server:
      - UploadServer
      Vary:
      - Origin
      - X-Origin
      X-Goog-Generation:
      - '1573072056659894'
      X-Goog-Hash:
      - crc32c=6wJAgQ==,md5=xK7pmJz/Oj5HGIyfQpYTig==
      X-Goog-Metageneration:
      - '1'
      X-Goog-Storage-Class:
      - MULTI_REGIONAL
    status:
      code: 200
      message: OK
- request:
    body: null
    headers:
      Accept:
      - '*/*'
      Accept-Encoding:
      - gzip, deflate
      Connection:
      - keep-alive
    method: GET
    uri: https://www.googleapis.com/download/storage/v1/b/gcsfs-testing/o/test%2Faccounts.1.json2?alt=media
  response:
    body:
      string: '{"amount": 100, "name": "Alice"}

        {"amount": 200, "name": "Bob"}

        {"amount": 300, "name": "Charlie"}

        {"amount": 400, "name": "Dennis"}

'
    headers:
      Cache-Control:
      - no-cache, no-store, max-age=0, must-revalidate
      Content-Disposition:
      - attachment
      Content-Length:
      - '133'
      Content-Type:
      - application/octet-stream
      ETag:
      - COH1l4y21uUCEAE=
      Pragma:
      - no-cache
      Server:
      - UploadServer
      Vary:
      - Origin
      - X-Origin
      X-Goog-Generation:
      - '1573072063036129'
      X-Goog-Hash:
      - crc32c=6wJAgQ==,md5=xK7pmJz/Oj5HGIyfQpYTig==
      X-Goog-Metageneration:
      - '1'
      X-Goog-Storage-Class:
      - MULTI_REGIONAL
    status:
      code: 200
      message: OK
- request:
    body: null
    headers:
      Accept:
      - '*/*'
      Accept-Encoding:
      - gzip, deflate
      Connection:
      - keep-alive
    method: GET
    uri: https://www.googleapis.com/storage/v1/b/gcsfs-testing/o/?delimiter=%2F
  response:
    body:
      string: "{\n  \"kind\": \"storage#objects\",\n  \"prefixes\": [\n    \"nested/\",\n
        \   \"test/\"\n  ],\n  \"items\": [\n    {\n      \"kind\": \"storage#object\",\n
        \     \"id\": \"gcsfs-testing/2014-01-01.csv/1573072058185092\",\n      \"selfLink\":
        \"https://www.googleapis.com/storage/v1/b/gcsfs-testing/o/2014-01-01.csv\",\n
        \     \"name\": \"2014-01-01.csv\",\n      \"bucket\": \"gcsfs-testing\",\n
        \     \"generation\": \"1573072058185092\",\n      \"metageneration\": \"1\",\n
        \     \"storageClass\": \"MULTI_REGIONAL\",\n      \"size\": \"51\",\n      \"md5Hash\":
        \"Auycd2AT7x5m8G1W0NXcuA==\",\n      \"mediaLink\": \"https://www.googleapis.com/download/storage/v1/b/gcsfs-testing/o/2014-01-01.csv?generation=1573072058185092&alt=media\",\n
        \     \"crc32c\": \"yR1u0w==\",\n      \"etag\": \"CITr74m21uUCEAE=\",\n      \"timeCreated\":
        \"2019-11-06T20:27:38.184Z\",\n      \"updated\": \"2019-11-06T20:27:38.184Z\",\n
        \     \"timeStorageClassUpdated\": \"2019-11-06T20:27:38.184Z\"\n    },\n
        \   {\n      \"kind\": \"storage#object\",\n      \"id\": \"gcsfs-testing/2014-01-02.csv/1573072058809132\",\n
        \     \"selfLink\": \"https://www.googleapis.com/storage/v1/b/gcsfs-testing/o/2014-01-02.csv\",\n
        \     \"name\": \"2014-01-02.csv\",\n      \"bucket\": \"gcsfs-testing\",\n
        \     \"generation\": \"1573072058809132\",\n      \"metageneration\": \"1\",\n
        \     \"storageClass\": \"MULTI_REGIONAL\",\n      \"size\": \"15\",\n      \"md5Hash\":
        \"cGwL6TebGKiJzgyNBJNb6Q==\",\n      \"mediaLink\": \"https://www.googleapis.com/download/storage/v1/b/gcsfs-testing/o/2014-01-02.csv?generation=1573072058809132&alt=media\",\n
        \     \"crc32c\": \"Mpt4QQ==\",\n      \"etag\": \"CKz2lYq21uUCEAE=\",\n      \"timeCreated\":
        \"2019-11-06T20:27:38.808Z\",\n      \"updated\": \"2019-11-06T20:27:38.808Z\",\n
        \     \"timeStorageClassUpdated\": \"2019-11-06T20:27:38.808Z\"\n    },\n
        \   {\n      \"kind\": \"storage#object\",\n      \"id\": \"gcsfs-testing/2014-01-03.csv/1573072059733087\",\n
        \     \"selfLink\": \"https://www.googleapis.com/storage/v1/b/gcsfs-testing/o/2014-01-03.csv\",\n
        \     \"name\": \"2014-01-03.csv\",\n      \"bucket\": \"gcsfs-testing\",\n
        \     \"generation\": \"1573072059733087\",\n      \"metageneration\": \"1\",\n
        \     \"storageClass\": \"MULTI_REGIONAL\",\n      \"size\": \"52\",\n      \"md5Hash\":
        \"9keZXdUu0YtMynECFSOiMg==\",\n      \"mediaLink\": \"https://www.googleapis.com/download/storage/v1/b/gcsfs-testing/o/2014-01-03.csv?generation=1573072059733087&alt=media\",\n
        \     \"crc32c\": \"x/fq7w==\",\n      \"etag\": \"CN+ozoq21uUCEAE=\",\n      \"timeCreated\":
        \"2019-11-06T20:27:39.732Z\",\n      \"updated\": \"2019-11-06T20:27:39.732Z\",\n
        \     \"timeStorageClassUpdated\": \"2019-11-06T20:27:39.732Z\"\n    }\n  ]\n}\n"
    headers:
      Cache-Control:
      - private, max-age=0, must-revalidate, no-transform
      Content-Length:
      - '2464'
      Content-Type:
      - application/json; charset=UTF-8
      Server:
      - UploadServer
      Vary:
      - Origin
      - X-Origin
    status:
      code: 200
      message: OK
- request:
    body: null
    headers:
      Accept:
      - '*/*'
      Accept-Encoding:
      - gzip, deflate
      Connection:
      - keep-alive
    method: GET
    uri: https://www.googleapis.com/storage/v1/b/gcsfs-testing/o/?delimiter=%2F&prefix=nested
  response:
    body:
      string: "{\n  \"kind\": \"storage#objects\",\n  \"prefixes\": [\n    \"nested/\"\n
        \ ]\n}\n"
    headers:
      Cache-Control:
      - private, max-age=0, must-revalidate, no-transform
      Content-Length:
      - '67'
      Content-Type:
      - application/json; charset=UTF-8
      Server:
      - UploadServer
      Vary:
      - Origin
      - X-Origin
    status:
      code: 200
      message: OK
- request:
    body: null
    headers:
      Accept:
      - '*/*'
      Accept-Encoding:
      - gzip, deflate
      Connection:
      - keep-alive
    method: GET
    uri: https://www.googleapis.com/storage/v1/b/gcsfs-testing/o/?delimiter=%2F&prefix=nested%2F
  response:
    body:
      string: "{\n  \"kind\": \"storage#objects\",\n  \"prefixes\": [\n    \"nested/nested2/\"\n
        \ ],\n  \"items\": [\n    {\n      \"kind\": \"storage#object\",\n      \"id\":
        \"gcsfs-testing/nested/file1/1573072060327315\",\n      \"selfLink\": \"https://www.googleapis.com/storage/v1/b/gcsfs-testing/o/nested%2Ffile1\",\n
        \     \"name\": \"nested/file1\",\n      \"bucket\": \"gcsfs-testing\",\n
        \     \"generation\": \"1573072060327315\",\n      \"metageneration\": \"1\",\n
        \     \"storageClass\": \"MULTI_REGIONAL\",\n      \"size\": \"6\",\n      \"md5Hash\":
        \"sZRqySSS0jR8YjW00mERhA==\",\n      \"mediaLink\": \"https://www.googleapis.com/download/storage/v1/b/gcsfs-testing/o/nested%2Ffile1?generation=1573072060327315&alt=media\",\n
        \     \"crc32c\": \"NT3Yvg==\",\n      \"etag\": \"CJPL8oq21uUCEAE=\",\n      \"timeCreated\":
        \"2019-11-06T20:27:40.326Z\",\n      \"updated\": \"2019-11-06T20:27:40.326Z\",\n
        \     \"timeStorageClassUpdated\": \"2019-11-06T20:27:40.326Z\"\n    },\n
        \   {\n      \"kind\": \"storage#object\",\n      \"id\": \"gcsfs-testing/nested/file2/1573072061193355\",\n
        \     \"selfLink\": \"https://www.googleapis.com/storage/v1/b/gcsfs-testing/o/nested%2Ffile2\",\n
        \     \"name\": \"nested/file2\",\n      \"bucket\": \"gcsfs-testing\",\n
        \     \"generation\": \"1573072061193355\",\n      \"metageneration\": \"1\",\n
        \     \"storageClass\": \"MULTI_REGIONAL\",\n      \"size\": \"5\",\n      \"md5Hash\":
        \"fXkwN6B2AYZXSwKC8vQ15w==\",\n      \"mediaLink\": \"https://www.googleapis.com/download/storage/v1/b/gcsfs-testing/o/nested%2Ffile2?generation=1573072061193355&alt=media\",\n
        \     \"crc32c\": \"MaqBTg==\",\n      \"etag\": \"CIu5p4u21uUCEAE=\",\n      \"timeCreated\":
        \"2019-11-06T20:27:41.193Z\",\n      \"updated\": \"2019-11-06T20:27:41.193Z\",\n
        \     \"timeStorageClassUpdated\": \"2019-11-06T20:27:41.193Z\"\n    }\n  ]\n}\n"
    headers:
      Cache-Control:
      - private, max-age=0, must-revalidate, no-transform
      Content-Length:
      - '1660'
      Content-Type:
      - application/json; charset=UTF-8
      Server:
      - UploadServer
      Vary:
      - Origin
      - X-Origin
    status:
      code: 200
      message: OK
- request:
    body: null
    headers:
      Accept:
      - '*/*'
      Accept-Encoding:
      - gzip, deflate
      Connection:
      - keep-alive
    method: GET
    uri: https://www.googleapis.com/storage/v1/b/gcsfs-testing/o/?delimiter=%2F&prefix=nested%2Fnested2
  response:
    body:
      string: "{\n  \"kind\": \"storage#objects\",\n  \"prefixes\": [\n    \"nested/nested2/\"\n
        \ ]\n}\n"
    headers:
      Cache-Control:
      - private, max-age=0, must-revalidate, no-transform
      Content-Length:
      - '75'
      Content-Type:
      - application/json; charset=UTF-8
      Server:
      - UploadServer
      Vary:
      - Origin
      - X-Origin
    status:
      code: 200
      message: OK
- request:
    body: null
    headers:
      Accept:
      - '*/*'
      Accept-Encoding:
      - gzip, deflate
      Connection:
      - keep-alive
    method: GET
    uri: https://www.googleapis.com/storage/v1/b/gcsfs-testing/o/?delimiter=%2F&prefix=nested%2Fnested2%2F
  response:
    body:
      string: "{\n  \"kind\": \"storage#objects\",\n  \"items\": [\n    {\n      \"kind\":
        \"storage#object\",\n      \"id\": \"gcsfs-testing/nested/nested2/file1/1573072061897275\",\n
        \     \"selfLink\": \"https://www.googleapis.com/storage/v1/b/gcsfs-testing/o/nested%2Fnested2%2Ffile1\",\n
        \     \"name\": \"nested/nested2/file1\",\n      \"bucket\": \"gcsfs-testing\",\n
        \     \"generation\": \"1573072061897275\",\n      \"metageneration\": \"1\",\n
        \     \"storageClass\": \"MULTI_REGIONAL\",\n      \"size\": \"6\",\n      \"md5Hash\":
        \"sZRqySSS0jR8YjW00mERhA==\",\n      \"mediaLink\": \"https://www.googleapis.com/download/storage/v1/b/gcsfs-testing/o/nested%2Fnested2%2Ffile1?generation=1573072061897275&alt=media\",\n
        \     \"crc32c\": \"NT3Yvg==\",\n      \"etag\": \"CLu00ou21uUCEAE=\",\n      \"timeCreated\":
        \"2019-11-06T20:27:41.896Z\",\n      \"updated\": \"2019-11-06T20:27:41.896Z\",\n
        \     \"timeStorageClassUpdated\": \"2019-11-06T20:27:41.896Z\"\n    },\n
        \   {\n      \"kind\": \"storage#object\",\n      \"id\": \"gcsfs-testing/nested/nested2/file2/1573072062605290\",\n
        \     \"selfLink\": \"https://www.googleapis.com/storage/v1/b/gcsfs-testing/o/nested%2Fnested2%2Ffile2\",\n
        \     \"name\": \"nested/nested2/file2\",\n      \"bucket\": \"gcsfs-testing\",\n
        \     \"generation\": \"1573072062605290\",\n      \"metageneration\": \"1\",\n
        \     \"storageClass\": \"MULTI_REGIONAL\",\n      \"size\": \"5\",\n      \"md5Hash\":
        \"fXkwN6B2AYZXSwKC8vQ15w==\",\n      \"mediaLink\": \"https://www.googleapis.com/download/storage/v1/b/gcsfs-testing/o/nested%2Fnested2%2Ffile2?generation=1573072062605290&alt=media\",\n
        \     \"crc32c\": \"MaqBTg==\",\n      \"etag\": \"COrP/Yu21uUCEAE=\",\n      \"timeCreated\":
        \"2019-11-06T20:27:42.605Z\",\n      \"updated\": \"2019-11-06T20:27:42.605Z\",\n
        \     \"timeStorageClassUpdated\": \"2019-11-06T20:27:42.605Z\"\n    }\n  ]\n}\n"
    headers:
      Cache-Control:
      - private, max-age=0, must-revalidate, no-transform
      Content-Length:
      - '1689'
      Content-Type:
      - application/json; charset=UTF-8
      Server:
      - UploadServer
      Vary:
      - Origin
      - X-Origin
    status:
      code: 200
      message: OK
- request:
    body: null
    headers:
      Accept:
      - '*/*'
      Accept-Encoding:
      - gzip, deflate
      Connection:
      - keep-alive
    method: GET
    uri: https://www.googleapis.com/storage/v1/b/gcsfs-testing/o/?delimiter=%2F&prefix=test
  response:
    body:
      string: "{\n  \"kind\": \"storage#objects\",\n  \"prefixes\": [\n    \"test/\"\n
        \ ]\n}\n"
    headers:
      Cache-Control:
      - private, max-age=0, must-revalidate, no-transform
      Content-Length:
      - '65'
      Content-Type:
      - application/json; charset=UTF-8
      Server:
      - UploadServer
      Vary:
      - Origin
      - X-Origin
    status:
      code: 200
      message: OK
- request:
    body: null
    headers:
      Accept:
      - '*/*'
      Accept-Encoding:
      - gzip, deflate
      Connection:
      - keep-alive
    method: GET
    uri: https://www.googleapis.com/storage/v1/b/gcsfs-testing/o/?delimiter=%2F&prefix=test%2F
  response:
    body:
      string: "{\n  \"kind\": \"storage#objects\",\n  \"items\": [\n    {\n      \"kind\":
        \"storage#object\",\n      \"id\": \"gcsfs-testing/test/accounts.1.json/1573072056659894\",\n
        \     \"selfLink\": \"https://www.googleapis.com/storage/v1/b/gcsfs-testing/o/test%2Faccounts.1.json\",\n
        \     \"name\": \"test/accounts.1.json\",\n      \"bucket\": \"gcsfs-testing\",\n
        \     \"generation\": \"1573072056659894\",\n      \"metageneration\": \"1\",\n
        \     \"storageClass\": \"MULTI_REGIONAL\",\n      \"size\": \"133\",\n      \"md5Hash\":
        \"xK7pmJz/Oj5HGIyfQpYTig==\",\n      \"mediaLink\": \"https://www.googleapis.com/download/storage/v1/b/gcsfs-testing/o/test%2Faccounts.1.json?generation=1573072056659894&alt=media\",\n
        \     \"crc32c\": \"6wJAgQ==\",\n      \"etag\": \"CLbfkom21uUCEAE=\",\n      \"timeCreated\":
        \"2019-11-06T20:27:36.659Z\",\n      \"updated\": \"2019-11-06T20:27:36.659Z\",\n
        \     \"timeStorageClassUpdated\": \"2019-11-06T20:27:36.659Z\"\n    },\n
        \   {\n      \"kind\": \"storage#object\",\n      \"id\": \"gcsfs-testing/test/accounts.1.json2/1573072063036129\",\n
        \     \"selfLink\": \"https://www.googleapis.com/storage/v1/b/gcsfs-testing/o/test%2Faccounts.1.json2\",\n
        \     \"name\": \"test/accounts.1.json2\",\n      \"bucket\": \"gcsfs-testing\",\n
        \     \"generation\": \"1573072063036129\",\n      \"metageneration\": \"1\",\n
        \     \"storageClass\": \"MULTI_REGIONAL\",\n      \"size\": \"133\",\n      \"md5Hash\":
        \"xK7pmJz/Oj5HGIyfQpYTig==\",\n      \"mediaLink\": \"https://www.googleapis.com/download/storage/v1/b/gcsfs-testing/o/test%2Faccounts.1.json2?generation=1573072063036129&alt=media\",\n
        \     \"crc32c\": \"6wJAgQ==\",\n      \"etag\": \"COH1l4y21uUCEAE=\",\n      \"timeCreated\":
        \"2019-11-06T20:27:43.035Z\",\n      \"updated\": \"2019-11-06T20:27:43.035Z\",\n
        \     \"timeStorageClassUpdated\": \"2019-11-06T20:27:43.035Z\"\n    },\n
        \   {\n      \"kind\": \"storage#object\",\n      \"id\": \"gcsfs-testing/test/accounts.2.json/1573072057267718\",\n
        \     \"selfLink\": \"https://www.googleapis.com/storage/v1/b/gcsfs-testing/o/test%2Faccounts.2.json\",\n
        \     \"name\": \"test/accounts.2.json\",\n      \"bucket\": \"gcsfs-testing\",\n
        \     \"generation\": \"1573072057267718\",\n      \"metageneration\": \"1\",\n
        \     \"storageClass\": \"MULTI_REGIONAL\",\n      \"size\": \"133\",\n      \"md5Hash\":
        \"bjhC5OCrzKV+8MGMCF2BQA==\",\n      \"mediaLink\": \"https://www.googleapis.com/download/storage/v1/b/gcsfs-testing/o/test%2Faccounts.2.json?generation=1573072057267718&alt=media\",\n
        \     \"crc32c\": \"Su+F+g==\",\n      \"etag\": \"CIbst4m21uUCEAE=\",\n      \"timeCreated\":
        \"2019-11-06T20:27:37.267Z\",\n      \"updated\": \"2019-11-06T20:27:37.267Z\",\n
        \     \"timeStorageClassUpdated\": \"2019-11-06T20:27:37.267Z\"\n    }\n  ]\n}\n"
    headers:
      Cache-Control:
      - private, max-age=0, must-revalidate, no-transform
      Content-Length:
      - '2507'
      Content-Type:
      - application/json; charset=UTF-8
      Server:
      - UploadServer
      Vary:
      - Origin
      - X-Origin
    status:
      code: 200
      message: OK
- request:
    body: null
    headers:
      Accept:
      - '*/*'
      Accept-Encoding:
      - gzip, deflate
      Connection:
      - keep-alive
      Content-Length:
      - '0'
    method: DELETE
    uri: https://www.googleapis.com/storage/v1/b/gcsfs-testing/o/2014-01-01.csv
  response:
    body:
      string: ''
    headers:
      Cache-Control:
      - no-cache, no-store, max-age=0, must-revalidate
      Content-Length:
      - '0'
      Content-Type:
      - application/json
      Pragma:
      - no-cache
      Server:
      - UploadServer
      Vary:
      - Origin
      - X-Origin
    status:
      code: 204
      message: No Content
- request:
    body: null
    headers:
      Accept:
      - '*/*'
      Accept-Encoding:
      - gzip, deflate
      Connection:
      - keep-alive
      Content-Length:
      - '0'
    method: DELETE
    uri: https://www.googleapis.com/storage/v1/b/gcsfs-testing/o/2014-01-02.csv
  response:
    body:
      string: ''
    headers:
      Cache-Control:
      - no-cache, no-store, max-age=0, must-revalidate
      Content-Length:
      - '0'
      Content-Type:
      - application/json
      Pragma:
      - no-cache
      Server:
      - UploadServer
      Vary:
      - Origin
      - X-Origin
    status:
      code: 204
      message: No Content
- request:
    body: null
    headers:
      Accept:
      - '*/*'
      Accept-Encoding:
      - gzip, deflate
      Connection:
      - keep-alive
      Content-Length:
      - '0'
    method: DELETE
    uri: https://www.googleapis.com/storage/v1/b/gcsfs-testing/o/2014-01-03.csv
  response:
    body:
      string: ''
    headers:
      Cache-Control:
      - no-cache, no-store, max-age=0, must-revalidate
      Content-Length:
      - '0'
      Content-Type:
      - application/json
      Pragma:
      - no-cache
      Server:
      - UploadServer
      Vary:
      - Origin
      - X-Origin
    status:
      code: 204
      message: No Content
- request:
    body: null
    headers:
      Accept:
      - '*/*'
      Accept-Encoding:
      - gzip, deflate
      Connection:
      - keep-alive
      Content-Length:
      - '0'
    method: DELETE
    uri: https://www.googleapis.com/storage/v1/b/gcsfs-testing/o/nested%2Ffile1
  response:
    body:
      string: ''
    headers:
      Cache-Control:
      - no-cache, no-store, max-age=0, must-revalidate
      Content-Length:
      - '0'
      Content-Type:
      - application/json
      Pragma:
      - no-cache
      Server:
      - UploadServer
      Vary:
      - Origin
      - X-Origin
    status:
      code: 204
      message: No Content
- request:
    body: null
    headers:
      Accept:
      - '*/*'
      Accept-Encoding:
      - gzip, deflate
      Connection:
      - keep-alive
      Content-Length:
      - '0'
    method: DELETE
    uri: https://www.googleapis.com/storage/v1/b/gcsfs-testing/o/nested%2Ffile2
  response:
    body:
      string: ''
    headers:
      Cache-Control:
      - no-cache, no-store, max-age=0, must-revalidate
      Content-Length:
      - '0'
      Content-Type:
      - application/json
      Pragma:
      - no-cache
      Server:
      - UploadServer
      Vary:
      - Origin
      - X-Origin
    status:
      code: 204
      message: No Content
- request:
    body: null
    headers:
      Accept:
      - '*/*'
      Accept-Encoding:
      - gzip, deflate
      Connection:
      - keep-alive
      Content-Length:
      - '0'
    method: DELETE
    uri: https://www.googleapis.com/storage/v1/b/gcsfs-testing/o/nested%2Fnested2%2Ffile1
  response:
    body:
      string: ''
    headers:
      Cache-Control:
      - no-cache, no-store, max-age=0, must-revalidate
      Content-Length:
      - '0'
      Content-Type:
      - application/json
      Pragma:
      - no-cache
      Server:
      - UploadServer
      Vary:
      - Origin
      - X-Origin
    status:
      code: 204
      message: No Content
- request:
    body: null
    headers:
      Accept:
      - '*/*'
      Accept-Encoding:
      - gzip, deflate
      Connection:
      - keep-alive
      Content-Length:
      - '0'
    method: DELETE
    uri: https://www.googleapis.com/storage/v1/b/gcsfs-testing/o/nested%2Fnested2%2Ffile2
  response:
    body:
      string: ''
    headers:
      Cache-Control:
      - no-cache, no-store, max-age=0, must-revalidate
      Content-Length:
      - '0'
      Content-Type:
      - application/json
      Pragma:
      - no-cache
      Server:
      - UploadServer
      Vary:
      - Origin
      - X-Origin
    status:
      code: 204
      message: No Content
- request:
    body: null
    headers:
      Accept:
      - '*/*'
      Accept-Encoding:
      - gzip, deflate
      Connection:
      - keep-alive
      Content-Length:
      - '0'
    method: DELETE
    uri: https://www.googleapis.com/storage/v1/b/gcsfs-testing/o/test%2Faccounts.1.json
  response:
    body:
      string: ''
    headers:
      Cache-Control:
      - no-cache, no-store, max-age=0, must-revalidate
      Content-Length:
      - '0'
      Content-Type:
      - application/json
      Pragma:
      - no-cache
      Server:
      - UploadServer
      Vary:
      - Origin
      - X-Origin
    status:
      code: 204
      message: No Content
- request:
    body: null
    headers:
      Accept:
      - '*/*'
      Accept-Encoding:
      - gzip, deflate
      Connection:
      - keep-alive
      Content-Length:
      - '0'
    method: DELETE
    uri: https://www.googleapis.com/storage/v1/b/gcsfs-testing/o/test%2Faccounts.1.json2
  response:
    body:
      string: ''
    headers:
      Cache-Control:
      - no-cache, no-store, max-age=0, must-revalidate
      Content-Length:
      - '0'
      Content-Type:
      - application/json
      Pragma:
      - no-cache
      Server:
      - UploadServer
      Vary:
      - Origin
      - X-Origin
    status:
      code: 204
      message: No Content
- request:
    body: null
    headers:
      Accept:
      - '*/*'
      Accept-Encoding:
      - gzip, deflate
      Connection:
      - keep-alive
      Content-Length:
      - '0'
    method: DELETE
    uri: https://www.googleapis.com/storage/v1/b/gcsfs-testing/o/test%2Faccounts.2.json
  response:
    body:
      string: ''
    headers:
      Cache-Control:
      - no-cache, no-store, max-age=0, must-revalidate
      Content-Length:
      - '0'
      Content-Type:
      - application/json
      Pragma:
      - no-cache
      Server:
      - UploadServer
      Vary:
      - Origin
      - X-Origin
    status:
      code: 204
      message: No Content
version: 1
