interactions:
- request:
    body: '{"name": "gcsfs-testing"}'
    headers:
      Accept:
      - '*/*'
      Accept-Encoding:
      - gzip, deflate
      Connection:
      - keep-alive
      Content-Length:
      - '24'
      Content-Type:
      - application/json
    method: POST
    uri: https://www.googleapis.com/storage/v1/b/?predefinedAcl=publicReadWrite&predefinedDefaultObjectAcl=authenticatedread&project=test_project
  response:
    body:
      string: "{\n \"error\": {\n  \"errors\": [\n   {\n    \"domain\": \"global\",\n
        \   \"reason\": \"conflict\",\n    \"message\": \"You already own this bucket.
        Please select another name.\"\n   }\n  ],\n  \"code\": 409,\n  \"message\":
        \"You already own this bucket. Please select another name.\"\n }\n}\n"
    headers:
      Content-Length:
      - '259'
      Content-Type:
      - application/json; charset=UTF-8
      Server:
      - UploadServer
      Vary:
      - Origin
      - X-Origin
    status:
      code: 409
      message: Conflict
- request:
    body: null
    headers:
      Accept:
      - '*/*'
      Accept-Encoding:
      - gzip, deflate
      Connection:
      - keep-alive
      Content-Length:
      - '0'
    method: DELETE
    uri: https://www.googleapis.com/storage/v1/b/gcsfs-testing/o/tmp%2Ftest%2Fa
  response:
    body:
      string: "{\n  \"error\": {\n    \"code\": 404,\n    \"message\": \"No such object:
        gcsfs-testing/tmp/test/a\",\n    \"errors\": [\n      {\n        \"message\":
        \"No such object: gcsfs-testing/tmp/test/a\",\n        \"domain\": \"global\",\n
        \       \"reason\": \"notFound\"\n      }\n    ]\n  }\n}\n"
    headers:
      Cache-Control:
      - no-cache, no-store, max-age=0, must-revalidate
      Content-Length:
      - '253'
      Content-Type:
      - application/json; charset=UTF-8
      Pragma:
      - no-cache
      Server:
      - UploadServer
      Vary:
      - Origin
      - X-Origin
    status:
      code: 404
      message: Not Found
- request:
    body: null
    headers:
      Accept:
      - '*/*'
      Accept-Encoding:
      - gzip, deflate
      Connection:
      - keep-alive
      Content-Length:
      - '0'
    method: DELETE
    uri: https://www.googleapis.com/storage/v1/b/gcsfs-testing/o/tmp%2Ftest%2Fb
  response:
    body:
      string: "{\n  \"error\": {\n    \"code\": 404,\n    \"message\": \"No such object:
        gcsfs-testing/tmp/test/b\",\n    \"errors\": [\n      {\n        \"message\":
        \"No such object: gcsfs-testing/tmp/test/b\",\n        \"domain\": \"global\",\n
        \       \"reason\": \"notFound\"\n      }\n    ]\n  }\n}\n"
    headers:
      Cache-Control:
      - no-cache, no-store, max-age=0, must-revalidate
      Content-Length:
      - '253'
      Content-Type:
      - application/json; charset=UTF-8
      Pragma:
      - no-cache
      Server:
      - UploadServer
      Vary:
      - Origin
      - X-Origin
    status:
      code: 404
      message: Not Found
- request:
    body: null
    headers:
      Accept:
      - '*/*'
      Accept-Encoding:
      - gzip, deflate
      Connection:
      - keep-alive
      Content-Length:
      - '0'
    method: DELETE
    uri: https://www.googleapis.com/storage/v1/b/gcsfs-testing/o/tmp%2Ftest%2Fc
  response:
    body:
      string: "{\n  \"error\": {\n    \"code\": 404,\n    \"message\": \"No such object:
        gcsfs-testing/tmp/test/c\",\n    \"errors\": [\n      {\n        \"message\":
        \"No such object: gcsfs-testing/tmp/test/c\",\n        \"domain\": \"global\",\n
        \       \"reason\": \"notFound\"\n      }\n    ]\n  }\n}\n"
    headers:
      Cache-Control:
      - no-cache, no-store, max-age=0, must-revalidate
      Content-Length:
      - '253'
      Content-Type:
      - application/json; charset=UTF-8
      Pragma:
      - no-cache
      Server:
      - UploadServer
      Vary:
      - Origin
      - X-Origin
    status:
      code: 404
      message: Not Found
- request:
    body: null
    headers:
      Accept:
      - '*/*'
      Accept-Encoding:
      - gzip, deflate
      Connection:
      - keep-alive
      Content-Length:
      - '0'
    method: DELETE
    uri: https://www.googleapis.com/storage/v1/b/gcsfs-testing/o/tmp%2Ftest%2Fd
  response:
    body:
      string: "{\n  \"error\": {\n    \"code\": 404,\n    \"message\": \"No such object:
        gcsfs-testing/tmp/test/d\",\n    \"errors\": [\n      {\n        \"message\":
        \"No such object: gcsfs-testing/tmp/test/d\",\n        \"domain\": \"global\",\n
        \       \"reason\": \"notFound\"\n      }\n    ]\n  }\n}\n"
    headers:
      Cache-Control:
      - no-cache, no-store, max-age=0, must-revalidate
      Content-Length:
      - '253'
      Content-Type:
      - application/json; charset=UTF-8
      Pragma:
      - no-cache
      Server:
      - UploadServer
      Vary:
      - Origin
      - X-Origin
    status:
      code: 404
      message: Not Found
- request:
    body: '{"name": "test/accounts.1.json", "metadata": null}'
    headers:
      Accept:
      - '*/*'
      Accept-Encoding:
      - gzip, deflate
      Connection:
      - keep-alive
      Content-Length:
      - '50'
      Content-Type:
      - application/json
    method: POST
    uri: https://www.googleapis.com/upload/storage/v1/b/gcsfs-testing/o?uploadType=resumable
  response:
    body:
      string: ''
    headers:
      Cache-Control:
      - no-cache, no-store, max-age=0, must-revalidate
      Content-Length:
      - '0'
      Content-Type:
      - text/plain; charset=utf-8
      Location:
      - https://www.googleapis.com/upload/storage/v1/b/gcsfs-testing/o?uploadType=resumable&upload_id=AEnB2Uq4u4H-8OS6uy15DrpBnuPJyOk1MKPrN70EnYEnn_cdybNml5X1gx4xXs2T7iGsbYwkCbYxMaAhF75Q7LAdMpJk38Vu9Q
      Pragma:
      - no-cache
      Server:
      - UploadServer
      Vary:
      - Origin
      - X-Origin
    status:
      code: 200
      message: OK
- request:
    body: '{"amount": 100, "name": "Alice"}

      {"amount": 200, "name": "Bob"}

      {"amount": 300, "name": "Charlie"}

      {"amount": 400, "name": "Dennis"}

'
    headers:
      Accept:
      - '*/*'
      Accept-Encoding:
      - gzip, deflate
      Connection:
      - keep-alive
      Content-Length:
      - '133'
      Content-Range:
      - bytes 0-132/133
      Content-Type:
      - application/octet-stream
    method: POST
    uri: https://www.googleapis.com/upload/storage/v1/b/gcsfs-testing/o?uploadType=resumable&uploadType=resumable&upload_id=AEnB2Uq4u4H-8OS6uy15DrpBnuPJyOk1MKPrN70EnYEnn_cdybNml5X1gx4xXs2T7iGsbYwkCbYxMaAhF75Q7LAdMpJk38Vu9Q
  response:
    body:
      string: "{\n \"kind\": \"storage#object\",\n \"id\": \"gcsfs-testing/test/accounts.1.json/1573073082957217\",\n
        \"selfLink\": \"https://www.googleapis.com/storage/v1/b/gcsfs-testing/o/test%2Faccounts.1.json\",\n
        \"name\": \"test/accounts.1.json\",\n \"bucket\": \"gcsfs-testing\",\n \"generation\":
        \"1573073082957217\",\n \"metageneration\": \"1\",\n \"timeCreated\": \"2019-11-06T20:44:42.956Z\",\n
        \"updated\": \"2019-11-06T20:44:42.956Z\",\n \"storageClass\": \"MULTI_REGIONAL\",\n
        \"timeStorageClassUpdated\": \"2019-11-06T20:44:42.956Z\",\n \"size\": \"133\",\n
        \"md5Hash\": \"xK7pmJz/Oj5HGIyfQpYTig==\",\n \"mediaLink\": \"https://www.googleapis.com/download/storage/v1/b/gcsfs-testing/o/test%2Faccounts.1.json?generation=1573073082957217&alt=media\",\n
        \"crc32c\": \"6wJAgQ==\",\n \"etag\": \"CKH7wvK51uUCEAE=\"\n}\n"
    headers:
      Cache-Control:
      - no-cache, no-store, max-age=0, must-revalidate
      Content-Length:
      - '729'
      Content-Type:
      - application/json; charset=UTF-8
      ETag:
      - CKH7wvK51uUCEAE=
      Pragma:
      - no-cache
      Server:
      - UploadServer
      Vary:
      - Origin
      - X-Origin
    status:
      code: 200
      message: OK
- request:
    body: '{"name": "test/accounts.2.json", "metadata": null}'
    headers:
      Accept:
      - '*/*'
      Accept-Encoding:
      - gzip, deflate
      Connection:
      - keep-alive
      Content-Length:
      - '50'
      Content-Type:
      - application/json
    method: POST
    uri: https://www.googleapis.com/upload/storage/v1/b/gcsfs-testing/o?uploadType=resumable
  response:
    body:
      string: ''
    headers:
      Cache-Control:
      - no-cache, no-store, max-age=0, must-revalidate
      Content-Length:
      - '0'
      Content-Type:
      - text/plain; charset=utf-8
      Location:
      - https://www.googleapis.com/upload/storage/v1/b/gcsfs-testing/o?uploadType=resumable&upload_id=AEnB2UoApPezo2W3QereFW8xRddXdmywimwbJRzr4NNNg9JV-XVpOX9K82KgGiMQI_-1XbuZKA5aULxGdK_wNl1ro96lHBcGug
      Pragma:
      - no-cache
      Server:
      - UploadServer
      Vary:
      - Origin
      - X-Origin
    status:
      code: 200
      message: OK
- request:
    body: '{"amount": 500, "name": "Alice"}

      {"amount": 600, "name": "Bob"}

      {"amount": 700, "name": "Charlie"}

      {"amount": 800, "name": "Dennis"}

'
    headers:
      Accept:
      - '*/*'
      Accept-Encoding:
      - gzip, deflate
      Connection:
      - keep-alive
      Content-Length:
      - '133'
      Content-Range:
      - bytes 0-132/133
      Content-Type:
      - application/octet-stream
    method: POST
    uri: https://www.googleapis.com/upload/storage/v1/b/gcsfs-testing/o?uploadType=resumable&uploadType=resumable&upload_id=AEnB2UoApPezo2W3QereFW8xRddXdmywimwbJRzr4NNNg9JV-XVpOX9K82KgGiMQI_-1XbuZKA5aULxGdK_wNl1ro96lHBcGug
  response:
    body:
      string: "{\n \"kind\": \"storage#object\",\n \"id\": \"gcsfs-testing/test/accounts.2.json/1573073083980620\",\n
        \"selfLink\": \"https://www.googleapis.com/storage/v1/b/gcsfs-testing/o/test%2Faccounts.2.json\",\n
        \"name\": \"test/accounts.2.json\",\n \"bucket\": \"gcsfs-testing\",\n \"generation\":
        \"1573073083980620\",\n \"metageneration\": \"1\",\n \"timeCreated\": \"2019-11-06T20:44:43.980Z\",\n
        \"updated\": \"2019-11-06T20:44:43.980Z\",\n \"storageClass\": \"MULTI_REGIONAL\",\n
        \"timeStorageClassUpdated\": \"2019-11-06T20:44:43.980Z\",\n \"size\": \"133\",\n
        \"md5Hash\": \"bjhC5OCrzKV+8MGMCF2BQA==\",\n \"mediaLink\": \"https://www.googleapis.com/download/storage/v1/b/gcsfs-testing/o/test%2Faccounts.2.json?generation=1573073083980620&alt=media\",\n
        \"crc32c\": \"Su+F+g==\",\n \"etag\": \"CMy2gfO51uUCEAE=\"\n}\n"
    headers:
      Cache-Control:
      - no-cache, no-store, max-age=0, must-revalidate
      Content-Length:
      - '729'
      Content-Type:
      - application/json; charset=UTF-8
      ETag:
      - CMy2gfO51uUCEAE=
      Pragma:
      - no-cache
      Server:
      - UploadServer
      Vary:
      - Origin
      - X-Origin
    status:
      code: 200
      message: OK
- request:
    body: '{"name": "2014-01-01.csv", "metadata": null}'
    headers:
      Accept:
      - '*/*'
      Accept-Encoding:
      - gzip, deflate
      Connection:
      - keep-alive
      Content-Length:
      - '44'
      Content-Type:
      - application/json
    method: POST
    uri: https://www.googleapis.com/upload/storage/v1/b/gcsfs-testing/o?uploadType=resumable
  response:
    body:
      string: ''
    headers:
      Cache-Control:
      - no-cache, no-store, max-age=0, must-revalidate
      Content-Length:
      - '0'
      Content-Type:
      - text/plain; charset=utf-8
      Location:
      - https://www.googleapis.com/upload/storage/v1/b/gcsfs-testing/o?uploadType=resumable&upload_id=AEnB2UrxD2CjaSQzQYsS0ty5-LSi5SryiH6Dz6ZI3I-1MCXATaTRQq_9Pg8IOQF5gTgq_fOPZ6zAY5qaXoqEwU8nx3yZ4xbdtA
      Pragma:
      - no-cache
      Server:
      - UploadServer
      Vary:
      - Origin
      - X-Origin
    status:
      code: 200
      message: OK
- request:
    body: 'name,amount,id

      Alice,100,1

      Bob,200,2

      Charlie,300,3

'
    headers:
      Accept:
      - '*/*'
      Accept-Encoding:
      - gzip, deflate
      Connection:
      - keep-alive
      Content-Length:
      - '51'
      Content-Range:
      - bytes 0-50/51
      Content-Type:
      - application/octet-stream
    method: POST
    uri: https://www.googleapis.com/upload/storage/v1/b/gcsfs-testing/o?uploadType=resumable&uploadType=resumable&upload_id=AEnB2UrxD2CjaSQzQYsS0ty5-LSi5SryiH6Dz6ZI3I-1MCXATaTRQq_9Pg8IOQF5gTgq_fOPZ6zAY5qaXoqEwU8nx3yZ4xbdtA
  response:
    body:
      string: "{\n \"kind\": \"storage#object\",\n \"id\": \"gcsfs-testing/2014-01-01.csv/1573073084694277\",\n
        \"selfLink\": \"https://www.googleapis.com/storage/v1/b/gcsfs-testing/o/2014-01-01.csv\",\n
        \"name\": \"2014-01-01.csv\",\n \"bucket\": \"gcsfs-testing\",\n \"generation\":
        \"1573073084694277\",\n \"metageneration\": \"1\",\n \"timeCreated\": \"2019-11-06T20:44:44.694Z\",\n
        \"updated\": \"2019-11-06T20:44:44.694Z\",\n \"storageClass\": \"MULTI_REGIONAL\",\n
        \"timeStorageClassUpdated\": \"2019-11-06T20:44:44.694Z\",\n \"size\": \"51\",\n
        \"md5Hash\": \"Auycd2AT7x5m8G1W0NXcuA==\",\n \"mediaLink\": \"https://www.googleapis.com/download/storage/v1/b/gcsfs-testing/o/2014-01-01.csv?generation=1573073084694277&alt=media\",\n
        \"crc32c\": \"yR1u0w==\",\n \"etag\": \"CIX+rPO51uUCEAE=\"\n}\n"
    headers:
      Cache-Control:
      - no-cache, no-store, max-age=0, must-revalidate
      Content-Length:
      - '700'
      Content-Type:
      - application/json; charset=UTF-8
      ETag:
      - CIX+rPO51uUCEAE=
      Pragma:
      - no-cache
      Server:
      - UploadServer
      Vary:
      - Origin
      - X-Origin
    status:
      code: 200
      message: OK
- request:
    body: '{"name": "2014-01-02.csv", "metadata": null}'
    headers:
      Accept:
      - '*/*'
      Accept-Encoding:
      - gzip, deflate
      Connection:
      - keep-alive
      Content-Length:
      - '44'
      Content-Type:
      - application/json
    method: POST
    uri: https://www.googleapis.com/upload/storage/v1/b/gcsfs-testing/o?uploadType=resumable
  response:
    body:
      string: ''
    headers:
      Cache-Control:
      - no-cache, no-store, max-age=0, must-revalidate
      Content-Length:
      - '0'
      Content-Type:
      - text/plain; charset=utf-8
      Location:
      - https://www.googleapis.com/upload/storage/v1/b/gcsfs-testing/o?uploadType=resumable&upload_id=AEnB2UrxfGSk12FBBiB6e9P26wPFulshvlJiY5uleEdVvi0THPU5OTqGag94ZArKSgZAw4xsyHj3QDeie3-Vb0yqiyOhCdqExA
      Pragma:
      - no-cache
      Server:
      - UploadServer
      Vary:
      - Origin
      - X-Origin
    status:
      code: 200
      message: OK
- request:
    body: 'name,amount,id

'
    headers:
      Accept:
      - '*/*'
      Accept-Encoding:
      - gzip, deflate
      Connection:
      - keep-alive
      Content-Length:
      - '15'
      Content-Range:
      - bytes 0-14/15
      Content-Type:
      - application/octet-stream
    method: POST
    uri: https://www.googleapis.com/upload/storage/v1/b/gcsfs-testing/o?uploadType=resumable&uploadType=resumable&upload_id=AEnB2UrxfGSk12FBBiB6e9P26wPFulshvlJiY5uleEdVvi0THPU5OTqGag94ZArKSgZAw4xsyHj3QDeie3-Vb0yqiyOhCdqExA
  response:
    body:
      string: "{\n \"kind\": \"storage#object\",\n \"id\": \"gcsfs-testing/2014-01-02.csv/1573073085343570\",\n
        \"selfLink\": \"https://www.googleapis.com/storage/v1/b/gcsfs-testing/o/2014-01-02.csv\",\n
        \"name\": \"2014-01-02.csv\",\n \"bucket\": \"gcsfs-testing\",\n \"generation\":
        \"1573073085343570\",\n \"metageneration\": \"1\",\n \"timeCreated\": \"2019-11-06T20:44:45.343Z\",\n
        \"updated\": \"2019-11-06T20:44:45.343Z\",\n \"storageClass\": \"MULTI_REGIONAL\",\n
        \"timeStorageClassUpdated\": \"2019-11-06T20:44:45.343Z\",\n \"size\": \"15\",\n
        \"md5Hash\": \"cGwL6TebGKiJzgyNBJNb6Q==\",\n \"mediaLink\": \"https://www.googleapis.com/download/storage/v1/b/gcsfs-testing/o/2014-01-02.csv?generation=1573073085343570&alt=media\",\n
        \"crc32c\": \"Mpt4QQ==\",\n \"etag\": \"CNLO1PO51uUCEAE=\"\n}\n"
    headers:
      Cache-Control:
      - no-cache, no-store, max-age=0, must-revalidate
      Content-Length:
      - '700'
      Content-Type:
      - application/json; charset=UTF-8
      ETag:
      - CNLO1PO51uUCEAE=
      Pragma:
      - no-cache
      Server:
      - UploadServer
      Vary:
      - Origin
      - X-Origin
    status:
      code: 200
      message: OK
- request:
    body: '{"name": "2014-01-03.csv", "metadata": null}'
    headers:
      Accept:
      - '*/*'
      Accept-Encoding:
      - gzip, deflate
      Connection:
      - keep-alive
      Content-Length:
      - '44'
      Content-Type:
      - application/json
    method: POST
    uri: https://www.googleapis.com/upload/storage/v1/b/gcsfs-testing/o?uploadType=resumable
  response:
    body:
      string: ''
    headers:
      Cache-Control:
      - no-cache, no-store, max-age=0, must-revalidate
      Content-Length:
      - '0'
      Content-Type:
      - text/plain; charset=utf-8
      Location:
      - https://www.googleapis.com/upload/storage/v1/b/gcsfs-testing/o?uploadType=resumable&upload_id=AEnB2UoUbsDU56d6wvG4AcDvHt9-AeVPYnygMYQg88BaplJZtg7S8YxgWOC2x3ol9foObUNN51oG4eDDy69AIFhMZ1KFfcLnSg
      Pragma:
      - no-cache
      Server:
      - UploadServer
      Vary:
      - Origin
      - X-Origin
    status:
      code: 200
      message: OK
- request:
    body: 'name,amount,id

      Dennis,400,4

      Edith,500,5

      Frank,600,6

'
    headers:
      Accept:
      - '*/*'
      Accept-Encoding:
      - gzip, deflate
      Connection:
      - keep-alive
      Content-Length:
      - '52'
      Content-Range:
      - bytes 0-51/52
      Content-Type:
      - application/octet-stream
    method: POST
    uri: https://www.googleapis.com/upload/storage/v1/b/gcsfs-testing/o?uploadType=resumable&uploadType=resumable&upload_id=AEnB2UoUbsDU56d6wvG4AcDvHt9-AeVPYnygMYQg88BaplJZtg7S8YxgWOC2x3ol9foObUNN51oG4eDDy69AIFhMZ1KFfcLnSg
  response:
    body:
      string: "{\n \"kind\": \"storage#object\",\n \"id\": \"gcsfs-testing/2014-01-03.csv/1573073086029422\",\n
        \"selfLink\": \"https://www.googleapis.com/storage/v1/b/gcsfs-testing/o/2014-01-03.csv\",\n
        \"name\": \"2014-01-03.csv\",\n \"bucket\": \"gcsfs-testing\",\n \"generation\":
        \"1573073086029422\",\n \"metageneration\": \"1\",\n \"timeCreated\": \"2019-11-06T20:44:46.029Z\",\n
        \"updated\": \"2019-11-06T20:44:46.029Z\",\n \"storageClass\": \"MULTI_REGIONAL\",\n
        \"timeStorageClassUpdated\": \"2019-11-06T20:44:46.029Z\",\n \"size\": \"52\",\n
        \"md5Hash\": \"9keZXdUu0YtMynECFSOiMg==\",\n \"mediaLink\": \"https://www.googleapis.com/download/storage/v1/b/gcsfs-testing/o/2014-01-03.csv?generation=1573073086029422&alt=media\",\n
        \"crc32c\": \"x/fq7w==\",\n \"etag\": \"CO68/vO51uUCEAE=\"\n}\n"
    headers:
      Cache-Control:
      - no-cache, no-store, max-age=0, must-revalidate
      Content-Length:
      - '700'
      Content-Type:
      - application/json; charset=UTF-8
      ETag:
      - CO68/vO51uUCEAE=
      Pragma:
      - no-cache
      Server:
      - UploadServer
      Vary:
      - Origin
      - X-Origin
    status:
      code: 200
      message: OK
- request:
    body: '{"name": "nested/file1", "metadata": null}'
    headers:
      Accept:
      - '*/*'
      Accept-Encoding:
      - gzip, deflate
      Connection:
      - keep-alive
      Content-Length:
      - '42'
      Content-Type:
      - application/json
    method: POST
    uri: https://www.googleapis.com/upload/storage/v1/b/gcsfs-testing/o?uploadType=resumable
  response:
    body:
      string: ''
    headers:
      Cache-Control:
      - no-cache, no-store, max-age=0, must-revalidate
      Content-Length:
      - '0'
      Content-Type:
      - text/plain; charset=utf-8
      Location:
      - https://www.googleapis.com/upload/storage/v1/b/gcsfs-testing/o?uploadType=resumable&upload_id=AEnB2UoX3nv-eDADkumASAzBNBc_pHvURFHQOEgXtq8Cgd-sweZc2BfmmkwtoWZCv8xFc93ifbDj1iUTeZ5TgXmos4zgRoyLbA
      Pragma:
      - no-cache
      Server:
      - UploadServer
      Vary:
      - Origin
      - X-Origin
    status:
      code: 200
      message: OK
- request:
    body: 'hello

'
    headers:
      Accept:
      - '*/*'
      Accept-Encoding:
      - gzip, deflate
      Connection:
      - keep-alive
      Content-Length:
      - '6'
      Content-Range:
      - bytes 0-5/6
      Content-Type:
      - application/octet-stream
    method: POST
    uri: https://www.googleapis.com/upload/storage/v1/b/gcsfs-testing/o?uploadType=resumable&uploadType=resumable&upload_id=AEnB2UoX3nv-eDADkumASAzBNBc_pHvURFHQOEgXtq8Cgd-sweZc2BfmmkwtoWZCv8xFc93ifbDj1iUTeZ5TgXmos4zgRoyLbA
  response:
    body:
      string: "{\n \"kind\": \"storage#object\",\n \"id\": \"gcsfs-testing/nested/file1/1573073086908742\",\n
        \"selfLink\": \"https://www.googleapis.com/storage/v1/b/gcsfs-testing/o/nested%2Ffile1\",\n
        \"name\": \"nested/file1\",\n \"bucket\": \"gcsfs-testing\",\n \"generation\":
        \"1573073086908742\",\n \"metageneration\": \"1\",\n \"timeCreated\": \"2019-11-06T20:44:46.908Z\",\n
        \"updated\": \"2019-11-06T20:44:46.908Z\",\n \"storageClass\": \"MULTI_REGIONAL\",\n
        \"timeStorageClassUpdated\": \"2019-11-06T20:44:46.908Z\",\n \"size\": \"6\",\n
        \"md5Hash\": \"sZRqySSS0jR8YjW00mERhA==\",\n \"mediaLink\": \"https://www.googleapis.com/download/storage/v1/b/gcsfs-testing/o/nested%2Ffile1?generation=1573073086908742&alt=media\",\n
        \"crc32c\": \"NT3Yvg==\",\n \"etag\": \"CMaStPS51uUCEAE=\"\n}\n"
    headers:
      Cache-Control:
      - no-cache, no-store, max-age=0, must-revalidate
      Content-Length:
      - '695'
      Content-Type:
      - application/json; charset=UTF-8
      ETag:
      - CMaStPS51uUCEAE=
      Pragma:
      - no-cache
      Server:
      - UploadServer
      Vary:
      - Origin
      - X-Origin
    status:
      code: 200
      message: OK
- request:
    body: '{"name": "nested/file2", "metadata": null}'
    headers:
      Accept:
      - '*/*'
      Accept-Encoding:
      - gzip, deflate
      Connection:
      - keep-alive
      Content-Length:
      - '42'
      Content-Type:
      - application/json
    method: POST
    uri: https://www.googleapis.com/upload/storage/v1/b/gcsfs-testing/o?uploadType=resumable
  response:
    body:
      string: ''
    headers:
      Cache-Control:
      - no-cache, no-store, max-age=0, must-revalidate
      Content-Length:
      - '0'
      Content-Type:
      - text/plain; charset=utf-8
      Location:
      - https://www.googleapis.com/upload/storage/v1/b/gcsfs-testing/o?uploadType=resumable&upload_id=AEnB2Urv35vObrs7ylme2jYtap-pYVKimM08Gp1la7ilcjfHUQ3fNPCt5qx-moAdQAtWKX5vHm7c59gCGl4wvdKHba1uRCWYBg
      Pragma:
      - no-cache
      Server:
      - UploadServer
      Vary:
      - Origin
      - X-Origin
    status:
      code: 200
      message: OK
- request:
    body: world
    headers:
      Accept:
      - '*/*'
      Accept-Encoding:
      - gzip, deflate
      Connection:
      - keep-alive
      Content-Length:
      - '5'
      Content-Range:
      - bytes 0-4/5
      Content-Type:
      - application/octet-stream
    method: POST
    uri: https://www.googleapis.com/upload/storage/v1/b/gcsfs-testing/o?uploadType=resumable&uploadType=resumable&upload_id=AEnB2Urv35vObrs7ylme2jYtap-pYVKimM08Gp1la7ilcjfHUQ3fNPCt5qx-moAdQAtWKX5vHm7c59gCGl4wvdKHba1uRCWYBg
  response:
    body:
      string: "{\n \"kind\": \"storage#object\",\n \"id\": \"gcsfs-testing/nested/file2/1573073087555960\",\n
        \"selfLink\": \"https://www.googleapis.com/storage/v1/b/gcsfs-testing/o/nested%2Ffile2\",\n
        \"name\": \"nested/file2\",\n \"bucket\": \"gcsfs-testing\",\n \"generation\":
        \"1573073087555960\",\n \"metageneration\": \"1\",\n \"timeCreated\": \"2019-11-06T20:44:47.555Z\",\n
        \"updated\": \"2019-11-06T20:44:47.555Z\",\n \"storageClass\": \"MULTI_REGIONAL\",\n
        \"timeStorageClassUpdated\": \"2019-11-06T20:44:47.555Z\",\n \"size\": \"5\",\n
        \"md5Hash\": \"fXkwN6B2AYZXSwKC8vQ15w==\",\n \"mediaLink\": \"https://www.googleapis.com/download/storage/v1/b/gcsfs-testing/o/nested%2Ffile2?generation=1573073087555960&alt=media\",\n
        \"crc32c\": \"MaqBTg==\",\n \"etag\": \"CPjS2/S51uUCEAE=\"\n}\n"
    headers:
      Cache-Control:
      - no-cache, no-store, max-age=0, must-revalidate
      Content-Length:
      - '695'
      Content-Type:
      - application/json; charset=UTF-8
      ETag:
      - CPjS2/S51uUCEAE=
      Pragma:
      - no-cache
      Server:
      - UploadServer
      Vary:
      - Origin
      - X-Origin
    status:
      code: 200
      message: OK
- request:
    body: '{"name": "nested/nested2/file1", "metadata": null}'
    headers:
      Accept:
      - '*/*'
      Accept-Encoding:
      - gzip, deflate
      Connection:
      - keep-alive
      Content-Length:
      - '50'
      Content-Type:
      - application/json
    method: POST
    uri: https://www.googleapis.com/upload/storage/v1/b/gcsfs-testing/o?uploadType=resumable
  response:
    body:
      string: ''
    headers:
      Cache-Control:
      - no-cache, no-store, max-age=0, must-revalidate
      Content-Length:
      - '0'
      Content-Type:
      - text/plain; charset=utf-8
      Location:
      - https://www.googleapis.com/upload/storage/v1/b/gcsfs-testing/o?uploadType=resumable&upload_id=AEnB2UqzwTZ9XqFNbuoo6gkxG2XbG9wpigiP6QL7z5USHdiaSmFSq5enh4YYnvUyC3sKn20uGvBgd3OKMJ_lMHYDxFtb_KBdFw
      Pragma:
      - no-cache
      Server:
      - UploadServer
      Vary:
      - Origin
      - X-Origin
    status:
      code: 200
      message: OK
- request:
    body: 'hello

'
    headers:
      Accept:
      - '*/*'
      Accept-Encoding:
      - gzip, deflate
      Connection:
      - keep-alive
      Content-Length:
      - '6'
      Content-Range:
      - bytes 0-5/6
      Content-Type:
      - application/octet-stream
    method: POST
    uri: https://www.googleapis.com/upload/storage/v1/b/gcsfs-testing/o?uploadType=resumable&uploadType=resumable&upload_id=AEnB2UqzwTZ9XqFNbuoo6gkxG2XbG9wpigiP6QL7z5USHdiaSmFSq5enh4YYnvUyC3sKn20uGvBgd3OKMJ_lMHYDxFtb_KBdFw
  response:
    body:
      string: "{\n \"kind\": \"storage#object\",\n \"id\": \"gcsfs-testing/nested/nested2/file1/1573073088199501\",\n
        \"selfLink\": \"https://www.googleapis.com/storage/v1/b/gcsfs-testing/o/nested%2Fnested2%2Ffile1\",\n
        \"name\": \"nested/nested2/file1\",\n \"bucket\": \"gcsfs-testing\",\n \"generation\":
        \"1573073088199501\",\n \"metageneration\": \"1\",\n \"timeCreated\": \"2019-11-06T20:44:48.199Z\",\n
        \"updated\": \"2019-11-06T20:44:48.199Z\",\n \"storageClass\": \"MULTI_REGIONAL\",\n
        \"timeStorageClassUpdated\": \"2019-11-06T20:44:48.199Z\",\n \"size\": \"6\",\n
        \"md5Hash\": \"sZRqySSS0jR8YjW00mERhA==\",\n \"mediaLink\": \"https://www.googleapis.com/download/storage/v1/b/gcsfs-testing/o/nested%2Fnested2%2Ffile1?generation=1573073088199501&alt=media\",\n
        \"crc32c\": \"NT3Yvg==\",\n \"etag\": \"CM32gvW51uUCEAE=\"\n}\n"
    headers:
      Cache-Control:
      - no-cache, no-store, max-age=0, must-revalidate
      Content-Length:
      - '731'
      Content-Type:
      - application/json; charset=UTF-8
      ETag:
      - CM32gvW51uUCEAE=
      Pragma:
      - no-cache
      Server:
      - UploadServer
      Vary:
      - Origin
      - X-Origin
    status:
      code: 200
      message: OK
- request:
    body: '{"name": "nested/nested2/file2", "metadata": null}'
    headers:
      Accept:
      - '*/*'
      Accept-Encoding:
      - gzip, deflate
      Connection:
      - keep-alive
      Content-Length:
      - '50'
      Content-Type:
      - application/json
    method: POST
    uri: https://www.googleapis.com/upload/storage/v1/b/gcsfs-testing/o?uploadType=resumable
  response:
    body:
      string: ''
    headers:
      Cache-Control:
      - no-cache, no-store, max-age=0, must-revalidate
      Content-Length:
      - '0'
      Content-Type:
      - text/plain; charset=utf-8
      Location:
      - https://www.googleapis.com/upload/storage/v1/b/gcsfs-testing/o?uploadType=resumable&upload_id=AEnB2Uqh7b-ywj-VMaL9imIL1i5dZvejeBmZOirMtlDCDhznXYUtADMlhjCch4457p7KRZqydEaQwtZr_1qiWJfGsgNvS8zkEA
      Pragma:
      - no-cache
      Server:
      - UploadServer
      Vary:
      - Origin
      - X-Origin
    status:
      code: 200
      message: OK
- request:
    body: world
    headers:
      Accept:
      - '*/*'
      Accept-Encoding:
      - gzip, deflate
      Connection:
      - keep-alive
      Content-Length:
      - '5'
      Content-Range:
      - bytes 0-4/5
      Content-Type:
      - application/octet-stream
    method: POST
    uri: https://www.googleapis.com/upload/storage/v1/b/gcsfs-testing/o?uploadType=resumable&uploadType=resumable&upload_id=AEnB2Uqh7b-ywj-VMaL9imIL1i5dZvejeBmZOirMtlDCDhznXYUtADMlhjCch4457p7KRZqydEaQwtZr_1qiWJfGsgNvS8zkEA
  response:
    body:
      string: "{\n \"kind\": \"storage#object\",\n \"id\": \"gcsfs-testing/nested/nested2/file2/1573073089097814\",\n
        \"selfLink\": \"https://www.googleapis.com/storage/v1/b/gcsfs-testing/o/nested%2Fnested2%2Ffile2\",\n
        \"name\": \"nested/nested2/file2\",\n \"bucket\": \"gcsfs-testing\",\n \"generation\":
        \"1573073089097814\",\n \"metageneration\": \"1\",\n \"timeCreated\": \"2019-11-06T20:44:49.097Z\",\n
        \"updated\": \"2019-11-06T20:44:49.097Z\",\n \"storageClass\": \"MULTI_REGIONAL\",\n
        \"timeStorageClassUpdated\": \"2019-11-06T20:44:49.097Z\",\n \"size\": \"5\",\n
        \"md5Hash\": \"fXkwN6B2AYZXSwKC8vQ15w==\",\n \"mediaLink\": \"https://www.googleapis.com/download/storage/v1/b/gcsfs-testing/o/nested%2Fnested2%2Ffile2?generation=1573073089097814&alt=media\",\n
        \"crc32c\": \"MaqBTg==\",\n \"etag\": \"CNbgufW51uUCEAE=\"\n}\n"
    headers:
      Cache-Control:
      - no-cache, no-store, max-age=0, must-revalidate
      Content-Length:
      - '731'
      Content-Type:
      - application/json; charset=UTF-8
      ETag:
      - CNbgufW51uUCEAE=
      Pragma:
      - no-cache
      Server:
      - UploadServer
      Vary:
      - Origin
      - X-Origin
    status:
      code: 200
      message: OK
- request:
    body: null
    headers:
      Accept:
      - '*/*'
      Accept-Encoding:
      - gzip, deflate
      Connection:
      - keep-alive
    method: GET
    uri: https://www.googleapis.com/download/storage/v1/b/gcsfs-testing/o/test%2Faccounts.1.json?alt=media
  response:
    body:
      string: '{"amount": 100, "name": "Alice"}

        {"amount": 200, "name": "Bob"}

        {"amount": 300, "name": "Charlie"}

        {"amount": 400, "name": "Dennis"}

'
    headers:
      Cache-Control:
      - no-cache, no-store, max-age=0, must-revalidate
      Content-Disposition:
      - attachment
      Content-Length:
      - '133'
      Content-Type:
      - application/octet-stream
      ETag:
      - CKH7wvK51uUCEAE=
      Pragma:
      - no-cache
      Server:
      - UploadServer
      Vary:
      - Origin
      - X-Origin
      X-Goog-Generation:
      - '1573073082957217'
      X-Goog-Hash:
      - crc32c=6wJAgQ==,md5=xK7pmJz/Oj5HGIyfQpYTig==
      X-Goog-Metageneration:
      - '1'
      X-Goog-Storage-Class:
      - MULTI_REGIONAL
    status:
      code: 200
      message: OK
- request:
    body: null
    headers:
      Accept:
      - '*/*'
      Accept-Encoding:
      - gzip, deflate
      Connection:
      - keep-alive
    method: GET
    uri: https://www.googleapis.com/download/storage/v1/b/gcsfs-testing/o/test%2Faccounts.2.json?alt=media
  response:
    body:
      string: '{"amount": 500, "name": "Alice"}

        {"amount": 600, "name": "Bob"}

        {"amount": 700, "name": "Charlie"}

        {"amount": 800, "name": "Dennis"}

'
    headers:
      Cache-Control:
      - no-cache, no-store, max-age=0, must-revalidate
      Content-Disposition:
      - attachment
      Content-Length:
      - '133'
      Content-Type:
      - application/octet-stream
      ETag:
      - CMy2gfO51uUCEAE=
      Pragma:
      - no-cache
      Server:
      - UploadServer
      Vary:
      - Origin
      - X-Origin
      X-Goog-Generation:
      - '1573073083980620'
      X-Goog-Hash:
      - crc32c=Su+F+g==,md5=bjhC5OCrzKV+8MGMCF2BQA==
      X-Goog-Metageneration:
      - '1'
      X-Goog-Storage-Class:
      - MULTI_REGIONAL
    status:
      code: 200
      message: OK
- request:
    body: null
    headers:
      Accept:
      - '*/*'
      Accept-Encoding:
      - gzip, deflate
      Connection:
      - keep-alive
    method: GET
    uri: https://www.googleapis.com/download/storage/v1/b/gcsfs-testing/o/test%2Faccounts.1.json?alt=media
  response:
    body:
      string: '{"amount": 100, "name": "Alice"}

        {"amount": 200, "name": "Bob"}

        {"amount": 300, "name": "Charlie"}

        {"amount": 400, "name": "Dennis"}

'
    headers:
      Cache-Control:
      - no-cache, no-store, max-age=0, must-revalidate
      Content-Disposition:
      - attachment
      Content-Length:
      - '133'
      Content-Type:
      - application/octet-stream
      ETag:
      - CKH7wvK51uUCEAE=
      Pragma:
      - no-cache
      Server:
      - UploadServer
      Vary:
      - Origin
      - X-Origin
      X-Goog-Generation:
      - '1573073082957217'
      X-Goog-Hash:
      - crc32c=6wJAgQ==,md5=xK7pmJz/Oj5HGIyfQpYTig==
      X-Goog-Metageneration:
      - '1'
      X-Goog-Storage-Class:
      - MULTI_REGIONAL
    status:
      code: 200
      message: OK
- request:
    body: null
    headers:
      Accept:
      - '*/*'
      Accept-Encoding:
      - gzip, deflate
      Connection:
      - keep-alive
    method: GET
    uri: https://www.googleapis.com/download/storage/v1/b/gcsfs-testing/o/test%2Faccounts.1.json?alt=media
  response:
    body:
      string: '{"amount": 100, "name": "Alice"}

        {"amount": 200, "name": "Bob"}

        {"amount": 300, "name": "Charlie"}

        {"amount": 400, "name": "Dennis"}

'
    headers:
      Cache-Control:
      - no-cache, no-store, max-age=0, must-revalidate
      Content-Disposition:
      - attachment
      Content-Length:
      - '133'
      Content-Type:
      - application/octet-stream
      ETag:
      - CKH7wvK51uUCEAE=
      Pragma:
      - no-cache
      Server:
      - UploadServer
      Vary:
      - Origin
      - X-Origin
      X-Goog-Generation:
      - '1573073082957217'
      X-Goog-Hash:
      - crc32c=6wJAgQ==,md5=xK7pmJz/Oj5HGIyfQpYTig==
      X-Goog-Metageneration:
      - '1'
      X-Goog-Storage-Class:
      - MULTI_REGIONAL
    status:
      code: 200
      message: OK
- request:
    body: null
    headers:
      Accept:
      - '*/*'
      Accept-Encoding:
      - gzip, deflate
      Connection:
      - keep-alive
    method: GET
    uri: https://www.googleapis.com/download/storage/v1/b/gcsfs-testing/o/test%2Faccounts.2.json?alt=media
  response:
    body:
      string: '{"amount": 500, "name": "Alice"}

        {"amount": 600, "name": "Bob"}

        {"amount": 700, "name": "Charlie"}

        {"amount": 800, "name": "Dennis"}

'
    headers:
      Cache-Control:
      - no-cache, no-store, max-age=0, must-revalidate
      Content-Disposition:
      - attachment
      Content-Length:
      - '133'
      Content-Type:
      - application/octet-stream
      ETag:
      - CMy2gfO51uUCEAE=
      Pragma:
      - no-cache
      Server:
      - UploadServer
      Vary:
      - Origin
      - X-Origin
      X-Goog-Generation:
      - '1573073083980620'
      X-Goog-Hash:
      - crc32c=Su+F+g==,md5=bjhC5OCrzKV+8MGMCF2BQA==
      X-Goog-Metageneration:
      - '1'
      X-Goog-Storage-Class:
      - MULTI_REGIONAL
    status:
      code: 200
      message: OK
- request:
    body: null
    headers:
      Accept:
      - '*/*'
      Accept-Encoding:
      - gzip, deflate
      Connection:
      - keep-alive
    method: GET
    uri: https://www.googleapis.com/download/storage/v1/b/gcsfs-testing/o/test%2Faccounts.2.json?alt=media
  response:
    body:
      string: '{"amount": 500, "name": "Alice"}

        {"amount": 600, "name": "Bob"}

        {"amount": 700, "name": "Charlie"}

        {"amount": 800, "name": "Dennis"}

'
    headers:
      Cache-Control:
      - no-cache, no-store, max-age=0, must-revalidate
      Content-Disposition:
      - attachment
      Content-Length:
      - '133'
      Content-Type:
      - application/octet-stream
      ETag:
      - CMy2gfO51uUCEAE=
      Pragma:
      - no-cache
      Server:
      - UploadServer
      Vary:
      - Origin
      - X-Origin
      X-Goog-Generation:
      - '1573073083980620'
      X-Goog-Hash:
      - crc32c=Su+F+g==,md5=bjhC5OCrzKV+8MGMCF2BQA==
      X-Goog-Metageneration:
      - '1'
      X-Goog-Storage-Class:
      - MULTI_REGIONAL
    status:
      code: 200
      message: OK
- request:
    body: null
    headers:
      Accept:
      - '*/*'
      Accept-Encoding:
      - gzip, deflate
      Connection:
      - keep-alive
    method: GET
    uri: https://www.googleapis.com/storage/v1/b/gcsfs-testing/o/?delimiter=%2F
  response:
    body:
      string: "{\n  \"kind\": \"storage#objects\",\n  \"prefixes\": [\n    \"nested/\",\n
        \   \"test/\"\n  ],\n  \"items\": [\n    {\n      \"kind\": \"storage#object\",\n
        \     \"id\": \"gcsfs-testing/2014-01-01.csv/1573073084694277\",\n      \"selfLink\":
        \"https://www.googleapis.com/storage/v1/b/gcsfs-testing/o/2014-01-01.csv\",\n
        \     \"name\": \"2014-01-01.csv\",\n      \"bucket\": \"gcsfs-testing\",\n
        \     \"generation\": \"1573073084694277\",\n      \"metageneration\": \"1\",\n
        \     \"storageClass\": \"MULTI_REGIONAL\",\n      \"size\": \"51\",\n      \"md5Hash\":
        \"Auycd2AT7x5m8G1W0NXcuA==\",\n      \"mediaLink\": \"https://www.googleapis.com/download/storage/v1/b/gcsfs-testing/o/2014-01-01.csv?generation=1573073084694277&alt=media\",\n
        \     \"crc32c\": \"yR1u0w==\",\n      \"etag\": \"CIX+rPO51uUCEAE=\",\n      \"timeCreated\":
        \"2019-11-06T20:44:44.694Z\",\n      \"updated\": \"2019-11-06T20:44:44.694Z\",\n
        \     \"timeStorageClassUpdated\": \"2019-11-06T20:44:44.694Z\"\n    },\n
        \   {\n      \"kind\": \"storage#object\",\n      \"id\": \"gcsfs-testing/2014-01-02.csv/1573073085343570\",\n
        \     \"selfLink\": \"https://www.googleapis.com/storage/v1/b/gcsfs-testing/o/2014-01-02.csv\",\n
        \     \"name\": \"2014-01-02.csv\",\n      \"bucket\": \"gcsfs-testing\",\n
        \     \"generation\": \"1573073085343570\",\n      \"metageneration\": \"1\",\n
        \     \"storageClass\": \"MULTI_REGIONAL\",\n      \"size\": \"15\",\n      \"md5Hash\":
        \"cGwL6TebGKiJzgyNBJNb6Q==\",\n      \"mediaLink\": \"https://www.googleapis.com/download/storage/v1/b/gcsfs-testing/o/2014-01-02.csv?generation=1573073085343570&alt=media\",\n
        \     \"crc32c\": \"Mpt4QQ==\",\n      \"etag\": \"CNLO1PO51uUCEAE=\",\n      \"timeCreated\":
        \"2019-11-06T20:44:45.343Z\",\n      \"updated\": \"2019-11-06T20:44:45.343Z\",\n
        \     \"timeStorageClassUpdated\": \"2019-11-06T20:44:45.343Z\"\n    },\n
        \   {\n      \"kind\": \"storage#object\",\n      \"id\": \"gcsfs-testing/2014-01-03.csv/1573073086029422\",\n
        \     \"selfLink\": \"https://www.googleapis.com/storage/v1/b/gcsfs-testing/o/2014-01-03.csv\",\n
        \     \"name\": \"2014-01-03.csv\",\n      \"bucket\": \"gcsfs-testing\",\n
        \     \"generation\": \"1573073086029422\",\n      \"metageneration\": \"1\",\n
        \     \"storageClass\": \"MULTI_REGIONAL\",\n      \"size\": \"52\",\n      \"md5Hash\":
        \"9keZXdUu0YtMynECFSOiMg==\",\n      \"mediaLink\": \"https://www.googleapis.com/download/storage/v1/b/gcsfs-testing/o/2014-01-03.csv?generation=1573073086029422&alt=media\",\n
        \     \"crc32c\": \"x/fq7w==\",\n      \"etag\": \"CO68/vO51uUCEAE=\",\n      \"timeCreated\":
        \"2019-11-06T20:44:46.029Z\",\n      \"updated\": \"2019-11-06T20:44:46.029Z\",\n
        \     \"timeStorageClassUpdated\": \"2019-11-06T20:44:46.029Z\"\n    }\n  ]\n}\n"
    headers:
      Cache-Control:
      - private, max-age=0, must-revalidate, no-transform
      Content-Length:
      - '2464'
      Content-Type:
      - application/json; charset=UTF-8
      Server:
      - UploadServer
      Vary:
      - Origin
      - X-Origin
    status:
      code: 200
      message: OK
- request:
    body: null
    headers:
      Accept:
      - '*/*'
      Accept-Encoding:
      - gzip, deflate
      Connection:
      - keep-alive
    method: GET
    uri: https://www.googleapis.com/storage/v1/b/gcsfs-testing/o/?delimiter=%2F&prefix=nested
  response:
    body:
      string: "{\n  \"kind\": \"storage#objects\",\n  \"prefixes\": [\n    \"nested/\"\n
        \ ]\n}\n"
    headers:
      Cache-Control:
      - private, max-age=0, must-revalidate, no-transform
      Content-Length:
      - '67'
      Content-Type:
      - application/json; charset=UTF-8
      Server:
      - UploadServer
      Vary:
      - Origin
      - X-Origin
    status:
      code: 200
      message: OK
- request:
    body: null
    headers:
      Accept:
      - '*/*'
      Accept-Encoding:
      - gzip, deflate
      Connection:
      - keep-alive
    method: GET
    uri: https://www.googleapis.com/storage/v1/b/gcsfs-testing/o/?delimiter=%2F&prefix=nested%2F
  response:
    body:
      string: "{\n  \"kind\": \"storage#objects\",\n  \"prefixes\": [\n    \"nested/nested2/\"\n
        \ ],\n  \"items\": [\n    {\n      \"kind\": \"storage#object\",\n      \"id\":
        \"gcsfs-testing/nested/file1/1573073086908742\",\n      \"selfLink\": \"https://www.googleapis.com/storage/v1/b/gcsfs-testing/o/nested%2Ffile1\",\n
        \     \"name\": \"nested/file1\",\n      \"bucket\": \"gcsfs-testing\",\n
        \     \"generation\": \"1573073086908742\",\n      \"metageneration\": \"1\",\n
        \     \"storageClass\": \"MULTI_REGIONAL\",\n      \"size\": \"6\",\n      \"md5Hash\":
        \"sZRqySSS0jR8YjW00mERhA==\",\n      \"mediaLink\": \"https://www.googleapis.com/download/storage/v1/b/gcsfs-testing/o/nested%2Ffile1?generation=1573073086908742&alt=media\",\n
        \     \"crc32c\": \"NT3Yvg==\",\n      \"etag\": \"CMaStPS51uUCEAE=\",\n      \"timeCreated\":
        \"2019-11-06T20:44:46.908Z\",\n      \"updated\": \"2019-11-06T20:44:46.908Z\",\n
        \     \"timeStorageClassUpdated\": \"2019-11-06T20:44:46.908Z\"\n    },\n
        \   {\n      \"kind\": \"storage#object\",\n      \"id\": \"gcsfs-testing/nested/file2/1573073087555960\",\n
        \     \"selfLink\": \"https://www.googleapis.com/storage/v1/b/gcsfs-testing/o/nested%2Ffile2\",\n
        \     \"name\": \"nested/file2\",\n      \"bucket\": \"gcsfs-testing\",\n
        \     \"generation\": \"1573073087555960\",\n      \"metageneration\": \"1\",\n
        \     \"storageClass\": \"MULTI_REGIONAL\",\n      \"size\": \"5\",\n      \"md5Hash\":
        \"fXkwN6B2AYZXSwKC8vQ15w==\",\n      \"mediaLink\": \"https://www.googleapis.com/download/storage/v1/b/gcsfs-testing/o/nested%2Ffile2?generation=1573073087555960&alt=media\",\n
        \     \"crc32c\": \"MaqBTg==\",\n      \"etag\": \"CPjS2/S51uUCEAE=\",\n      \"timeCreated\":
        \"2019-11-06T20:44:47.555Z\",\n      \"updated\": \"2019-11-06T20:44:47.555Z\",\n
        \     \"timeStorageClassUpdated\": \"2019-11-06T20:44:47.555Z\"\n    }\n  ]\n}\n"
    headers:
      Cache-Control:
      - private, max-age=0, must-revalidate, no-transform
      Content-Length:
      - '1660'
      Content-Type:
      - application/json; charset=UTF-8
      Server:
      - UploadServer
      Vary:
      - Origin
      - X-Origin
    status:
      code: 200
      message: OK
- request:
    body: null
    headers:
      Accept:
      - '*/*'
      Accept-Encoding:
      - gzip, deflate
      Connection:
      - keep-alive
    method: GET
    uri: https://www.googleapis.com/storage/v1/b/gcsfs-testing/o/?delimiter=%2F&prefix=nested%2Fnested2
  response:
    body:
      string: "{\n  \"kind\": \"storage#objects\",\n  \"prefixes\": [\n    \"nested/nested2/\"\n
        \ ]\n}\n"
    headers:
      Cache-Control:
      - private, max-age=0, must-revalidate, no-transform
      Content-Length:
      - '75'
      Content-Type:
      - application/json; charset=UTF-8
      Server:
      - UploadServer
      Vary:
      - Origin
      - X-Origin
    status:
      code: 200
      message: OK
- request:
    body: null
    headers:
      Accept:
      - '*/*'
      Accept-Encoding:
      - gzip, deflate
      Connection:
      - keep-alive
    method: GET
    uri: https://www.googleapis.com/storage/v1/b/gcsfs-testing/o/?delimiter=%2F&prefix=nested%2Fnested2%2F
  response:
    body:
      string: "{\n  \"kind\": \"storage#objects\",\n  \"items\": [\n    {\n      \"kind\":
        \"storage#object\",\n      \"id\": \"gcsfs-testing/nested/nested2/file1/1573073088199501\",\n
        \     \"selfLink\": \"https://www.googleapis.com/storage/v1/b/gcsfs-testing/o/nested%2Fnested2%2Ffile1\",\n
        \     \"name\": \"nested/nested2/file1\",\n      \"bucket\": \"gcsfs-testing\",\n
        \     \"generation\": \"1573073088199501\",\n      \"metageneration\": \"1\",\n
        \     \"storageClass\": \"MULTI_REGIONAL\",\n      \"size\": \"6\",\n      \"md5Hash\":
        \"sZRqySSS0jR8YjW00mERhA==\",\n      \"mediaLink\": \"https://www.googleapis.com/download/storage/v1/b/gcsfs-testing/o/nested%2Fnested2%2Ffile1?generation=1573073088199501&alt=media\",\n
        \     \"crc32c\": \"NT3Yvg==\",\n      \"etag\": \"CM32gvW51uUCEAE=\",\n      \"timeCreated\":
        \"2019-11-06T20:44:48.199Z\",\n      \"updated\": \"2019-11-06T20:44:48.199Z\",\n
        \     \"timeStorageClassUpdated\": \"2019-11-06T20:44:48.199Z\"\n    },\n
        \   {\n      \"kind\": \"storage#object\",\n      \"id\": \"gcsfs-testing/nested/nested2/file2/1573073089097814\",\n
        \     \"selfLink\": \"https://www.googleapis.com/storage/v1/b/gcsfs-testing/o/nested%2Fnested2%2Ffile2\",\n
        \     \"name\": \"nested/nested2/file2\",\n      \"bucket\": \"gcsfs-testing\",\n
        \     \"generation\": \"1573073089097814\",\n      \"metageneration\": \"1\",\n
        \     \"storageClass\": \"MULTI_REGIONAL\",\n      \"size\": \"5\",\n      \"md5Hash\":
        \"fXkwN6B2AYZXSwKC8vQ15w==\",\n      \"mediaLink\": \"https://www.googleapis.com/download/storage/v1/b/gcsfs-testing/o/nested%2Fnested2%2Ffile2?generation=1573073089097814&alt=media\",\n
        \     \"crc32c\": \"MaqBTg==\",\n      \"etag\": \"CNbgufW51uUCEAE=\",\n      \"timeCreated\":
        \"2019-11-06T20:44:49.097Z\",\n      \"updated\": \"2019-11-06T20:44:49.097Z\",\n
        \     \"timeStorageClassUpdated\": \"2019-11-06T20:44:49.097Z\"\n    }\n  ]\n}\n"
    headers:
      Cache-Control:
      - private, max-age=0, must-revalidate, no-transform
      Content-Length:
      - '1689'
      Content-Type:
      - application/json; charset=UTF-8
      Server:
      - UploadServer
      Vary:
      - Origin
      - X-Origin
    status:
      code: 200
      message: OK
- request:
    body: null
    headers:
      Accept:
      - '*/*'
      Accept-Encoding:
      - gzip, deflate
      Connection:
      - keep-alive
    method: GET
    uri: https://www.googleapis.com/storage/v1/b/gcsfs-testing/o/?delimiter=%2F&prefix=test
  response:
    body:
      string: "{\n  \"kind\": \"storage#objects\",\n  \"prefixes\": [\n    \"test/\"\n
        \ ]\n}\n"
    headers:
      Cache-Control:
      - private, max-age=0, must-revalidate, no-transform
      Content-Length:
      - '65'
      Content-Type:
      - application/json; charset=UTF-8
      Server:
      - UploadServer
      Vary:
      - Origin
      - X-Origin
    status:
      code: 200
      message: OK
- request:
    body: null
    headers:
      Accept:
      - '*/*'
      Accept-Encoding:
      - gzip, deflate
      Connection:
      - keep-alive
    method: GET
    uri: https://www.googleapis.com/storage/v1/b/gcsfs-testing/o/?delimiter=%2F&prefix=test%2F
  response:
    body:
      string: "{\n  \"kind\": \"storage#objects\",\n  \"items\": [\n    {\n      \"kind\":
        \"storage#object\",\n      \"id\": \"gcsfs-testing/test/accounts.1.json/1573073082957217\",\n
        \     \"selfLink\": \"https://www.googleapis.com/storage/v1/b/gcsfs-testing/o/test%2Faccounts.1.json\",\n
        \     \"name\": \"test/accounts.1.json\",\n      \"bucket\": \"gcsfs-testing\",\n
        \     \"generation\": \"1573073082957217\",\n      \"metageneration\": \"1\",\n
        \     \"storageClass\": \"MULTI_REGIONAL\",\n      \"size\": \"133\",\n      \"md5Hash\":
        \"xK7pmJz/Oj5HGIyfQpYTig==\",\n      \"mediaLink\": \"https://www.googleapis.com/download/storage/v1/b/gcsfs-testing/o/test%2Faccounts.1.json?generation=1573073082957217&alt=media\",\n
        \     \"crc32c\": \"6wJAgQ==\",\n      \"etag\": \"CKH7wvK51uUCEAE=\",\n      \"timeCreated\":
        \"2019-11-06T20:44:42.956Z\",\n      \"updated\": \"2019-11-06T20:44:42.956Z\",\n
        \     \"timeStorageClassUpdated\": \"2019-11-06T20:44:42.956Z\"\n    },\n
        \   {\n      \"kind\": \"storage#object\",\n      \"id\": \"gcsfs-testing/test/accounts.2.json/1573073083980620\",\n
        \     \"selfLink\": \"https://www.googleapis.com/storage/v1/b/gcsfs-testing/o/test%2Faccounts.2.json\",\n
        \     \"name\": \"test/accounts.2.json\",\n      \"bucket\": \"gcsfs-testing\",\n
        \     \"generation\": \"1573073083980620\",\n      \"metageneration\": \"1\",\n
        \     \"storageClass\": \"MULTI_REGIONAL\",\n      \"size\": \"133\",\n      \"md5Hash\":
        \"bjhC5OCrzKV+8MGMCF2BQA==\",\n      \"mediaLink\": \"https://www.googleapis.com/download/storage/v1/b/gcsfs-testing/o/test%2Faccounts.2.json?generation=1573073083980620&alt=media\",\n
        \     \"crc32c\": \"Su+F+g==\",\n      \"etag\": \"CMy2gfO51uUCEAE=\",\n      \"timeCreated\":
        \"2019-11-06T20:44:43.980Z\",\n      \"updated\": \"2019-11-06T20:44:43.980Z\",\n
        \     \"timeStorageClassUpdated\": \"2019-11-06T20:44:43.980Z\"\n    }\n  ]\n}\n"
    headers:
      Cache-Control:
      - private, max-age=0, must-revalidate, no-transform
      Content-Length:
      - '1685'
      Content-Type:
      - application/json; charset=UTF-8
      Server:
      - UploadServer
      Vary:
      - Origin
      - X-Origin
    status:
      code: 200
      message: OK
- request:
    body: null
    headers:
      Accept:
      - '*/*'
      Accept-Encoding:
      - gzip, deflate
      Connection:
      - keep-alive
      Content-Length:
      - '0'
    method: DELETE
    uri: https://www.googleapis.com/storage/v1/b/gcsfs-testing/o/2014-01-01.csv
  response:
    body:
      string: ''
    headers:
      Cache-Control:
      - no-cache, no-store, max-age=0, must-revalidate
      Content-Length:
      - '0'
      Content-Type:
      - application/json
      Pragma:
      - no-cache
      Server:
      - UploadServer
      Vary:
      - Origin
      - X-Origin
    status:
      code: 204
      message: No Content
- request:
    body: null
    headers:
      Accept:
      - '*/*'
      Accept-Encoding:
      - gzip, deflate
      Connection:
      - keep-alive
      Content-Length:
      - '0'
    method: DELETE
    uri: https://www.googleapis.com/storage/v1/b/gcsfs-testing/o/2014-01-02.csv
  response:
    body:
      string: ''
    headers:
      Cache-Control:
      - no-cache, no-store, max-age=0, must-revalidate
      Content-Length:
      - '0'
      Content-Type:
      - application/json
      Pragma:
      - no-cache
      Server:
      - UploadServer
      Vary:
      - Origin
      - X-Origin
    status:
      code: 204
      message: No Content
- request:
    body: null
    headers:
      Accept:
      - '*/*'
      Accept-Encoding:
      - gzip, deflate
      Connection:
      - keep-alive
      Content-Length:
      - '0'
    method: DELETE
    uri: https://www.googleapis.com/storage/v1/b/gcsfs-testing/o/2014-01-03.csv
  response:
    body:
      string: ''
    headers:
      Cache-Control:
      - no-cache, no-store, max-age=0, must-revalidate
      Content-Length:
      - '0'
      Content-Type:
      - application/json
      Pragma:
      - no-cache
      Server:
      - UploadServer
      Vary:
      - Origin
      - X-Origin
    status:
      code: 204
      message: No Content
- request:
    body: null
    headers:
      Accept:
      - '*/*'
      Accept-Encoding:
      - gzip, deflate
      Connection:
      - keep-alive
      Content-Length:
      - '0'
    method: DELETE
    uri: https://www.googleapis.com/storage/v1/b/gcsfs-testing/o/nested%2Ffile1
  response:
    body:
      string: ''
    headers:
      Cache-Control:
      - no-cache, no-store, max-age=0, must-revalidate
      Content-Length:
      - '0'
      Content-Type:
      - application/json
      Pragma:
      - no-cache
      Server:
      - UploadServer
      Vary:
      - Origin
      - X-Origin
    status:
      code: 204
      message: No Content
- request:
    body: null
    headers:
      Accept:
      - '*/*'
      Accept-Encoding:
      - gzip, deflate
      Connection:
      - keep-alive
      Content-Length:
      - '0'
    method: DELETE
    uri: https://www.googleapis.com/storage/v1/b/gcsfs-testing/o/nested%2Ffile2
  response:
    body:
      string: ''
    headers:
      Cache-Control:
      - no-cache, no-store, max-age=0, must-revalidate
      Content-Length:
      - '0'
      Content-Type:
      - application/json
      Pragma:
      - no-cache
      Server:
      - UploadServer
      Vary:
      - Origin
      - X-Origin
    status:
      code: 204
      message: No Content
- request:
    body: null
    headers:
      Accept:
      - '*/*'
      Accept-Encoding:
      - gzip, deflate
      Connection:
      - keep-alive
      Content-Length:
      - '0'
    method: DELETE
    uri: https://www.googleapis.com/storage/v1/b/gcsfs-testing/o/nested%2Fnested2%2Ffile1
  response:
    body:
      string: ''
    headers:
      Cache-Control:
      - no-cache, no-store, max-age=0, must-revalidate
      Content-Length:
      - '0'
      Content-Type:
      - application/json
      Pragma:
      - no-cache
      Server:
      - UploadServer
      Vary:
      - Origin
      - X-Origin
    status:
      code: 204
      message: No Content
- request:
    body: null
    headers:
      Accept:
      - '*/*'
      Accept-Encoding:
      - gzip, deflate
      Connection:
      - keep-alive
      Content-Length:
      - '0'
    method: DELETE
    uri: https://www.googleapis.com/storage/v1/b/gcsfs-testing/o/nested%2Fnested2%2Ffile2
  response:
    body:
      string: ''
    headers:
      Cache-Control:
      - no-cache, no-store, max-age=0, must-revalidate
      Content-Length:
      - '0'
      Content-Type:
      - application/json
      Pragma:
      - no-cache
      Server:
      - UploadServer
      Vary:
      - Origin
      - X-Origin
    status:
      code: 204
      message: No Content
- request:
    body: null
    headers:
      Accept:
      - '*/*'
      Accept-Encoding:
      - gzip, deflate
      Connection:
      - keep-alive
      Content-Length:
      - '0'
    method: DELETE
    uri: https://www.googleapis.com/storage/v1/b/gcsfs-testing/o/test%2Faccounts.1.json
  response:
    body:
      string: ''
    headers:
      Cache-Control:
      - no-cache, no-store, max-age=0, must-revalidate
      Content-Length:
      - '0'
      Content-Type:
      - application/json
      Pragma:
      - no-cache
      Server:
      - UploadServer
      Vary:
      - Origin
      - X-Origin
    status:
      code: 204
      message: No Content
- request:
    body: null
    headers:
      Accept:
      - '*/*'
      Accept-Encoding:
      - gzip, deflate
      Connection:
      - keep-alive
      Content-Length:
      - '0'
    method: DELETE
    uri: https://www.googleapis.com/storage/v1/b/gcsfs-testing/o/test%2Faccounts.2.json
  response:
    body:
      string: ''
    headers:
      Cache-Control:
      - no-cache, no-store, max-age=0, must-revalidate
      Content-Length:
      - '0'
      Content-Type:
      - application/json
      Pragma:
      - no-cache
      Server:
      - UploadServer
      Vary:
      - Origin
      - X-Origin
    status:
      code: 204
      message: No Content
version: 1
